
R version 4.5.2 (2025-10-31) -- "[Not] Part in a Rumble"
Copyright (C) 2025 The R Foundation for Statistical Computing
Platform: x86_64-pc-linux-gnu

R is free software and comes with ABSOLUTELY NO WARRANTY.
You are welcome to redistribute it under certain conditions.
Type 'license()' or 'licence()' for distribution details.

R is a collaborative project with many contributors.
Type 'contributors()' for more information and
'citation()' on how to cite R or R packages in publications.

Type 'demo()' for some demos, 'help()' for on-line help, or
'help.start()' for an HTML browser interface to help.
Type 'q()' to quit R.

> devtools::load_all(); devtools::test()
ℹ Loading projr
using C compiler: ‘gcc (Ubuntu 13.3.0-6ubuntu2~24.04) 13.3.0’
gcc -std=gnu2x -I"/opt/R/4.5.2/lib/R/include" -DNDEBUG   -I/usr/local/include    -fpic  -g -O2  -c renv.c -o renv.o
gcc -std=gnu2x -shared -L/opt/R/4.5.2/lib/R/lib -L/usr/local/lib -o renv.so renv.o -L/opt/R/4.5.2/lib/R/lib -lR
ℹ Testing projr
✔ | F W  S  OK | Context

⠏ |          0 | auth                                                           v Setting active project to
  "/tmp/RtmpGmYzDU/ProjrGitHubTesttest_projr-1.29067".

⠋ |          1 | auth                                                           v Setting active project to "<no active project>".
v Setting active project to
  "/tmp/RtmpGmYzDU/ProjrGitHubTesttest_projr0.380102".
v Setting active project to "<no active project>".

⠼ |      1   4 | auth                                                           
✔ |      4  20 | auth

⠏ |          0 | build-change-summary-integration                               Creating standard artefact directories.
Initialised raw, cache and output directories.

⠙ |      1   1 | build-change-summary-integration                               Creating standard artefact directories.
Initialised raw, cache and output directories.

⠇ |      1   8 | build-change-summary-integration                               
✔ |      1   9 | build-change-summary-integration

⠏ |          0 | build-change-summary                                           Creating standard artefact directories.
Initialised raw, cache and output directories.

⠹ |          3 | build-change-summary                                           Creating standard artefact directories.
Initialised raw, cache and output directories.
Creating standard artefact directories.
Initialised raw, cache and output directories.
Creating standard artefact directories.
Initialised raw, cache and output directories.

⠦ |          7 | build-change-summary                                           Creating standard artefact directories.
Initialised raw, cache and output directories.

⠋ |         11 | build-change-summary                                           Creating standard artefact directories.
Initialised raw, cache and output directories.

⠹ |         13 | build-change-summary                                           Creating standard artefact directories.
Initialised raw, cache and output directories.

⠼ |         15 | build-change-summary                                           Creating standard artefact directories.
Initialised raw, cache and output directories.

⠧ |         18 | build-change-summary                                           Creating standard artefact directories.
Initialised raw, cache and output directories.

⠏ |         20 | build-change-summary                                           Creating standard artefact directories.
Initialised raw, cache and output directories.

⠙ |         22 | build-change-summary                                           Creating standard artefact directories.
Initialised raw, cache and output directories.

⠏ |         30 | build-change-summary                                           Creating standard artefact directories.
Initialised raw, cache and output directories.

⠹ |         33 | build-change-summary                                           Creating standard artefact directories.
Initialised raw, cache and output directories.
[DEBUG] No changes detected since previous build
[DEBUG] **Inputs Changes (v0.0.1 -> v0.0.2)**
[DEBUG] - No changes detected in inputs
[DEBUG] **Outputs Changes (v0.0.1 -> v0.0.2)**
[DEBUG] - `docs`:
[DEBUG] - 1 added
[DEBUG] - Added:
[DEBUG] - `output`:
[DEBUG] - 3 added
[DEBUG] - Added: abc.txt, subdir1/def.txt, subdir1/subdir2/ghi.txt

⠴ |         36 | build-change-summary                                           
✔ |         36 | build-change-summary [1.5s]

⠏ |          0 | build-copy                                                     
⠋ |          1 | build-copy                                                     
⠇ |          9 | build-copy                                                     
⠼ |         25 | build-copy                                                     Creating standard artefact directories.
Initialised raw, cache and output directories.

⠦ |         27 | build-copy                                                     
⠹ |         33 | build-copy                                                     
⠸ |         34 | build-copy                                                     
⠴ |         56 | build-copy                                                     
⠸ |         64 | build-copy                                                     
⠋ |         71 | build-copy                                                     v Setting active project to
  "/tmp/RtmpGmYzDU/ProjrGitHubTesttest_projr-1.00676".
i Using rendering engine: bookdown
Rendering book in directory '.'


processing file: reportV0.0.0-1.Rmd
1/3                  
2/3 [unnamed-chunk-1]
3/3                  
output file: reportV0.0.0-1.knit.md

/usr/bin/pandoc +RTS -K512m -RTS reportV0.0.0-1.knit.md --to html4 --from markdown+autolink_bare_uris+tex_math_single_backslash --output reportV0.0.0-1.html --lua-filter /home/runner/work/_temp/Library/bookdown/rmarkdown/lua/custom-environment.lua --lua-filter /home/runner/work/_temp/Library/rmarkdown/rmarkdown/lua/pagebreak.lua --lua-filter /home/runner/work/_temp/Library/rmarkdown/rmarkdown/lua/latex-div.lua --lua-filter /home/runner/work/_temp/Library/rmarkdown/rmarkdown/lua/anchor-sections.lua --metadata-file /tmp/RtmpGmYzDU/file23e84c7aa92 --wrap preserve --standalone --section-divs --table-of-contents --toc-depth 6 --template /home/runner/work/_temp/Library/bookdown/templates/gitbook.html --highlight-style pygments --number-sections --css style.css --mathjax --include-in-header /tmp/RtmpGmYzDU/rmarkdown-str23e84356ea98.html 

Output created: docs/reportV0.0.0-1/index.html

⠼ |         75 | build-copy                                                     i Using rendering engine: rmd


processing file: index.Rmd
1/2                  
2/2 [unnamed-chunk-1]
output file: index.knit.md

/usr/bin/pandoc +RTS -K512m -RTS index.knit.md --to html4 --from markdown+autolink_bare_uris+tex_math_single_backslash --output index.html --lua-filter /home/runner/work/_temp/Library/rmarkdown/rmarkdown/lua/pagebreak.lua --lua-filter /home/runner/work/_temp/Library/rmarkdown/rmarkdown/lua/latex-div.lua --embed-resources --standalone --variable bs3=TRUE --section-divs --template /home/runner/work/_temp/Library/rmarkdown/rmd/h/default.html --no-highlight --variable highlightjs=1 --variable theme=bootstrap --mathjax --variable 'mathjax-url=https://mathjax.rstudio.com/latest/MathJax.js?config=TeX-AMS-MML_HTMLorMML' --include-in-header /tmp/RtmpGmYzDU/rmarkdown-str23e8457b47a5.html 

Output created: index.html

⠴ |         76 | build-copy                                                     i Using rendering engine: quarto_document
[1mpandoc [22m
  to: html
  output-file: quarto.html
  standalone: true
  section-divs: true
  html-math-method: mathjax
  wrap: none
  default-image-extension: png
  variables: {}
  
[1mmetadata[22m
  document-css: false
  link-citations: true
  date-format: long
  lang: en
  title: quarto
  
Output created: quarto.html


⠦ |         77 | build-copy                                                     i Using rendering engine: quarto_document
[1mpandoc [22m
  to: html
  output-file: quarto.html
  standalone: true
  section-divs: true
  html-math-method: mathjax
  wrap: none
  default-image-extension: png
  variables: {}
  
[1mmetadata[22m
  document-css: false
  link-citations: true
  date-format: long
  lang: en
  title: quarto
  
Output created: quarto.html


⠧ |         78 | build-copy                                                     v Setting active project to "<no active project>".

⠙ |         82 | build-copy                                                     
⠹ |         83 | build-copy                                                     
⠴ |         86 | build-copy                                                     
✔ |         87 | build-copy [8.3s]

⠏ |          0 | build-post-comprehensive                                       v Setting active project to "/tmp/RtmpGmYzDU/ProjrGitHubTesttest_projr1.06584".
v Setting active project to "<no active project>".
v Setting active project to
  "/tmp/RtmpGmYzDU/ProjrGitHubTesttest_projr-0.179652".
Bookdown output directory not found: _tmp/projr/v0.0.0-1/docs

⠹ |          3 | build-post-comprehensive                                       v Setting active project to "<no active project>".
v Setting active project to
  "/tmp/RtmpGmYzDU/ProjrGitHubTesttest_projr-0.0715181".
v Setting active project to "<no active project>".
v Setting active project to
  "/tmp/RtmpGmYzDU/ProjrGitHubTesttest_projr-0.0259268".
v Setting active project to "<no active project>".

⠧ |          8 | build-post-comprehensive                                       Copied bookdown output from _tmp/projr/v0.0.1/_book to _book

⠋ |         11 | build-post-comprehensive                                       Copied quarto project output from _tmp/projr/v0.0.1/docs to docs
v Setting active project to "/tmp/RtmpGmYzDU/ProjrGitHubTesttest_projr1.66276".
v Setting active project to "<no active project>".
v Setting active project to "/tmp/RtmpGmYzDU/ProjrGitHubTesttest_projr1.00559".

⠧ |         18 | build-post-comprehensive                                       v Setting active project to "<no active project>".
v Setting active project to
  "/tmp/RtmpGmYzDU/ProjrGitHubTesttest_projr-0.532931".
v Setting active project to "<no active project>".
v Setting active project to "/tmp/RtmpGmYzDU/ProjrGitHubTesttest_projr1.28525".
v Setting active project to "<no active project>".

⠹ |      1  22 | build-post-comprehensive                                       v Setting active project to
  "/tmp/RtmpGmYzDU/ProjrGitHubTesttest_projr-0.301529".
v Setting active project to "<no active project>".
Copied bookdown output from _tmp/projr/v0.0.1/_book to docs

⠏ |      1  29 | build-post-comprehensive                                       Quarto output directory not found: _tmp/projr/v0.0.1/docs
Copied bookdown output from _tmp/projr/v0.0.1/_book to _book
v Setting active project to "/tmp/RtmpGmYzDU/ProjrGitHubTesttest_projr-1.8458".
v Setting active project to "<no active project>".
v Setting active project to
  "/tmp/RtmpGmYzDU/ProjrGitHubTesttest_projr-0.408825".

⠸ |      1  33 | build-post-comprehensive                                       v Setting active project to "<no active project>".

⠦ |      1  36 | build-post-comprehensive                                       v Setting active project to
  "/tmp/RtmpGmYzDU/ProjrGitHubTesttest_projr0.0198753".

⠹ |      1  42 | build-post-comprehensive                                       v Setting active project to "<no active project>".

✔ |      1  42 | build-post-comprehensive [1.1s]

⠏ |          0 | build-pre-clear-comprehensive                                  
⠸ |          4 | build-pre-clear-comprehensive                                  
⠦ |          7 | build-pre-clear-comprehensive                                  
⠏ |         10 | build-pre-clear-comprehensive                                  
⠸ |         14 | build-pre-clear-comprehensive                                  
⠴ |         16 | build-pre-clear-comprehensive                                  
⠏ |         20 | build-pre-clear-comprehensive                                  
⠦ |         27 | build-pre-clear-comprehensive                                  
⠸ |         34 | build-pre-clear-comprehensive                                  
⠼ |         35 | build-pre-clear-comprehensive                                  
⠏ |         40 | build-pre-clear-comprehensive                                  
✔ |         43 | build-pre-clear-comprehensive [1.4s]

⠏ |          0 | build                                                          Rendering book in directory '.'


processing file: reportV0.0.0-1.Rmd
1/3                  
2/3 [unnamed-chunk-1]
3/3                  
output file: reportV0.0.0-1.knit.md

/usr/bin/pandoc +RTS -K512m -RTS reportV0.0.0-1.knit.md --to html4 --from markdown+autolink_bare_uris+tex_math_single_backslash --output reportV0.0.0-1.html --lua-filter /home/runner/work/_temp/Library/bookdown/rmarkdown/lua/custom-environment.lua --lua-filter /home/runner/work/_temp/Library/rmarkdown/rmarkdown/lua/pagebreak.lua --lua-filter /home/runner/work/_temp/Library/rmarkdown/rmarkdown/lua/latex-div.lua --lua-filter /home/runner/work/_temp/Library/rmarkdown/rmarkdown/lua/anchor-sections.lua --metadata-file /tmp/RtmpGmYzDU/file23e8a4e5ca8 --wrap preserve --standalone --section-divs --table-of-contents --toc-depth 6 --template /home/runner/work/_temp/Library/bookdown/templates/gitbook.html --highlight-style pygments --number-sections --css style.css --mathjax --include-in-header /tmp/RtmpGmYzDU/rmarkdown-str23e84822187b.html 

Output created: docs/reportV0.0.0-1/index.html

⠋ |          1 | build                                                          
-- Output Build: Pre-Build Preparation -----------------------------------------
* Checking prerequisites (Git, GitHub, upstream)
* Updating documentation and version information
* Running pre-build hooks
* Committing pre-build changes to Git
[master 2f0b2a4] Snapshot pre-build
 5 files changed, 39 insertions(+), 15 deletions(-)
v Pre-build preparation completed

-- Output Build: Build ---------------------------------------------------------
i Using rendering engine: bookdown
Rendering book in directory '.'


processing file: reportV0.0.0-1.Rmd
1/3                  
2/3 [unnamed-chunk-1]
3/3                  
output file: reportV0.0.0-1.knit.md

/usr/bin/pandoc +RTS -K512m -RTS reportV0.0.0-1.knit.md --to html4 --from markdown+autolink_bare_uris+tex_math_single_backslash --output reportV0.0.0-1.html --lua-filter /home/runner/work/_temp/Library/bookdown/rmarkdown/lua/custom-environment.lua --lua-filter /home/runner/work/_temp/Library/rmarkdown/rmarkdown/lua/pagebreak.lua --lua-filter /home/runner/work/_temp/Library/rmarkdown/rmarkdown/lua/latex-div.lua --lua-filter /home/runner/work/_temp/Library/rmarkdown/rmarkdown/lua/anchor-sections.lua --metadata-file /tmp/RtmpGmYzDU/file23e8403b5672 --wrap preserve --standalone --section-divs --table-of-contents --toc-depth 6 --template /home/runner/work/_temp/Library/bookdown/templates/gitbook.html --highlight-style pygments --number-sections --css style.css --mathjax --include-in-header /tmp/RtmpGmYzDU/rmarkdown-str23e84ba9bb25.html 

Output created: _tmp/projr/v0.0.1/docs/index.html
v Document rendering completed

-- Output Build: Post-Build ----------------------------------------------------
* Finalizing build artifacts
Copied bookdown output from _tmp/projr/v0.0.1/docs to docs
* Updating documentation and metadata
* Committing post-build changes to Git
[master 64c905a] Build v0.0.1: test
 4 files changed, 124 insertions(+), 1 deletion(-)
 create mode 100644 BUILDLOG.md
 create mode 100644 CHANGELOG.md
 create mode 100644 manifest.csv
* Sending artifacts to remote destinations
* Running post-build hooks
* Pushing to Git remote
v Post-build completed successfully

⠹ |          3 | build                                                          
-- Output Build: Pre-Build Preparation -----------------------------------------
* Checking prerequisites (Git, GitHub, upstream)
* Updating documentation and version information
* Running pre-build hooks
* Committing pre-build changes to Git
[master 562c229] Snapshot pre-build
 3 files changed, 5 insertions(+), 2 deletions(-)
v Pre-build preparation completed

-- Output Build: Build ---------------------------------------------------------
i Using rendering engine: bookdown
Rendering book in directory '.'


processing file: reportV0.0.0-1.Rmd
1/3                  
2/3 [unnamed-chunk-1]
3/3                  
output file: reportV0.0.0-1.knit.md

/usr/bin/pandoc +RTS -K512m -RTS reportV0.0.0-1.knit.md --to html4 --from markdown+autolink_bare_uris+tex_math_single_backslash --output reportV0.0.0-1.html --lua-filter /home/runner/work/_temp/Library/bookdown/rmarkdown/lua/custom-environment.lua --lua-filter /home/runner/work/_temp/Library/rmarkdown/rmarkdown/lua/pagebreak.lua --lua-filter /home/runner/work/_temp/Library/rmarkdown/rmarkdown/lua/latex-div.lua --lua-filter /home/runner/work/_temp/Library/rmarkdown/rmarkdown/lua/anchor-sections.lua --metadata-file /tmp/RtmpGmYzDU/file23e8255fb2f7 --wrap preserve --standalone --section-divs --table-of-contents --toc-depth 6 --template /home/runner/work/_temp/Library/bookdown/templates/gitbook.html --highlight-style pygments --number-sections --css style.css --mathjax --include-in-header /tmp/RtmpGmYzDU/rmarkdown-str23e86bf574ce.html 

Output created: _tmp/projr/v0.1.0/docs/index.html
v Document rendering completed

-- Output Build: Post-Build ----------------------------------------------------
* Finalizing build artifacts
Copied bookdown output from _tmp/projr/v0.1.0/docs to docs
* Updating documentation and metadata
* Committing post-build changes to Git
[master bf2ad52] Build v0.1.0: test
 4 files changed, 119 insertions(+), 1 deletion(-)
* Sending artifacts to remote destinations
* Running post-build hooks
* Pushing to Git remote
v Post-build completed successfully

-- Output Build: Pre-Build Preparation -----------------------------------------
* Checking prerequisites (Git, GitHub, upstream)
* Updating documentation and version information
* Running pre-build hooks
* Committing pre-build changes to Git
[master fb66bff] Snapshot pre-build
 5 files changed, 39 insertions(+), 15 deletions(-)
v Pre-build preparation completed

-- Output Build: Build ---------------------------------------------------------
i Using rendering engine: bookdown
Rendering book in directory '.'


processing file: reportV0.0.0-1.Rmd
1/3                  
2/3 [unnamed-chunk-1]
3/3                  
output file: reportV0.0.0-1.knit.md

/usr/bin/pandoc +RTS -K512m -RTS reportV0.0.0-1.knit.md --to html4 --from markdown+autolink_bare_uris+tex_math_single_backslash --output reportV0.0.0-1.html --lua-filter /home/runner/work/_temp/Library/bookdown/rmarkdown/lua/custom-environment.lua --lua-filter /home/runner/work/_temp/Library/rmarkdown/rmarkdown/lua/pagebreak.lua --lua-filter /home/runner/work/_temp/Library/rmarkdown/rmarkdown/lua/latex-div.lua --lua-filter /home/runner/work/_temp/Library/rmarkdown/rmarkdown/lua/anchor-sections.lua --metadata-file /tmp/RtmpGmYzDU/file23e818ae6677 --wrap preserve --standalone --section-divs --table-of-contents --toc-depth 6 --template /home/runner/work/_temp/Library/bookdown/templates/gitbook.html --highlight-style pygments --number-sections --css style.css --mathjax --include-in-header /tmp/RtmpGmYzDU/rmarkdown-str23e8d092b55.html 

Output created: _tmp/projr/v1.2.4/docs/index.html
v Document rendering completed

-- Output Build: Post-Build ----------------------------------------------------
* Finalizing build artifacts
Copied bookdown output from _tmp/projr/v1.2.4/docs to docs
* Updating documentation and metadata
* Committing post-build changes to Git
[master ebeca18] Build v1.2.4: Patch bump test
 4 files changed, 124 insertions(+), 1 deletion(-)
 create mode 100644 BUILDLOG.md
 create mode 100644 CHANGELOG.md
 create mode 100644 manifest.csv
* Sending artifacts to remote destinations
* Running post-build hooks
* Pushing to Git remote
v Post-build completed successfully

⠼ |          5 | build                                                          
-- Output Build: Pre-Build Preparation -----------------------------------------
* Checking prerequisites (Git, GitHub, upstream)
* Updating documentation and version information
* Running pre-build hooks
* Committing pre-build changes to Git
[master e94e828] Snapshot pre-build
 3 files changed, 5 insertions(+), 2 deletions(-)
v Pre-build preparation completed

-- Output Build: Build ---------------------------------------------------------
i Using rendering engine: bookdown
Rendering book in directory '.'


processing file: reportV0.0.0-1.Rmd
1/3                  
2/3 [unnamed-chunk-1]
3/3                  
output file: reportV0.0.0-1.knit.md

/usr/bin/pandoc +RTS -K512m -RTS reportV0.0.0-1.knit.md --to html4 --from markdown+autolink_bare_uris+tex_math_single_backslash --output reportV0.0.0-1.html --lua-filter /home/runner/work/_temp/Library/bookdown/rmarkdown/lua/custom-environment.lua --lua-filter /home/runner/work/_temp/Library/rmarkdown/rmarkdown/lua/pagebreak.lua --lua-filter /home/runner/work/_temp/Library/rmarkdown/rmarkdown/lua/latex-div.lua --lua-filter /home/runner/work/_temp/Library/rmarkdown/rmarkdown/lua/anchor-sections.lua --metadata-file /tmp/RtmpGmYzDU/file23e877f10c75 --wrap preserve --standalone --section-divs --table-of-contents --toc-depth 6 --template /home/runner/work/_temp/Library/bookdown/templates/gitbook.html --highlight-style pygments --number-sections --css style.css --mathjax --include-in-header /tmp/RtmpGmYzDU/rmarkdown-str23e85f7a36e9.html 

Output created: _tmp/projr/v1.3.0/docs/index.html
v Document rendering completed

-- Output Build: Post-Build ----------------------------------------------------
* Finalizing build artifacts
Copied bookdown output from _tmp/projr/v1.3.0/docs to docs
* Updating documentation and metadata
* Committing post-build changes to Git
[master 1cf6388] Build v1.3.0: Minor bump test
 4 files changed, 119 insertions(+), 1 deletion(-)
* Sending artifacts to remote destinations
* Running post-build hooks
* Pushing to Git remote
v Post-build completed successfully

⠴ |          6 | build                                                          
-- Output Build: Pre-Build Preparation -----------------------------------------
* Checking prerequisites (Git, GitHub, upstream)
* Updating documentation and version information
* Running pre-build hooks
* Committing pre-build changes to Git
[master b95b035] Snapshot pre-build
 2 files changed, 2 insertions(+), 2 deletions(-)
v Pre-build preparation completed

-- Output Build: Build ---------------------------------------------------------
i Using rendering engine: bookdown
Rendering book in directory '.'


processing file: reportV0.0.0-1.Rmd
1/3                  
2/3 [unnamed-chunk-1]
3/3                  
output file: reportV0.0.0-1.knit.md

/usr/bin/pandoc +RTS -K512m -RTS reportV0.0.0-1.knit.md --to html4 --from markdown+autolink_bare_uris+tex_math_single_backslash --output reportV0.0.0-1.html --lua-filter /home/runner/work/_temp/Library/bookdown/rmarkdown/lua/custom-environment.lua --lua-filter /home/runner/work/_temp/Library/rmarkdown/rmarkdown/lua/pagebreak.lua --lua-filter /home/runner/work/_temp/Library/rmarkdown/rmarkdown/lua/latex-div.lua --lua-filter /home/runner/work/_temp/Library/rmarkdown/rmarkdown/lua/anchor-sections.lua --metadata-file /tmp/RtmpGmYzDU/file23e856a13f2 --wrap preserve --standalone --section-divs --table-of-contents --toc-depth 6 --template /home/runner/work/_temp/Library/bookdown/templates/gitbook.html --highlight-style pygments --number-sections --css style.css --mathjax --include-in-header /tmp/RtmpGmYzDU/rmarkdown-str23e850dbd10e.html 

Output created: _tmp/projr/v2.0.0/docs/index.html
v Document rendering completed

-- Output Build: Post-Build ----------------------------------------------------
* Finalizing build artifacts
Copied bookdown output from _tmp/projr/v2.0.0/docs to docs
* Updating documentation and metadata
* Committing post-build changes to Git
[master 8d6a0bb] Build v2.0.0: Major bump test
 4 files changed, 133 insertions(+), 1 deletion(-)
* Sending artifacts to remote destinations
* Running post-build hooks
* Pushing to Git remote
v Post-build completed successfully

⠦ |          7 | build                                                          
-- Output Build: Pre-Build Preparation -----------------------------------------
* Checking prerequisites (Git, GitHub, upstream)
* Updating documentation and version information
* Running pre-build hooks
* Committing pre-build changes to Git
[master b6c2aa1] Snapshot pre-build
 2 files changed, 2 insertions(+), 2 deletions(-)
v Pre-build preparation completed

-- Output Build: Build ---------------------------------------------------------
i Using rendering engine: bookdown
Rendering book in directory '.'


processing file: reportV0.0.0-1.Rmd
1/3                  
2/3 [unnamed-chunk-1]
3/3                  
output file: reportV0.0.0-1.knit.md

/usr/bin/pandoc +RTS -K512m -RTS reportV0.0.0-1.knit.md --to html4 --from markdown+autolink_bare_uris+tex_math_single_backslash --output reportV0.0.0-1.html --lua-filter /home/runner/work/_temp/Library/bookdown/rmarkdown/lua/custom-environment.lua --lua-filter /home/runner/work/_temp/Library/rmarkdown/rmarkdown/lua/pagebreak.lua --lua-filter /home/runner/work/_temp/Library/rmarkdown/rmarkdown/lua/latex-div.lua --lua-filter /home/runner/work/_temp/Library/rmarkdown/rmarkdown/lua/anchor-sections.lua --metadata-file /tmp/RtmpGmYzDU/file23e82c9eaa42 --wrap preserve --standalone --section-divs --table-of-contents --toc-depth 6 --template /home/runner/work/_temp/Library/bookdown/templates/gitbook.html --highlight-style pygments --number-sections --css style.css --mathjax --include-in-header /tmp/RtmpGmYzDU/rmarkdown-str23e83fe4e180.html 

Output created: _tmp/projr/v3.4.6/docs/index.html
v Document rendering completed

-- Output Build: Post-Build ----------------------------------------------------
* Finalizing build artifacts
Copied bookdown output from _tmp/projr/v3.4.6/docs to docs
* Updating documentation and metadata
* Committing post-build changes to Git
[master cdeb210] Build v3.4.6: Custom patch
 4 files changed, 130 insertions(+), 1 deletion(-)
* Sending artifacts to remote destinations
* Running post-build hooks
* Pushing to Git remote
v Post-build completed successfully

⠧ |          8 | build                                                          
-- Output Build: Pre-Build Preparation -----------------------------------------
* Checking prerequisites (Git, GitHub, upstream)
* Updating documentation and version information
* Running pre-build hooks
* Committing pre-build changes to Git
[master 75a4de1] Snapshot pre-build
 6 files changed, 49 insertions(+), 26 deletions(-)
v Pre-build preparation completed

-- Output Build: Build ---------------------------------------------------------
i Using rendering engine: bookdown
Rendering book in directory '.'


processing file: reportV0.0.0-1.Rmd
1/3            
2/3 [test-plot]
3/3            
output file: reportV0.0.0-1.knit.md

/usr/bin/pandoc +RTS -K512m -RTS reportV0.0.0-1.knit.md --to html4 --from markdown+autolink_bare_uris+tex_math_single_backslash --output reportV0.0.0-1.html --lua-filter /home/runner/work/_temp/Library/bookdown/rmarkdown/lua/custom-environment.lua --lua-filter /home/runner/work/_temp/Library/rmarkdown/rmarkdown/lua/pagebreak.lua --lua-filter /home/runner/work/_temp/Library/rmarkdown/rmarkdown/lua/latex-div.lua --lua-filter /home/runner/work/_temp/Library/rmarkdown/rmarkdown/lua/anchor-sections.lua --metadata-file /tmp/RtmpGmYzDU/file23e8355f2577 --wrap preserve --standalone --section-divs --table-of-contents --toc-depth 6 --template /home/runner/work/_temp/Library/bookdown/templates/gitbook.html --highlight-style pygments --number-sections --css style.css --mathjax --include-in-header /tmp/RtmpGmYzDU/rmarkdown-str23e82be47fe2.html 

Output created: _tmp/projr/v0.0.1/docs/index.html
v Document rendering completed

-- Output Build: Post-Build ----------------------------------------------------
* Finalizing build artifacts
Copied bookdown output from _tmp/projr/v0.0.1/docs to docs
* Updating documentation and metadata
* Committing post-build changes to Git
[master 13b5ade] Build v0.0.1: Test bookdown files
 5 files changed, 125 insertions(+), 1 deletion(-)
 create mode 100644 BUILDLOG.md
 create mode 100644 CHANGELOG.md
 create mode 100644 manifest.csv
 create mode 100644 reportV0.0.0-1_files/figure-html/test-plot-1.png
* Sending artifacts to remote destinations
* Running post-build hooks
* Pushing to Git remote
v Post-build completed successfully

⠇ |          9 | build                                                          
-- Output Build: Pre-Build Preparation -----------------------------------------
* Checking prerequisites (Git, GitHub, upstream)
* Updating documentation and version information
* Running pre-build hooks
* Committing pre-build changes to Git
v Pre-build preparation completed

-- Output Build: Build ---------------------------------------------------------
i Using rendering engine: bookdown
Rendering book in directory '.'


processing file: reportV0.0.0-1.Rmd
1/3                  
2/3 [unnamed-chunk-1]
3/3                  
output file: reportV0.0.0-1.knit.md

/usr/bin/pandoc +RTS -K512m -RTS reportV0.0.0-1.knit.md --to html4 --from markdown+autolink_bare_uris+tex_math_single_backslash --output reportV0.0.0-1.html --lua-filter /home/runner/work/_temp/Library/bookdown/rmarkdown/lua/custom-environment.lua --lua-filter /home/runner/work/_temp/Library/rmarkdown/rmarkdown/lua/pagebreak.lua --lua-filter /home/runner/work/_temp/Library/rmarkdown/rmarkdown/lua/latex-div.lua --lua-filter /home/runner/work/_temp/Library/rmarkdown/rmarkdown/lua/anchor-sections.lua --metadata-file /tmp/RtmpGmYzDU/file23e87354547a --wrap preserve --standalone --section-divs --table-of-contents --toc-depth 6 --template /home/runner/work/_temp/Library/bookdown/templates/gitbook.html --highlight-style pygments --number-sections --css style.css --mathjax --include-in-header /tmp/RtmpGmYzDU/rmarkdown-str23e869537d13.html 

Output created: _tmp/projr/v0.0.1/docs/index.html
v Document rendering completed

-- Output Build: Post-Build ----------------------------------------------------
* Finalizing build artifacts
Copied bookdown output from _tmp/projr/v0.0.1/docs to docs
* Updating documentation and metadata
* Committing post-build changes to Git
* Sending artifacts to remote destinations
* Running post-build hooks
* Pushing to Git remote
v Post-build completed successfully

⠋ |         11 | build                                                          
-- Output Build: Pre-Build Preparation -----------------------------------------
* Checking prerequisites (Git, GitHub, upstream)
* Updating documentation and version information
* Running pre-build hooks
* Committing pre-build changes to Git
v Pre-build preparation completed

-- Output Build: Build ---------------------------------------------------------
i Using rendering engine: bookdown
Rendering book in directory '.'


processing file: reportV0.0.0-1.Rmd
1/3                  
2/3 [unnamed-chunk-1]
3/3                  
output file: reportV0.0.0-1.knit.md

/usr/bin/pandoc +RTS -K512m -RTS reportV0.0.0-1.knit.md --to html4 --from markdown+autolink_bare_uris+tex_math_single_backslash --output reportV0.0.0-1.html --lua-filter /home/runner/work/_temp/Library/bookdown/rmarkdown/lua/custom-environment.lua --lua-filter /home/runner/work/_temp/Library/rmarkdown/rmarkdown/lua/pagebreak.lua --lua-filter /home/runner/work/_temp/Library/rmarkdown/rmarkdown/lua/latex-div.lua --lua-filter /home/runner/work/_temp/Library/rmarkdown/rmarkdown/lua/anchor-sections.lua --metadata-file /tmp/RtmpGmYzDU/file23e82ec106ed --wrap preserve --standalone --section-divs --table-of-contents --toc-depth 6 --template /home/runner/work/_temp/Library/bookdown/templates/gitbook.html --highlight-style pygments --number-sections --css style.css --mathjax --include-in-header /tmp/RtmpGmYzDU/rmarkdown-str23e83c50460d.html 

Output created: _tmp/projr/v0.0.2/docs/index.html
v Document rendering completed

-- Output Build: Post-Build ----------------------------------------------------
* Finalizing build artifacts
Copied bookdown output from _tmp/projr/v0.0.2/docs to docs
* Updating documentation and metadata
* Committing post-build changes to Git
* Sending artifacts to remote destinations
* Running post-build hooks
* Pushing to Git remote
v Post-build completed successfully

⠹ |         13 | build                                                          
-- Output Build: Pre-Build Preparation -----------------------------------------
* Checking prerequisites (Git, GitHub, upstream)
* Updating documentation and version information
* Running pre-build hooks
* Committing pre-build changes to Git
v Pre-build preparation completed

-- Output Build: Build ---------------------------------------------------------
i Using rendering engine: bookdown
Rendering book in directory '.'


processing file: reportV0.0.0-1.Rmd
1/3                  
2/3 [unnamed-chunk-1]
3/3                  
output file: reportV0.0.0-1.knit.md

/usr/bin/pandoc +RTS -K512m -RTS reportV0.0.0-1.knit.md --to html4 --from markdown+autolink_bare_uris+tex_math_single_backslash --output reportV0.0.0-1.html --lua-filter /home/runner/work/_temp/Library/bookdown/rmarkdown/lua/custom-environment.lua --lua-filter /home/runner/work/_temp/Library/rmarkdown/rmarkdown/lua/pagebreak.lua --lua-filter /home/runner/work/_temp/Library/rmarkdown/rmarkdown/lua/latex-div.lua --lua-filter /home/runner/work/_temp/Library/rmarkdown/rmarkdown/lua/anchor-sections.lua --metadata-file /tmp/RtmpGmYzDU/file23e87c35278d --wrap preserve --standalone --section-divs --table-of-contents --toc-depth 6 --template /home/runner/work/_temp/Library/bookdown/templates/gitbook.html --highlight-style pygments --number-sections --css style.css --mathjax --include-in-header /tmp/RtmpGmYzDU/rmarkdown-str23e8156d60.html 

Output created: _tmp/projr/v0.0.3/docs/index.html
v Document rendering completed

-- Output Build: Post-Build ----------------------------------------------------
* Finalizing build artifacts
Copied bookdown output from _tmp/projr/v0.0.3/docs to docs
* Updating documentation and metadata
* Committing post-build changes to Git
* Sending artifacts to remote destinations
* Running post-build hooks
* Pushing to Git remote
v Post-build completed successfully

⠸ |         14 | build                                                          

processing file: index.Rmd
1/2                  
2/2 [unnamed-chunk-1]
output file: index.knit.md

/usr/bin/pandoc +RTS -K512m -RTS index.knit.md --to html4 --from markdown+autolink_bare_uris+tex_math_single_backslash --output index.html --lua-filter /home/runner/work/_temp/Library/rmarkdown/rmarkdown/lua/pagebreak.lua --lua-filter /home/runner/work/_temp/Library/rmarkdown/rmarkdown/lua/latex-div.lua --embed-resources --standalone --variable bs3=TRUE --section-divs --template /home/runner/work/_temp/Library/rmarkdown/rmd/h/default.html --no-highlight --variable highlightjs=1 --variable theme=bootstrap --mathjax --variable 'mathjax-url=https://mathjax.rstudio.com/latest/MathJax.js?config=TeX-AMS-MML_HTMLorMML' --include-in-header /tmp/RtmpGmYzDU/rmarkdown-str23e85fb25ca3.html 

Output created: index.html

⠧ |      2  16 | build                                                          
-- Output Build: Pre-Build Preparation -----------------------------------------
* Checking prerequisites (Git, GitHub, upstream)
* Updating documentation and version information
* Running pre-build hooks
* Committing pre-build changes to Git
v Pre-build preparation completed

-- Output Build: Build ---------------------------------------------------------
i Using rendering engine: rmd


processing file: index.Rmd
1/2                  
2/2 [unnamed-chunk-1]
output file: index.knit.md

/usr/bin/pandoc +RTS -K512m -RTS index.knit.md --to html4 --from markdown+autolink_bare_uris+tex_math_single_backslash --output index.html --lua-filter /home/runner/work/_temp/Library/rmarkdown/rmarkdown/lua/pagebreak.lua --lua-filter /home/runner/work/_temp/Library/rmarkdown/rmarkdown/lua/latex-div.lua --embed-resources --standalone --variable bs3=TRUE --section-divs --template /home/runner/work/_temp/Library/rmarkdown/rmd/h/default.html --no-highlight --variable highlightjs=1 --variable theme=bootstrap --mathjax --variable 'mathjax-url=https://mathjax.rstudio.com/latest/MathJax.js?config=TeX-AMS-MML_HTMLorMML' --include-in-header /tmp/RtmpGmYzDU/rmarkdown-str23e870daf73c.html 

Output created: index.html
v Document rendering completed

-- Output Build: Post-Build ----------------------------------------------------
* Finalizing build artifacts
* Updating documentation and metadata
* Committing post-build changes to Git
* Sending artifacts to remote destinations
* Running post-build hooks
* Pushing to Git remote
v Post-build completed successfully

⠋ |      2  19 | build                                                          [1mpandoc [22m
  to: html
  output-file: index.html
  standalone: true
  title-prefix: demo site
  section-divs: true
  html-math-method: mathjax
  wrap: none
  default-image-extension: png
  variables: {}
  
[1mmetadata[22m
  document-css: false
  link-citations: true
  date-format: long
  lang: en
  title: My first Quarto doc
  
Output created: _tmp/projr/v0.0.0-1/docs/index.html


⠸ |      2  22 | build                                                          
-- Output Build: Pre-Build Preparation -----------------------------------------
* Checking prerequisites (Git, GitHub, upstream)
* Updating documentation and version information
* Running pre-build hooks
* Committing pre-build changes to Git
v Pre-build preparation completed

-- Output Build: Build ---------------------------------------------------------
i Using rendering engine: quarto_project
[1mpandoc [22m
  to: html
  output-file: index.html
  standalone: true
  title-prefix: demo site
  section-divs: true
  html-math-method: mathjax
  wrap: none
  default-image-extension: png
  variables: {}
  
[1mmetadata[22m
  document-css: false
  link-citations: true
  date-format: long
  lang: en
  title: My first Quarto doc
  
Output created: _tmp/projr/v0.0.1/docs/index.html

v Document rendering completed

-- Output Build: Post-Build ----------------------------------------------------
* Finalizing build artifacts
Copied quarto project output from _tmp/projr/v0.0.1/docs to docs
* Updating documentation and metadata
* Committing post-build changes to Git
* Sending artifacts to remote destinations
* Running post-build hooks
* Pushing to Git remote
v Post-build completed successfully

⠴ |      2  24 | build                                                          [1mpandoc [22m
  to: html
  output-file: index.html
  standalone: true
  section-divs: true
  html-math-method: mathjax
  wrap: none
  default-image-extension: png
  variables: {}
  
[1mmetadata[22m
  document-css: false
  link-citations: true
  date-format: long
  lang: en
  title: My first Quarto doc
  
Output created: index.html


⠏ |      2  28 | build                                                          
-- Output Build: Pre-Build Preparation -----------------------------------------
* Checking prerequisites (Git, GitHub, upstream)
* Updating documentation and version information
* Running pre-build hooks
* Committing pre-build changes to Git
v Pre-build preparation completed

-- Output Build: Build ---------------------------------------------------------
i Using rendering engine: quarto_document
[1mpandoc [22m
  to: html
  output-file: index.html
  standalone: true
  section-divs: true
  html-math-method: mathjax
  wrap: none
  default-image-extension: png
  variables: {}
  
[1mmetadata[22m
  document-css: false
  link-citations: true
  date-format: long
  lang: en
  title: My first Quarto doc
  
Output created: index.html

v Document rendering completed

-- Output Build: Post-Build ----------------------------------------------------
* Finalizing build artifacts
* Updating documentation and metadata
* Committing post-build changes to Git
* Sending artifacts to remote destinations
* Running post-build hooks
* Pushing to Git remote
v Post-build completed successfully

⠹ |      2  31 | build                                                          Rendering book in directory '.'


processing file: reportV0.0.0-1.Rmd
1/3                  
2/3 [unnamed-chunk-1]
3/3                  
output file: reportV0.0.0-1.knit.md

/usr/bin/pandoc +RTS -K512m -RTS reportV0.0.0-1.knit.md --to html4 --from markdown+autolink_bare_uris+tex_math_single_backslash --output reportV0.0.0-1.html --lua-filter /home/runner/work/_temp/Library/bookdown/rmarkdown/lua/custom-environment.lua --lua-filter /home/runner/work/_temp/Library/rmarkdown/rmarkdown/lua/pagebreak.lua --lua-filter /home/runner/work/_temp/Library/rmarkdown/rmarkdown/lua/latex-div.lua --lua-filter /home/runner/work/_temp/Library/rmarkdown/rmarkdown/lua/anchor-sections.lua --metadata-file /tmp/RtmpGmYzDU/file23e85b3e95c3 --wrap preserve --standalone --section-divs --table-of-contents --toc-depth 6 --template /home/runner/work/_temp/Library/bookdown/templates/gitbook.html --highlight-style pygments --number-sections --css style.css --mathjax --include-in-header /tmp/RtmpGmYzDU/rmarkdown-str23e8942c460.html 

Output created: _tmp/projr/v0.0.0-1/docs/index.html

⠴ |      2  34 | build                                                          
✔ |      2  47 | build [21.2s]

⠏ |          0 | buildlog                                                       v Setting active project to
  "/tmp/RtmpGmYzDU/ProjrGitHubTesttest_projr-1.19764".

⠇ |         19 | buildlog                                                       v Setting active project to "<no active project>".
v Setting active project to
  "/tmp/RtmpGmYzDU/ProjrGitHubTesttest_projr-0.446799".
v Setting active project to "<no active project>".
v Setting active project to
  "/tmp/RtmpGmYzDU/ProjrGitHubTesttest_projr-0.694263".
v Setting active project to "<no active project>".

⠴ |         26 | buildlog                                                       v Setting active project to "/tmp/RtmpGmYzDU/ProjrGitHubTesttest_projr1.39569".
v Setting active project to "<no active project>".
v Setting active project to
  "/tmp/RtmpGmYzDU/ProjrGitHubTesttest_projr0.576106".
v Setting active project to "<no active project>".
v Setting active project to
  "/tmp/RtmpGmYzDU/ProjrGitHubTesttest_projr-1.05557".

⠧ |         38 | buildlog                                                       v Setting active project to "<no active project>".

✔ |         40 | buildlog

⠏ |          0 | change                                                         v Setting active project to
  "/tmp/RtmpGmYzDU/ProjrGitHubTesttest_projr0.188179".
v Setting active project to "<no active project>".
v Setting active project to "/tmp/RtmpGmYzDU/ProjrGitHubTesttest_projr2.60535".

⠋ |      1  10 | change                                                         
⠙ |      1  21 | change                                                         v Setting active project to "<no active project>".

✔ |      1  25 | change

⠏ |          0 | changelog                                                      v Setting active project to
  "/tmp/RtmpGmYzDU/ProjrGitHubTesttest_projr-0.0502813".
# CHANGELOG  - **Major** (v1.0.0): runner (2025-11-17 06:31:23)   - Test v Setting active project to "<no active project>".
v Setting active project to "/tmp/RtmpGmYzDU/ProjrGitHubTesttest_projr0.55502".
v Setting active project to "<no active project>".
v Setting active project to
  "/tmp/RtmpGmYzDU/ProjrGitHubTesttest_projr-1.32999".
v Setting active project to "<no active project>".
v Setting active project to
  "/tmp/RtmpGmYzDU/ProjrGitHubTesttest_projr-1.14061".

⠴ |          6 | changelog                                                      v Setting active project to "<no active project>".
v Setting active project to "/tmp/RtmpGmYzDU/ProjrGitHubTesttest_projr0.23607".
v Setting active project to "<no active project>".
v Setting active project to
  "/tmp/RtmpGmYzDU/ProjrGitHubTesttest_projr-1.56491".
v Setting active project to "<no active project>".
v Setting active project to "/tmp/RtmpGmYzDU/ProjrGitHubTesttest_projr1.85167".
v Setting active project to "<no active project>".

✔ |         15 | changelog

⠏ |          0 | check                                                          v Setting active project to
  "/tmp/RtmpGmYzDU/ProjrGitHubTesttest_projr0.0449183".

⠏ |         10 | check                                                          
⠇ |         39 | check                                                          
⠧ |         68 | check                                                          v Setting active project to "<no active project>".

✔ |         71 | check

⠏ |          0 | cite                                                           v Setting active project to "/tmp/RtmpGmYzDU/ProjrGitHubTesttest_projr1.15313".
v Setting active project to "<no active project>".
v Setting active project to "/tmp/RtmpGmYzDU/ProjrGitHubTesttest_projr1.09722".
Creating CITATION file
i Creating directory '/tmp/RtmpGmYzDU/ProjrGitHubTesttest_projr1.09722/inst'
i Writing 1 entry ...
v Results written to '/tmp/RtmpGmYzDU/ProjrGitHubTesttest_projr1.09722/inst/CITATION'

⠇ |          9 | cite                                                           Creating codemeta.json file

⠏ |         10 | cite                                                           
⠋ |         11 | cite                                                           Creating CITATION.cff file
v 'CITATION.cff' generated
i Adding "CITATION.cff" to '.Rbuildignore'
== Validating cff ==============================================================
v Congratulations! 'CITATION.cff' is valid

⠙ |         12 | cite                                                           v Setting active project to "<no active project>".

✔ |         12 | cite [2.1s]

⠏ |          0 | cli-output                                                     
⠏ |         10 | cli-output                                                     i test message
i test message
[DEBUG] test debug message

-- Output Build: Test Stage ----------------------------------------------------

-- Development Build: Test Stage -----------------------------------------------
Rendering book in directory '.'


processing file: reportV0.0.0-1.Rmd
1/3                  
2/3 [unnamed-chunk-1]
3/3                  
output file: reportV0.0.0-1.knit.md

/usr/bin/pandoc +RTS -K512m -RTS reportV0.0.0-1.knit.md --to html4 --from markdown+autolink_bare_uris+tex_math_single_backslash --output reportV0.0.0-1.html --lua-filter /home/runner/work/_temp/Library/bookdown/rmarkdown/lua/custom-environment.lua --lua-filter /home/runner/work/_temp/Library/rmarkdown/rmarkdown/lua/pagebreak.lua --lua-filter /home/runner/work/_temp/Library/rmarkdown/rmarkdown/lua/latex-div.lua --lua-filter /home/runner/work/_temp/Library/rmarkdown/rmarkdown/lua/anchor-sections.lua --metadata-file /tmp/RtmpGmYzDU/file23e8653195fb --wrap preserve --standalone --section-divs --table-of-contents --toc-depth 6 --template /home/runner/work/_temp/Library/bookdown/templates/gitbook.html --highlight-style pygments --number-sections --css style.css --mathjax --include-in-header /tmp/RtmpGmYzDU/rmarkdown-str23e87536f471.html 

Output created: _tmp/projr/v0.0.0-1/docs/index.html

⠙ |         32 | cli-output                                                     
-- Development Build: Pre-Build Preparation ------------------------------------
* Checking prerequisites (Git, GitHub, upstream)
* Updating documentation and version information
* Running pre-build hooks
* Committing pre-build changes to Git
v Pre-build preparation completed

-- Development Build: Build ----------------------------------------------------
i Using rendering engine: bookdown
Rendering book in directory '.'


processing file: reportV0.0.0-1.Rmd
1/3                  
2/3 [unnamed-chunk-1]
3/3                  
output file: reportV0.0.0-1.knit.md

/usr/bin/pandoc +RTS -K512m -RTS reportV0.0.0-1.knit.md --to html4 --from markdown+autolink_bare_uris+tex_math_single_backslash --output reportV0.0.0-1.html --lua-filter /home/runner/work/_temp/Library/bookdown/rmarkdown/lua/custom-environment.lua --lua-filter /home/runner/work/_temp/Library/rmarkdown/rmarkdown/lua/pagebreak.lua --lua-filter /home/runner/work/_temp/Library/rmarkdown/rmarkdown/lua/latex-div.lua --lua-filter /home/runner/work/_temp/Library/rmarkdown/rmarkdown/lua/anchor-sections.lua --metadata-file /tmp/RtmpGmYzDU/file23e865be98db --wrap preserve --standalone --section-divs --table-of-contents --toc-depth 6 --template /home/runner/work/_temp/Library/bookdown/templates/gitbook.html --highlight-style pygments --number-sections --css style.css --mathjax --include-in-header /tmp/RtmpGmYzDU/rmarkdown-str23e87aadbdf4.html 

Output created: _tmp/projr/v0.0.0-1/docs/index.html
v Document rendering completed

-- Development Build: Post-Build -----------------------------------------------
* Finalizing build artifacts
* Updating documentation and metadata
* Committing post-build changes to Git
* Sending artifacts to remote destinations
* Running post-build hooks
* Pushing to Git remote
v Post-build completed successfully

⠹ |         33 | cli-output                                                     [DEBUG] debug msg
i info
v success
i info
v success
[DEBUG] debug

✔ |         60 | cli-output [1.2s]

⠏ |          0 | cue                                                            v Setting active project to "/tmp/RtmpGmYzDU/ProjrGitHubTesttest_projr1.0263".
v Setting active project to "<no active project>".

✔ |         11 | cue

⠏ |          0 | dest-send                                                      v Setting active project to
  "/tmp/RtmpGmYzDU/ProjrGitHubTesttest_projr-0.366822".
v Setting active project to "<no active project>".
v Setting active project to
  "/tmp/RtmpGmYzDU/ProjrGitHubTesttest_projr-0.810427".
[master aaaff7d] Initial projr commit
 4 files changed, 39 insertions(+), 12 deletions(-)
Rendering book in directory '.'


processing file: reportV0.0.0-1.Rmd
1/3                  
2/3 [unnamed-chunk-1]
3/3                  
output file: reportV0.0.0-1.knit.md

/usr/bin/pandoc +RTS -K512m -RTS reportV0.0.0-1.knit.md --to html4 --from markdown+autolink_bare_uris+tex_math_single_backslash --output reportV0.0.0-1.html --lua-filter /home/runner/work/_temp/Library/bookdown/rmarkdown/lua/custom-environment.lua --lua-filter /home/runner/work/_temp/Library/rmarkdown/rmarkdown/lua/pagebreak.lua --lua-filter /home/runner/work/_temp/Library/rmarkdown/rmarkdown/lua/latex-div.lua --lua-filter /home/runner/work/_temp/Library/rmarkdown/rmarkdown/lua/anchor-sections.lua --metadata-file /tmp/RtmpGmYzDU/file23e832fadc6a --wrap preserve --standalone --section-divs --table-of-contents --toc-depth 6 --template /home/runner/work/_temp/Library/bookdown/templates/gitbook.html --highlight-style pygments --number-sections --css style.css --mathjax --include-in-header /tmp/RtmpGmYzDU/rmarkdown-str23e8437c404b.html 

Output created: _tmp/projr/v0.0.0-1/docs/index.html

-- Output Build: Pre-Build Preparation -----------------------------------------
* Checking prerequisites (Git, GitHub, upstream)
* Updating documentation and version information
* Running pre-build hooks
* Committing pre-build changes to Git
[master 058c618] Snapshot pre-build
 4 files changed, 4 insertions(+), 7 deletions(-)
v Pre-build preparation completed

-- Output Build: Build ---------------------------------------------------------
i Using rendering engine: bookdown
Rendering book in directory '.'


processing file: reportV0.0.0-1.Rmd
1/3                  
2/3 [unnamed-chunk-1]
3/3                  
output file: reportV0.0.0-1.knit.md

/usr/bin/pandoc +RTS -K512m -RTS reportV0.0.0-1.knit.md --to html4 --from markdown+autolink_bare_uris+tex_math_single_backslash --output reportV0.0.0-1.html --lua-filter /home/runner/work/_temp/Library/bookdown/rmarkdown/lua/custom-environment.lua --lua-filter /home/runner/work/_temp/Library/rmarkdown/rmarkdown/lua/pagebreak.lua --lua-filter /home/runner/work/_temp/Library/rmarkdown/rmarkdown/lua/latex-div.lua --lua-filter /home/runner/work/_temp/Library/rmarkdown/rmarkdown/lua/anchor-sections.lua --metadata-file /tmp/RtmpGmYzDU/file23e87f08a8be --wrap preserve --standalone --section-divs --table-of-contents --toc-depth 6 --template /home/runner/work/_temp/Library/bookdown/templates/gitbook.html --highlight-style pygments --number-sections --css style.css --mathjax --include-in-header /tmp/RtmpGmYzDU/rmarkdown-str23e8134e42e0.html 

Output created: _tmp/projr/v0.0.1/docs/index.html
v Document rendering completed

-- Output Build: Post-Build ----------------------------------------------------
* Finalizing build artifacts
Copied bookdown output from _tmp/projr/v0.0.1/docs to docs
* Updating documentation and metadata
* Committing post-build changes to Git
[master 78a76d7] Build v0.0.1: Build project
 4 files changed, 125 insertions(+), 1 deletion(-)
 create mode 100644 BUILDLOG.md
 create mode 100644 CHANGELOG.md
 create mode 100644 manifest.csv
* Sending artifacts to remote destinations
* Running post-build hooks
* Pushing to Git remote
v Post-build completed successfully

-- Output Build: Pre-Build Preparation -----------------------------------------
* Checking prerequisites (Git, GitHub, upstream)
* Updating documentation and version information
* Running pre-build hooks
* Committing pre-build changes to Git
[master 964ea78] Snapshot pre-build
 5 files changed, 13 insertions(+), 2 deletions(-)
v Pre-build preparation completed

-- Output Build: Build ---------------------------------------------------------
i Using rendering engine: bookdown
Rendering book in directory '.'


processing file: reportV0.0.0-1.Rmd
1/3                  
2/3 [unnamed-chunk-1]
3/3                  
output file: reportV0.0.0-1.knit.md

/usr/bin/pandoc +RTS -K512m -RTS reportV0.0.0-1.knit.md --to html4 --from markdown+autolink_bare_uris+tex_math_single_backslash --output reportV0.0.0-1.html --lua-filter /home/runner/work/_temp/Library/bookdown/rmarkdown/lua/custom-environment.lua --lua-filter /home/runner/work/_temp/Library/rmarkdown/rmarkdown/lua/pagebreak.lua --lua-filter /home/runner/work/_temp/Library/rmarkdown/rmarkdown/lua/latex-div.lua --lua-filter /home/runner/work/_temp/Library/rmarkdown/rmarkdown/lua/anchor-sections.lua --metadata-file /tmp/RtmpGmYzDU/file23e83720461e --wrap preserve --standalone --section-divs --table-of-contents --toc-depth 6 --template /home/runner/work/_temp/Library/bookdown/templates/gitbook.html --highlight-style pygments --number-sections --css style.css --mathjax --include-in-header /tmp/RtmpGmYzDU/rmarkdown-str23e8246f63d4.html 

Output created: _tmp/projr/v0.0.2/docs/index.html
v Document rendering completed

-- Output Build: Post-Build ----------------------------------------------------
* Finalizing build artifacts
Copied bookdown output from _tmp/projr/v0.0.2/docs to docs
* Updating documentation and metadata
* Committing post-build changes to Git
[master cebdc53] Build v0.0.2: Build project
 4 files changed, 124 insertions(+), 1 deletion(-)
* Sending artifacts to remote destinations
* Running post-build hooks
* Pushing to Git remote
v Post-build completed successfully

⠦ |          7 | dest-send                                                      
-- Output Build: Pre-Build Preparation -----------------------------------------
* Checking prerequisites (Git, GitHub, upstream)
* Updating documentation and version information
* Running pre-build hooks
* Committing pre-build changes to Git
[master a220864] Snapshot pre-build
 5 files changed, 9 insertions(+), 2 deletions(-)
v Pre-build preparation completed

-- Output Build: Build ---------------------------------------------------------
i Using rendering engine: bookdown
Rendering book in directory '.'


processing file: reportV0.0.0-1.Rmd
1/3                  
2/3 [unnamed-chunk-1]
3/3                  
output file: reportV0.0.0-1.knit.md

/usr/bin/pandoc +RTS -K512m -RTS reportV0.0.0-1.knit.md --to html4 --from markdown+autolink_bare_uris+tex_math_single_backslash --output reportV0.0.0-1.html --lua-filter /home/runner/work/_temp/Library/bookdown/rmarkdown/lua/custom-environment.lua --lua-filter /home/runner/work/_temp/Library/rmarkdown/rmarkdown/lua/pagebreak.lua --lua-filter /home/runner/work/_temp/Library/rmarkdown/rmarkdown/lua/latex-div.lua --lua-filter /home/runner/work/_temp/Library/rmarkdown/rmarkdown/lua/anchor-sections.lua --metadata-file /tmp/RtmpGmYzDU/file23e87f228d05 --wrap preserve --standalone --section-divs --table-of-contents --toc-depth 6 --template /home/runner/work/_temp/Library/bookdown/templates/gitbook.html --highlight-style pygments --number-sections --css style.css --mathjax --include-in-header /tmp/RtmpGmYzDU/rmarkdown-str23e81f9f320.html 

Output created: _tmp/projr/v0.0.3/docs/index.html
v Document rendering completed

-- Output Build: Post-Build ----------------------------------------------------
* Finalizing build artifacts
Copied bookdown output from _tmp/projr/v0.0.3/docs to docs
* Updating documentation and metadata
* Committing post-build changes to Git
[master 1482e33] Build v0.0.3: Build project
 4 files changed, 142 insertions(+), 1 deletion(-)
* Sending artifacts to remote destinations
* Running post-build hooks
* Pushing to Git remote
v Post-build completed successfully

⠧ |          8 | dest-send                                                      
-- Output Build: Pre-Build Preparation -----------------------------------------
* Checking prerequisites (Git, GitHub, upstream)
* Updating documentation and version information
* Running pre-build hooks
* Committing pre-build changes to Git
[master 27e3f94] Snapshot pre-build
 2 files changed, 2 insertions(+), 2 deletions(-)
v Pre-build preparation completed

-- Output Build: Build ---------------------------------------------------------
i Using rendering engine: bookdown
Rendering book in directory '.'


processing file: reportV0.0.0-1.Rmd
1/3                  
2/3 [unnamed-chunk-1]
3/3                  
output file: reportV0.0.0-1.knit.md

/usr/bin/pandoc +RTS -K512m -RTS reportV0.0.0-1.knit.md --to html4 --from markdown+autolink_bare_uris+tex_math_single_backslash --output reportV0.0.0-1.html --lua-filter /home/runner/work/_temp/Library/bookdown/rmarkdown/lua/custom-environment.lua --lua-filter /home/runner/work/_temp/Library/rmarkdown/rmarkdown/lua/pagebreak.lua --lua-filter /home/runner/work/_temp/Library/rmarkdown/rmarkdown/lua/latex-div.lua --lua-filter /home/runner/work/_temp/Library/rmarkdown/rmarkdown/lua/anchor-sections.lua --metadata-file /tmp/RtmpGmYzDU/file23e857348628 --wrap preserve --standalone --section-divs --table-of-contents --toc-depth 6 --template /home/runner/work/_temp/Library/bookdown/templates/gitbook.html --highlight-style pygments --number-sections --css style.css --mathjax --include-in-header /tmp/RtmpGmYzDU/rmarkdown-str23e85ef19393.html 

Output created: _tmp/projr/v0.0.4/docs/index.html
v Document rendering completed

-- Output Build: Post-Build ----------------------------------------------------
* Finalizing build artifacts
Copied bookdown output from _tmp/projr/v0.0.4/docs to docs
* Updating documentation and metadata
* Committing post-build changes to Git
[master 46a8d72] Build v0.0.4: Build project
 4 files changed, 142 insertions(+), 1 deletion(-)
* Sending artifacts to remote destinations
* Running post-build hooks
* Pushing to Git remote
v Post-build completed successfully

⠏ |         10 | dest-send                                                      
-- Output Build: Pre-Build Preparation -----------------------------------------
* Checking prerequisites (Git, GitHub, upstream)
* Updating documentation and version information
* Running pre-build hooks
* Committing pre-build changes to Git
[master 5627768] Snapshot pre-build
 3 files changed, 4 insertions(+), 2 deletions(-)
v Pre-build preparation completed

-- Output Build: Build ---------------------------------------------------------
i Using rendering engine: bookdown
Rendering book in directory '.'


processing file: reportV0.0.0-1.Rmd
1/3                  
2/3 [unnamed-chunk-1]
3/3                  
output file: reportV0.0.0-1.knit.md

/usr/bin/pandoc +RTS -K512m -RTS reportV0.0.0-1.knit.md --to html4 --from markdown+autolink_bare_uris+tex_math_single_backslash --output reportV0.0.0-1.html --lua-filter /home/runner/work/_temp/Library/bookdown/rmarkdown/lua/custom-environment.lua --lua-filter /home/runner/work/_temp/Library/rmarkdown/rmarkdown/lua/pagebreak.lua --lua-filter /home/runner/work/_temp/Library/rmarkdown/rmarkdown/lua/latex-div.lua --lua-filter /home/runner/work/_temp/Library/rmarkdown/rmarkdown/lua/anchor-sections.lua --metadata-file /tmp/RtmpGmYzDU/file23e830eaec87 --wrap preserve --standalone --section-divs --table-of-contents --toc-depth 6 --template /home/runner/work/_temp/Library/bookdown/templates/gitbook.html --highlight-style pygments --number-sections --css style.css --mathjax --include-in-header /tmp/RtmpGmYzDU/rmarkdown-str23e81b02238.html 

Output created: _tmp/projr/v0.0.5/docs/index.html
v Document rendering completed

-- Output Build: Post-Build ----------------------------------------------------
* Finalizing build artifacts
Copied bookdown output from _tmp/projr/v0.0.5/docs to docs
* Updating documentation and metadata
* Committing post-build changes to Git
[master b1171e9] Build v0.0.5: Build project
 4 files changed, 144 insertions(+), 1 deletion(-)
* Sending artifacts to remote destinations
* Running post-build hooks
* Pushing to Git remote
v Post-build completed successfully

⠹ |         13 | dest-send                                                      
-- Output Build: Pre-Build Preparation -----------------------------------------
* Checking prerequisites (Git, GitHub, upstream)
* Updating documentation and version information
* Running pre-build hooks
* Committing pre-build changes to Git
[master ba126ba] Snapshot pre-build
 3 files changed, 5 insertions(+), 2 deletions(-)
v Pre-build preparation completed

-- Output Build: Build ---------------------------------------------------------
i Using rendering engine: bookdown
Rendering book in directory '.'


processing file: reportV0.0.0-1.Rmd
1/3                  
2/3 [unnamed-chunk-1]
3/3                  
output file: reportV0.0.0-1.knit.md

/usr/bin/pandoc +RTS -K512m -RTS reportV0.0.0-1.knit.md --to html4 --from markdown+autolink_bare_uris+tex_math_single_backslash --output reportV0.0.0-1.html --lua-filter /home/runner/work/_temp/Library/bookdown/rmarkdown/lua/custom-environment.lua --lua-filter /home/runner/work/_temp/Library/rmarkdown/rmarkdown/lua/pagebreak.lua --lua-filter /home/runner/work/_temp/Library/rmarkdown/rmarkdown/lua/latex-div.lua --lua-filter /home/runner/work/_temp/Library/rmarkdown/rmarkdown/lua/anchor-sections.lua --metadata-file /tmp/RtmpGmYzDU/file23e819948c11 --wrap preserve --standalone --section-divs --table-of-contents --toc-depth 6 --template /home/runner/work/_temp/Library/bookdown/templates/gitbook.html --highlight-style pygments --number-sections --css style.css --mathjax --include-in-header /tmp/RtmpGmYzDU/rmarkdown-str23e8169aba67.html 

Output created: _tmp/projr/v0.0.6/docs/index.html
v Document rendering completed

-- Output Build: Post-Build ----------------------------------------------------
* Finalizing build artifacts
Copied bookdown output from _tmp/projr/v0.0.6/docs to docs
* Updating documentation and metadata
* Committing post-build changes to Git
[master b4dbec1] Build v0.0.6: Build project
 4 files changed, 147 insertions(+), 1 deletion(-)
* Sending artifacts to remote destinations
* Running post-build hooks
* Pushing to Git remote
v Post-build completed successfully

⠦ |         17 | dest-send                                                      
-- Output Build: Pre-Build Preparation -----------------------------------------
* Checking prerequisites (Git, GitHub, upstream)
* Updating documentation and version information
* Running pre-build hooks
* Committing pre-build changes to Git
[master eebfcac] Snapshot pre-build
 3 files changed, 3 insertions(+), 3 deletions(-)
v Pre-build preparation completed

-- Output Build: Build ---------------------------------------------------------
i Using rendering engine: bookdown
Rendering book in directory '.'


processing file: reportV0.0.0-1.Rmd
1/3                  
2/3 [unnamed-chunk-1]
3/3                  
output file: reportV0.0.0-1.knit.md

/usr/bin/pandoc +RTS -K512m -RTS reportV0.0.0-1.knit.md --to html4 --from markdown+autolink_bare_uris+tex_math_single_backslash --output reportV0.0.0-1.html --lua-filter /home/runner/work/_temp/Library/bookdown/rmarkdown/lua/custom-environment.lua --lua-filter /home/runner/work/_temp/Library/rmarkdown/rmarkdown/lua/pagebreak.lua --lua-filter /home/runner/work/_temp/Library/rmarkdown/rmarkdown/lua/latex-div.lua --lua-filter /home/runner/work/_temp/Library/rmarkdown/rmarkdown/lua/anchor-sections.lua --metadata-file /tmp/RtmpGmYzDU/file23e87fb786f3 --wrap preserve --standalone --section-divs --table-of-contents --toc-depth 6 --template /home/runner/work/_temp/Library/bookdown/templates/gitbook.html --highlight-style pygments --number-sections --css style.css --mathjax --include-in-header /tmp/RtmpGmYzDU/rmarkdown-str23e8250f333b.html 

Output created: _tmp/projr/v0.0.7/docs/index.html
v Document rendering completed

-- Output Build: Post-Build ----------------------------------------------------
* Finalizing build artifacts
Copied bookdown output from _tmp/projr/v0.0.7/docs to docs
* Updating documentation and metadata
* Committing post-build changes to Git
[master 09ae5ac] Build v0.0.7: Build project
 4 files changed, 147 insertions(+), 1 deletion(-)
* Sending artifacts to remote destinations
* Running post-build hooks
* Pushing to Git remote
v Post-build completed successfully

⠋ |         21 | dest-send                                                      
-- Output Build: Pre-Build Preparation -----------------------------------------
* Checking prerequisites (Git, GitHub, upstream)
* Updating documentation and version information
* Running pre-build hooks
* Committing pre-build changes to Git
[master 7788785] Snapshot pre-build
 3 files changed, 3 insertions(+), 3 deletions(-)
v Pre-build preparation completed

-- Output Build: Build ---------------------------------------------------------
i Using rendering engine: bookdown
Rendering book in directory '.'


processing file: reportV0.0.0-1.Rmd
1/3                  
2/3 [unnamed-chunk-1]
3/3                  
output file: reportV0.0.0-1.knit.md

/usr/bin/pandoc +RTS -K512m -RTS reportV0.0.0-1.knit.md --to html4 --from markdown+autolink_bare_uris+tex_math_single_backslash --output reportV0.0.0-1.html --lua-filter /home/runner/work/_temp/Library/bookdown/rmarkdown/lua/custom-environment.lua --lua-filter /home/runner/work/_temp/Library/rmarkdown/rmarkdown/lua/pagebreak.lua --lua-filter /home/runner/work/_temp/Library/rmarkdown/rmarkdown/lua/latex-div.lua --lua-filter /home/runner/work/_temp/Library/rmarkdown/rmarkdown/lua/anchor-sections.lua --metadata-file /tmp/RtmpGmYzDU/file23e87e133b46 --wrap preserve --standalone --section-divs --table-of-contents --toc-depth 6 --template /home/runner/work/_temp/Library/bookdown/templates/gitbook.html --highlight-style pygments --number-sections --css style.css --mathjax --include-in-header /tmp/RtmpGmYzDU/rmarkdown-str23e83e525619.html 

Output created: _tmp/projr/v0.0.8/docs/index.html
v Document rendering completed

-- Output Build: Post-Build ----------------------------------------------------
* Finalizing build artifacts
Copied bookdown output from _tmp/projr/v0.0.8/docs to docs
* Updating documentation and metadata
* Committing post-build changes to Git
[master 97ce968] Build v0.0.8: Build project
 4 files changed, 147 insertions(+), 1 deletion(-)
* Sending artifacts to remote destinations
* Running post-build hooks
* Pushing to Git remote
v Post-build completed successfully

⠹ |         23 | dest-send                                                      
-- Output Build: Pre-Build Preparation -----------------------------------------
* Checking prerequisites (Git, GitHub, upstream)
* Updating documentation and version information
* Running pre-build hooks
* Committing pre-build changes to Git
[master 6d0e85d] Snapshot pre-build
 3 files changed, 2 insertions(+), 3 deletions(-)
v Pre-build preparation completed

-- Output Build: Build ---------------------------------------------------------
i Using rendering engine: bookdown
Rendering book in directory '.'


processing file: reportV0.0.0-1.Rmd
1/3                  
2/3 [unnamed-chunk-1]
3/3                  
output file: reportV0.0.0-1.knit.md

/usr/bin/pandoc +RTS -K512m -RTS reportV0.0.0-1.knit.md --to html4 --from markdown+autolink_bare_uris+tex_math_single_backslash --output reportV0.0.0-1.html --lua-filter /home/runner/work/_temp/Library/bookdown/rmarkdown/lua/custom-environment.lua --lua-filter /home/runner/work/_temp/Library/rmarkdown/rmarkdown/lua/pagebreak.lua --lua-filter /home/runner/work/_temp/Library/rmarkdown/rmarkdown/lua/latex-div.lua --lua-filter /home/runner/work/_temp/Library/rmarkdown/rmarkdown/lua/anchor-sections.lua --metadata-file /tmp/RtmpGmYzDU/file23e8625900cf --wrap preserve --standalone --section-divs --table-of-contents --toc-depth 6 --template /home/runner/work/_temp/Library/bookdown/templates/gitbook.html --highlight-style pygments --number-sections --css style.css --mathjax --include-in-header /tmp/RtmpGmYzDU/rmarkdown-str23e876f306f1.html 

Output created: _tmp/projr/v0.0.9/docs/index.html
v Document rendering completed

-- Output Build: Post-Build ----------------------------------------------------
* Finalizing build artifacts
Copied bookdown output from _tmp/projr/v0.0.9/docs to docs
* Updating documentation and metadata
* Committing post-build changes to Git
[master b071cb0] Build v0.0.9: Build project
 4 files changed, 146 insertions(+), 1 deletion(-)
* Sending artifacts to remote destinations
* Running post-build hooks
* Pushing to Git remote
v Post-build completed successfully

⠸ |         24 | dest-send                                                      v Setting active project to "<no active project>".
v Setting active project to
  "/tmp/RtmpGmYzDU/ProjrGitHubTesttest_projr-1.50175".
[master cba1322] Initial projr commit
 4 files changed, 39 insertions(+), 12 deletions(-)

-- Output Build: Pre-Build Preparation -----------------------------------------
* Checking prerequisites (Git, GitHub, upstream)
* Updating documentation and version information
* Running pre-build hooks
* Committing pre-build changes to Git
[master 99026b9] Snapshot pre-build
 5 files changed, 12 insertions(+), 7 deletions(-)
v Pre-build preparation completed

-- Output Build: Build ---------------------------------------------------------
i Using rendering engine: bookdown
Rendering book in directory '.'


processing file: reportV0.0.0-1.Rmd
1/3                  
2/3 [unnamed-chunk-1]
3/3                  
output file: reportV0.0.0-1.knit.md

/usr/bin/pandoc +RTS -K512m -RTS reportV0.0.0-1.knit.md --to html4 --from markdown+autolink_bare_uris+tex_math_single_backslash --output reportV0.0.0-1.html --lua-filter /home/runner/work/_temp/Library/bookdown/rmarkdown/lua/custom-environment.lua --lua-filter /home/runner/work/_temp/Library/rmarkdown/rmarkdown/lua/pagebreak.lua --lua-filter /home/runner/work/_temp/Library/rmarkdown/rmarkdown/lua/latex-div.lua --lua-filter /home/runner/work/_temp/Library/rmarkdown/rmarkdown/lua/anchor-sections.lua --metadata-file /tmp/RtmpGmYzDU/file23e81d859874 --wrap preserve --standalone --section-divs --table-of-contents --toc-depth 6 --template /home/runner/work/_temp/Library/bookdown/templates/gitbook.html --highlight-style pygments --number-sections --css style.css --mathjax --include-in-header /tmp/RtmpGmYzDU/rmarkdown-str23e82d8a272.html 

Output created: _tmp/projr/v0.0.1/docs/index.html
v Document rendering completed

-- Output Build: Post-Build ----------------------------------------------------
* Finalizing build artifacts
Copied bookdown output from _tmp/projr/v0.0.1/docs to docs
* Updating documentation and metadata
* Committing post-build changes to Git
[master beaaa35] Build v0.0.1: Build project
 4 files changed, 130 insertions(+), 1 deletion(-)
 create mode 100644 BUILDLOG.md
 create mode 100644 CHANGELOG.md
 create mode 100644 manifest.csv
* Sending artifacts to remote destinations
* Running post-build hooks
* Pushing to Git remote
v Post-build completed successfully

⠴ |         26 | dest-send                                                      
-- Output Build: Pre-Build Preparation -----------------------------------------
* Checking prerequisites (Git, GitHub, upstream)
* Updating documentation and version information
* Running pre-build hooks
* Committing pre-build changes to Git
[master 750b370] Snapshot pre-build
 3 files changed, 5 insertions(+), 2 deletions(-)
v Pre-build preparation completed

-- Output Build: Build ---------------------------------------------------------
i Using rendering engine: bookdown
Rendering book in directory '.'


processing file: reportV0.0.0-1.Rmd
1/3                  
2/3 [unnamed-chunk-1]
3/3                  
output file: reportV0.0.0-1.knit.md

/usr/bin/pandoc +RTS -K512m -RTS reportV0.0.0-1.knit.md --to html4 --from markdown+autolink_bare_uris+tex_math_single_backslash --output reportV0.0.0-1.html --lua-filter /home/runner/work/_temp/Library/bookdown/rmarkdown/lua/custom-environment.lua --lua-filter /home/runner/work/_temp/Library/rmarkdown/rmarkdown/lua/pagebreak.lua --lua-filter /home/runner/work/_temp/Library/rmarkdown/rmarkdown/lua/latex-div.lua --lua-filter /home/runner/work/_temp/Library/rmarkdown/rmarkdown/lua/anchor-sections.lua --metadata-file /tmp/RtmpGmYzDU/file23e84033516c --wrap preserve --standalone --section-divs --table-of-contents --toc-depth 6 --template /home/runner/work/_temp/Library/bookdown/templates/gitbook.html --highlight-style pygments --number-sections --css style.css --mathjax --include-in-header /tmp/RtmpGmYzDU/rmarkdown-str23e86938a57c.html 

Output created: _tmp/projr/v0.0.2/docs/index.html
v Document rendering completed

-- Output Build: Post-Build ----------------------------------------------------
* Finalizing build artifacts
Copied bookdown output from _tmp/projr/v0.0.2/docs to docs
* Updating documentation and metadata
* Committing post-build changes to Git
[master ee89ae1] Build v0.0.2: Build project
 4 files changed, 124 insertions(+), 1 deletion(-)
* Sending artifacts to remote destinations
* Running post-build hooks
* Pushing to Git remote
v Post-build completed successfully

⠧ |         28 | dest-send                                                      
-- Output Build: Pre-Build Preparation -----------------------------------------
* Checking prerequisites (Git, GitHub, upstream)
* Updating documentation and version information
* Running pre-build hooks
* Committing pre-build changes to Git
[master 7b0cebb] Snapshot pre-build
 2 files changed, 2 insertions(+), 2 deletions(-)
v Pre-build preparation completed

-- Output Build: Build ---------------------------------------------------------
i Using rendering engine: bookdown
Rendering book in directory '.'


processing file: reportV0.0.0-1.Rmd
1/3                  
2/3 [unnamed-chunk-1]
3/3                  
output file: reportV0.0.0-1.knit.md

/usr/bin/pandoc +RTS -K512m -RTS reportV0.0.0-1.knit.md --to html4 --from markdown+autolink_bare_uris+tex_math_single_backslash --output reportV0.0.0-1.html --lua-filter /home/runner/work/_temp/Library/bookdown/rmarkdown/lua/custom-environment.lua --lua-filter /home/runner/work/_temp/Library/rmarkdown/rmarkdown/lua/pagebreak.lua --lua-filter /home/runner/work/_temp/Library/rmarkdown/rmarkdown/lua/latex-div.lua --lua-filter /home/runner/work/_temp/Library/rmarkdown/rmarkdown/lua/anchor-sections.lua --metadata-file /tmp/RtmpGmYzDU/file23e85de80b41 --wrap preserve --standalone --section-divs --table-of-contents --toc-depth 6 --template /home/runner/work/_temp/Library/bookdown/templates/gitbook.html --highlight-style pygments --number-sections --css style.css --mathjax --include-in-header /tmp/RtmpGmYzDU/rmarkdown-str23e8943ad91.html 

Output created: _tmp/projr/v0.0.3/docs/index.html
v Document rendering completed

-- Output Build: Post-Build ----------------------------------------------------
* Finalizing build artifacts
Copied bookdown output from _tmp/projr/v0.0.3/docs to docs
* Updating documentation and metadata
* Committing post-build changes to Git
[master 2c47a90] Build v0.0.3: Build project
 4 files changed, 136 insertions(+), 1 deletion(-)
* Sending artifacts to remote destinations
* Running post-build hooks
* Pushing to Git remote
v Post-build completed successfully

⠇ |         29 | dest-send                                                      
-- Output Build: Pre-Build Preparation -----------------------------------------
* Checking prerequisites (Git, GitHub, upstream)
* Updating documentation and version information
* Running pre-build hooks
* Committing pre-build changes to Git
[master 7a34b6e] Snapshot pre-build
 8 files changed, 48 insertions(+), 8 deletions(-)
 create mode 100644 _latest/CHANGELOG.md
 create mode 100644 _latest/VERSION
 create mode 100644 _latest/manifest.csv
v Pre-build preparation completed

-- Output Build: Build ---------------------------------------------------------
i Using rendering engine: bookdown
Rendering book in directory '.'


processing file: reportV0.0.0-1.Rmd
1/3                  
2/3 [unnamed-chunk-1]
3/3                  
output file: reportV0.0.0-1.knit.md

/usr/bin/pandoc +RTS -K512m -RTS reportV0.0.0-1.knit.md --to html4 --from markdown+autolink_bare_uris+tex_math_single_backslash --output reportV0.0.0-1.html --lua-filter /home/runner/work/_temp/Library/bookdown/rmarkdown/lua/custom-environment.lua --lua-filter /home/runner/work/_temp/Library/rmarkdown/rmarkdown/lua/pagebreak.lua --lua-filter /home/runner/work/_temp/Library/rmarkdown/rmarkdown/lua/latex-div.lua --lua-filter /home/runner/work/_temp/Library/rmarkdown/rmarkdown/lua/anchor-sections.lua --metadata-file /tmp/RtmpGmYzDU/file23e87a1df52 --wrap preserve --standalone --section-divs --table-of-contents --toc-depth 6 --template /home/runner/work/_temp/Library/bookdown/templates/gitbook.html --highlight-style pygments --number-sections --css style.css --mathjax --include-in-header /tmp/RtmpGmYzDU/rmarkdown-str23e8237e9041.html 

Output created: _tmp/projr/v0.0.4/docs/index.html
v Document rendering completed

-- Output Build: Post-Build ----------------------------------------------------
* Finalizing build artifacts
Copied bookdown output from _tmp/projr/v0.0.4/docs to docs
* Updating documentation and metadata
* Committing post-build changes to Git
[master f8320c4] Build v0.0.4: Build project
 4 files changed, 138 insertions(+), 1 deletion(-)
* Sending artifacts to remote destinations
* Running post-build hooks
* Pushing to Git remote
v Post-build completed successfully

⠋ |         31 | dest-send                                                      
-- Output Build: Pre-Build Preparation -----------------------------------------
* Checking prerequisites (Git, GitHub, upstream)
* Updating documentation and version information
* Running pre-build hooks
* Committing pre-build changes to Git
[master d5d6b6e] Snapshot pre-build
 2 files changed, 2 insertions(+), 2 deletions(-)
v Pre-build preparation completed

-- Output Build: Build ---------------------------------------------------------
i Using rendering engine: bookdown
Rendering book in directory '.'


processing file: reportV0.0.0-1.Rmd
1/3                  
2/3 [unnamed-chunk-1]
3/3                  
output file: reportV0.0.0-1.knit.md

/usr/bin/pandoc +RTS -K512m -RTS reportV0.0.0-1.knit.md --to html4 --from markdown+autolink_bare_uris+tex_math_single_backslash --output reportV0.0.0-1.html --lua-filter /home/runner/work/_temp/Library/bookdown/rmarkdown/lua/custom-environment.lua --lua-filter /home/runner/work/_temp/Library/rmarkdown/rmarkdown/lua/pagebreak.lua --lua-filter /home/runner/work/_temp/Library/rmarkdown/rmarkdown/lua/latex-div.lua --lua-filter /home/runner/work/_temp/Library/rmarkdown/rmarkdown/lua/anchor-sections.lua --metadata-file /tmp/RtmpGmYzDU/file23e8387809f9 --wrap preserve --standalone --section-divs --table-of-contents --toc-depth 6 --template /home/runner/work/_temp/Library/bookdown/templates/gitbook.html --highlight-style pygments --number-sections --css style.css --mathjax --include-in-header /tmp/RtmpGmYzDU/rmarkdown-str23e86e3e837b.html 

Output created: _tmp/projr/v0.0.5/docs/index.html
v Document rendering completed

-- Output Build: Post-Build ----------------------------------------------------
* Finalizing build artifacts
Copied bookdown output from _tmp/projr/v0.0.5/docs to docs
* Updating documentation and metadata
* Committing post-build changes to Git
[master 3fca528] Build v0.0.5: Build project
 4 files changed, 136 insertions(+), 1 deletion(-)
* Sending artifacts to remote destinations
* Running post-build hooks
* Pushing to Git remote
v Post-build completed successfully

⠹ |         33 | dest-send                                                      
-- Output Build: Pre-Build Preparation -----------------------------------------
* Checking prerequisites (Git, GitHub, upstream)
* Updating documentation and version information
* Running pre-build hooks
* Committing pre-build changes to Git
[master b53f39e] Snapshot pre-build
 2 files changed, 2 insertions(+), 2 deletions(-)
v Pre-build preparation completed

-- Output Build: Build ---------------------------------------------------------
i Using rendering engine: bookdown
Rendering book in directory '.'


processing file: reportV0.0.0-1.Rmd
1/3                  
2/3 [unnamed-chunk-1]
3/3                  
output file: reportV0.0.0-1.knit.md

/usr/bin/pandoc +RTS -K512m -RTS reportV0.0.0-1.knit.md --to html4 --from markdown+autolink_bare_uris+tex_math_single_backslash --output reportV0.0.0-1.html --lua-filter /home/runner/work/_temp/Library/bookdown/rmarkdown/lua/custom-environment.lua --lua-filter /home/runner/work/_temp/Library/rmarkdown/rmarkdown/lua/pagebreak.lua --lua-filter /home/runner/work/_temp/Library/rmarkdown/rmarkdown/lua/latex-div.lua --lua-filter /home/runner/work/_temp/Library/rmarkdown/rmarkdown/lua/anchor-sections.lua --metadata-file /tmp/RtmpGmYzDU/file23e8bc41bf0 --wrap preserve --standalone --section-divs --table-of-contents --toc-depth 6 --template /home/runner/work/_temp/Library/bookdown/templates/gitbook.html --highlight-style pygments --number-sections --css style.css --mathjax --include-in-header /tmp/RtmpGmYzDU/rmarkdown-str23e83c803853.html 

Output created: _tmp/projr/v0.0.6/docs/index.html
v Document rendering completed

-- Output Build: Post-Build ----------------------------------------------------
* Finalizing build artifacts
Copied bookdown output from _tmp/projr/v0.0.6/docs to docs
* Updating documentation and metadata
* Committing post-build changes to Git
[master d2cd92e] Build v0.0.6: Build project
 4 files changed, 136 insertions(+), 1 deletion(-)
* Sending artifacts to remote destinations
* Running post-build hooks
* Pushing to Git remote
v Post-build completed successfully

⠸ |         34 | dest-send                                                      
-- Output Build: Pre-Build Preparation -----------------------------------------
* Checking prerequisites (Git, GitHub, upstream)
* Updating documentation and version information
* Running pre-build hooks
* Committing pre-build changes to Git
[master a3c5027] Snapshot pre-build
 2 files changed, 2 insertions(+), 2 deletions(-)
v Pre-build preparation completed

-- Output Build: Build ---------------------------------------------------------
i Using rendering engine: bookdown
Rendering book in directory '.'


processing file: reportV0.0.0-1.Rmd
1/3                  
2/3 [unnamed-chunk-1]
3/3                  
output file: reportV0.0.0-1.knit.md

/usr/bin/pandoc +RTS -K512m -RTS reportV0.0.0-1.knit.md --to html4 --from markdown+autolink_bare_uris+tex_math_single_backslash --output reportV0.0.0-1.html --lua-filter /home/runner/work/_temp/Library/bookdown/rmarkdown/lua/custom-environment.lua --lua-filter /home/runner/work/_temp/Library/rmarkdown/rmarkdown/lua/pagebreak.lua --lua-filter /home/runner/work/_temp/Library/rmarkdown/rmarkdown/lua/latex-div.lua --lua-filter /home/runner/work/_temp/Library/rmarkdown/rmarkdown/lua/anchor-sections.lua --metadata-file /tmp/RtmpGmYzDU/file23e858ff82ac --wrap preserve --standalone --section-divs --table-of-contents --toc-depth 6 --template /home/runner/work/_temp/Library/bookdown/templates/gitbook.html --highlight-style pygments --number-sections --css style.css --mathjax --include-in-header /tmp/RtmpGmYzDU/rmarkdown-str23e834fb44ce.html 

Output created: _tmp/projr/v0.0.7/docs/index.html
v Document rendering completed

-- Output Build: Post-Build ----------------------------------------------------
* Finalizing build artifacts
Copied bookdown output from _tmp/projr/v0.0.7/docs to docs
* Updating documentation and metadata
* Committing post-build changes to Git
[master b9eab0e] Build v0.0.7: Build project
 4 files changed, 138 insertions(+), 1 deletion(-)
* Sending artifacts to remote destinations
* Running post-build hooks
* Pushing to Git remote
v Post-build completed successfully

⠴ |         36 | dest-send                                                      v Setting active project to "<no active project>".
v Setting active project to
  "/tmp/RtmpGmYzDU/ProjrGitHubTesttest_projr-0.135395".
[master b085a64] Initial projr commit
 4 files changed, 39 insertions(+), 12 deletions(-)
[master 92f92f0] Snapshot pre-build
 5 files changed, 12 insertions(+), 7 deletions(-)
1/3                  
2/3 [unnamed-chunk-1]
3/3                  
/usr/bin/pandoc +RTS -K512m -RTS reportV0.0.0-1.knit.md --to html4 --from markdown+autolink_bare_uris+tex_math_single_backslash --output reportV0.0.0-1.html --lua-filter /home/runner/work/_temp/Library/bookdown/rmarkdown/lua/custom-environment.lua --lua-filter /home/runner/work/_temp/Library/rmarkdown/rmarkdown/lua/pagebreak.lua --lua-filter /home/runner/work/_temp/Library/rmarkdown/rmarkdown/lua/latex-div.lua --lua-filter /home/runner/work/_temp/Library/rmarkdown/rmarkdown/lua/anchor-sections.lua --metadata-file /tmp/RtmpGmYzDU/file23e84f48040d --wrap preserve --standalone --section-divs --table-of-contents --toc-depth 6 --template /home/runner/work/_temp/Library/bookdown/templates/gitbook.html --highlight-style pygments --number-sections --css style.css --mathjax --include-in-header /tmp/RtmpGmYzDU/rmarkdown-str23e826631550.html 
[master a2bac83] Build v0.0.1: Build project
 4 files changed, 130 insertions(+), 1 deletion(-)
 create mode 100644 BUILDLOG.md
 create mode 100644 CHANGELOG.md
 create mode 100644 manifest.csv

⠦ |         37 | dest-send                                                      v Setting active project to "<no active project>".

✔ |         41 | dest-send [19.2s]

⠏ |          0 | dir-comprehensive                                              Creating standard artefact directories.
Initialised raw, cache and output directories.

⠧ |          8 | dir-comprehensive                                              Creating standard artefact directories.
Initialised raw, cache and output directories.

⠙ |         12 | dir-comprehensive                                              Creating standard artefact directories.
Initialised raw, cache and output directories.
Creating standard artefact directories.
Initialised raw, cache and output directories.
Creating standard artefact directories.
Initialised raw, cache and output directories.

⠇ |         19 | dir-comprehensive                                              Creating standard artefact directories.
Initialised raw, cache and output directories.
Creating standard artefact directories.
Initialised raw, cache and output directories.

⠧ |         28 | dir-comprehensive                                              Creating standard artefact directories.
Initialised raw, cache and output directories.
Creating standard artefact directories.
Initialised raw, cache and output directories.

⠧ |         38 | dir-comprehensive                                              Creating standard artefact directories.
Initialised raw, cache and output directories.

⠼ |         45 | dir-comprehensive                                              Creating standard artefact directories.
Initialised raw, cache and output directories.
Creating standard artefact directories.
Initialised raw, cache and output directories.

⠧ |         58 | dir-comprehensive                                              
✔ |         60 | dir-comprehensive

⠏ |          0 | engine                                                         
✔ |         14 | engine

⠏ |          0 | env                                                            v Setting active project to "/tmp/RtmpGmYzDU/ProjrGitHubTesttest_projr1.30577".
v Setting active project to "<no active project>".
v Setting active project to
  "/tmp/RtmpGmYzDU/ProjrGitHubTesttest_projr0.0674899".

⠇ |         19 | env                                                            v Setting active project to "<no active project>".
v Setting active project to
  "/tmp/RtmpGmYzDU/ProjrGitHubTesttest_projr0.549523".
v Setting active project to "<no active project>".
v Setting active project to "/tmp/RtmpGmYzDU/ProjrGitHubTesttest_projr-2.1629".

⠙ |         32 | env                                                            v Setting active project to "<no active project>".
v Setting active project to
  "/tmp/RtmpGmYzDU/ProjrGitHubTesttest_projr-0.782777".
v Setting active project to "<no active project>".
v Setting active project to
  "/tmp/RtmpGmYzDU/ProjrGitHubTesttest_projr0.730645".
v Setting active project to "<no active project>".
v Setting active project to
  "/tmp/RtmpGmYzDU/ProjrGitHubTesttest_projr-1.09238".
v Setting active project to "<no active project>".
v Setting active project to
  "/tmp/RtmpGmYzDU/ProjrGitHubTesttest_projr0.860467".

⠇ |         39 | env                                                            v Setting active project to "<no active project>".
v Setting active project to
  "/tmp/RtmpGmYzDU/ProjrGitHubTesttest_projr-1.16705".
v Setting active project to "<no active project>".
v Setting active project to
  "/tmp/RtmpGmYzDU/ProjrGitHubTesttest_projr0.707856".
v Setting active project to "<no active project>".

⠇ |         49 | env                                                            v Setting active project to
  "/tmp/RtmpGmYzDU/ProjrGitHubTesttest_projr0.999977".
v Setting active project to "<no active project>".
v Setting active project to
  "/tmp/RtmpGmYzDU/ProjrGitHubTesttest_projr0.817853".
v Setting active project to "<no active project>".

✔ |         59 | env

⠏ |          0 | git                                                            v Setting active project to "/tmp/RtmpGmYzDU/ProjrGitHubTesttest_projr0.30339".
v Setting active project to "<no active project>".
v Setting active project to "/tmp/RtmpGmYzDU/ProjrGitHubTesttest_projr1.30606".

⠇ |          9 | git                                                            hint: Using 'master' as the name for the initial branch. This default branch name
hint: is subject to change. To configure the initial branch name to use in all
hint: of your new repositories, which will suppress this warning, call:
hint:
hint: 	git config --global init.defaultBranch <name>
hint:
hint: Names commonly chosen instead of 'master' are 'main', 'trunk' and
hint: 'development'. The just-created branch can be renamed via this command:
hint:
hint: 	git branch -m <name>
hint:
hint: Disable this message with "git config set advice.defaultBranchName false"
Initialized empty Git repository in /tmp/RtmpGmYzDU/ProjrGitHubTesttest_projr1.30606/.git/
hint: Using 'master' as the name for the initial branch. This default branch name
hint: is subject to change. To configure the initial branch name to use in all
hint: of your new repositories, which will suppress this warning, call:
hint:
hint: 	git config --global init.defaultBranch <name>
hint:
hint: Names commonly chosen instead of 'master' are 'main', 'trunk' and
hint: 'development'. The just-created branch can be renamed via this command:
hint:
hint: 	git branch -m <name>
hint:
hint: Disable this message with "git config set advice.defaultBranchName false"
Initialized empty Git repository in /tmp/RtmpGmYzDU/ProjrGitHubTesttest_projr1.30606/.git/
[master (root-commit) f1e498c] Have fun
 1 file changed, 3 insertions(+)
 create mode 100644 .Rbuildignore
[1] "first commit out"
[1] 0
[1] "first error message"
character(0)
[1] "second commit out"
[1] "f0926be2f3001421384d265875c9c57cad7d0267"

⠦ |         27 | git                                                            v Setting active project to "<no active project>".
v Setting active project to
  "/tmp/RtmpGmYzDU/ProjrGitHubTesttest_projr-0.24989".
hint: Using 'master' as the name for the initial branch. This default branch name
hint: is subject to change. To configure the initial branch name to use in all
hint: of your new repositories, which will suppress this warning, call:
hint:
hint: 	git config --global init.defaultBranch <name>
hint:
hint: Names commonly chosen instead of 'master' are 'main', 'trunk' and
hint: 'development'. The just-created branch can be renamed via this command:
hint:
hint: 	git branch -m <name>
hint:
hint: Disable this message with "git config set advice.defaultBranchName false"
Initialized empty Git repository in /tmp/RtmpGmYzDU/ProjrGitHubTesttest_projr-0.24989/.git/
v Setting active project to "<no active project>".
v Setting active project to "/tmp/RtmpGmYzDU/ProjrGitHubTesttest_projr1.44709".
hint: Using 'master' as the name for the initial branch. This default branch name
hint: is subject to change. To configure the initial branch name to use in all
hint: of your new repositories, which will suppress this warning, call:
hint:
hint: 	git config --global init.defaultBranch <name>
hint:
hint: Names commonly chosen instead of 'master' are 'main', 'trunk' and
hint: 'development'. The just-created branch can be renamed via this command:
hint:
hint: 	git branch -m <name>
hint:
hint: Disable this message with "git config set advice.defaultBranchName false"
Initialized empty Git repository in /tmp/RtmpGmYzDU/ProjrGitHubTesttest_projr1.44709/.git/
[master (root-commit) b571253] initial commit
 1 file changed, 1 insertion(+)
 create mode 100644 test.txt

⠴ |      1  35 | git                                                            v Setting active project to "<no active project>".
v Setting active project to
  "/tmp/RtmpGmYzDU/ProjrGitHubTesttest_projr0.0048289".
hint: Using 'master' as the name for the initial branch. This default branch name
hint: is subject to change. To configure the initial branch name to use in all
hint: of your new repositories, which will suppress this warning, call:
hint:
hint: 	git config --global init.defaultBranch <name>
hint:
hint: Names commonly chosen instead of 'master' are 'main', 'trunk' and
hint: 'development'. The just-created branch can be renamed via this command:
hint:
hint: 	git branch -m <name>
hint:
hint: Disable this message with "git config set advice.defaultBranchName false"
Initialized empty Git repository in /tmp/RtmpGmYzDU/ProjrGitHubTesttest_projr0.0048289/.git/
[master (root-commit) 1c84038] first commit
 1 file changed, 1 insertion(+)
 create mode 100644 file1.txt
[master 7b4a299] commit all
 12 files changed, 97 insertions(+), 1 deletion(-)
 create mode 100644 .Rbuildignore
 create mode 100644 .gitignore
 create mode 100644 DESCRIPTION
 create mode 100644 _bookdown.yml
 create mode 100644 _dependencies.R
 create mode 100644 _output.yml
 create mode 100644 _projr.yml
 create mode 100644 file2.txt
 create mode 100644 file3.txt
 create mode 100644 index.Rmd
 create mode 100644 renv_repos.R
[master 18eb922] commit file1 only
 1 file changed, 1 insertion(+), 1 deletion(-)

⠸ |      1  43 | git                                                            v Setting active project to "<no active project>".
v Setting active project to
  "/tmp/RtmpGmYzDU/ProjrGitHubTesttest_projr-0.451617".
hint: Using 'master' as the name for the initial branch. This default branch name
hint: is subject to change. To configure the initial branch name to use in all
hint: of your new repositories, which will suppress this warning, call:
hint:
hint: 	git config --global init.defaultBranch <name>
hint:
hint: Names commonly chosen instead of 'master' are 'main', 'trunk' and
hint: 'development'. The just-created branch can be renamed via this command:
hint:
hint: 	git branch -m <name>
hint:
hint: Disable this message with "git config set advice.defaultBranchName false"
Initialized empty Git repository in /tmp/RtmpGmYzDU/ProjrGitHubTesttest_projr-0.451617/.git/
[master (root-commit) b571253] initial commit
 1 file changed, 1 insertion(+)
 create mode 100644 test.txt
v Setting active project to "<no active project>".
v Setting active project to
  "/tmp/RtmpGmYzDU/ProjrGitHubTesttest_projr-0.0626792".
hint: Using 'master' as the name for the initial branch. This default branch name
hint: is subject to change. To configure the initial branch name to use in all
hint: of your new repositories, which will suppress this warning, call:
hint:
hint: 	git config --global init.defaultBranch <name>
hint:
hint: Names commonly chosen instead of 'master' are 'main', 'trunk' and
hint: 'development'. The just-created branch can be renamed via this command:
hint:
hint: 	git branch -m <name>
hint:
hint: Disable this message with "git config set advice.defaultBranchName false"
Initialized empty Git repository in /tmp/RtmpGmYzDU/ProjrGitHubTesttest_projr-0.0626792/.git/

⠇ |      1  48 | git                                                            [master (root-commit) 31b2a65] test commit message
 1 file changed, 1 insertion(+)
 create mode 100644 test.txt
v Setting active project to "<no active project>".
v Setting active project to
  "/tmp/RtmpGmYzDU/ProjrGitHubTesttest_projr0.679856".
hint: Using 'master' as the name for the initial branch. This default branch name
hint: is subject to change. To configure the initial branch name to use in all
hint: of your new repositories, which will suppress this warning, call:
hint:
hint: 	git config --global init.defaultBranch <name>
hint:
hint: Names commonly chosen instead of 'master' are 'main', 'trunk' and
hint: 'development'. The just-created branch can be renamed via this command:
hint:
hint: 	git branch -m <name>
hint:
hint: Disable this message with "git config set advice.defaultBranchName false"
Initialized empty Git repository in /tmp/RtmpGmYzDU/ProjrGitHubTesttest_projr0.679856/.git/
[master (root-commit) f286215] commit test
 1 file changed, 1 insertion(+)
 create mode 100644 test.txt
v Setting active project to "<no active project>".
v Setting active project to "/tmp/RtmpGmYzDU/ProjrGitHubTesttest_projr0.23337".
hint: Using 'master' as the name for the initial branch. This default branch name
hint: is subject to change. To configure the initial branch name to use in all
hint: of your new repositories, which will suppress this warning, call:
hint:
hint: 	git config --global init.defaultBranch <name>
hint:
hint: Names commonly chosen instead of 'master' are 'main', 'trunk' and
hint: 'development'. The just-created branch can be renamed via this command:
hint:
hint: 	git branch -m <name>
hint:
hint: Disable this message with "git config set advice.defaultBranchName false"
Initialized empty Git repository in /tmp/RtmpGmYzDU/ProjrGitHubTesttest_projr0.23337/.git/

⠏ |      1  59 | git                                                            v Setting active project to "<no active project>".
v Setting active project to "/tmp/RtmpGmYzDU/ProjrGitHubTesttest_projr1.86011".
hint: Using 'master' as the name for the initial branch. This default branch name
hint: is subject to change. To configure the initial branch name to use in all
hint: of your new repositories, which will suppress this warning, call:
hint:
hint: 	git config --global init.defaultBranch <name>
hint:
hint: Names commonly chosen instead of 'master' are 'main', 'trunk' and
hint: 'development'. The just-created branch can be renamed via this command:
hint:
hint: 	git branch -m <name>
hint:
hint: Disable this message with "git config set advice.defaultBranchName false"
Initialized empty Git repository in /tmp/RtmpGmYzDU/ProjrGitHubTesttest_projr1.86011/.git/
v Setting active project to "<no active project>".

✔ |      3  68 | git

⠏ |          0 | github-remote-comprehensive                                    
✔ |     15   0 | github-remote-comprehensive

⠏ |          0 | hash                                                           v Setting active project to
  "/tmp/RtmpGmYzDU/ProjrGitHubTesttest_projr-1.50843".
v Setting active project to "<no active project>".
v Setting active project to
  "/tmp/RtmpGmYzDU/ProjrGitHubTesttest_projr-2.54503".
v Setting active project to "<no active project>".
v Setting active project to "/tmp/RtmpGmYzDU/ProjrGitHubTesttest_projr1.06555".

⠏ |         10 | hash                                                           v Setting active project to "<no active project>".
v Setting active project to
  "/tmp/RtmpGmYzDU/ProjrGitHubTesttest_projr0.707065".
v Setting active project to "<no active project>".
v Setting active project to
  "/tmp/RtmpGmYzDU/ProjrGitHubTesttest_projr0.0714592".

⠏ |         30 | hash                                                           v Setting active project to "<no active project>".
v Setting active project to
  "/tmp/RtmpGmYzDU/ProjrGitHubTesttest_projr0.636851".
v Setting active project to "<no active project>".
v Setting active project to
  "/tmp/RtmpGmYzDU/ProjrGitHubTesttest_projr-0.934138".
v Setting active project to "<no active project>".
v Setting active project to
  "/tmp/RtmpGmYzDU/ProjrGitHubTesttest_projr-0.362686".

⠦ |         37 | hash                                                           v Setting active project to "<no active project>".
v Setting active project to
  "/tmp/RtmpGmYzDU/ProjrGitHubTesttest_projr-0.510348".
v Setting active project to "<no active project>".
v Setting active project to
  "/tmp/RtmpGmYzDU/ProjrGitHubTesttest_projr0.666279".
v Setting active project to "<no active project>".
v Setting active project to
  "/tmp/RtmpGmYzDU/ProjrGitHubTesttest_projr-1.38838".

⠋ |         51 | hash                                                           v Setting active project to "<no active project>".
v Setting active project to "/tmp/RtmpGmYzDU/ProjrGitHubTesttest_projr-1.5384".
v Setting active project to "<no active project>".
v Setting active project to
  "/tmp/RtmpGmYzDU/ProjrGitHubTesttest_projr0.121525".
v Setting active project to "<no active project>".
v Setting active project to
  "/tmp/RtmpGmYzDU/ProjrGitHubTesttest_projr-1.21981".

⠇ |         69 | hash                                                           v Setting active project to "<no active project>".
v Setting active project to "/tmp/RtmpGmYzDU/ProjrGitHubTesttest_projr1.0888".
v Setting active project to "<no active project>".

✔ |         84 | hash

⠏ |          0 | ignore                                                         v Setting active project to
  "/tmp/RtmpGmYzDU/ProjrGitHubTesttest_projr-0.477224".
v Setting active project to "<no active project>".
v Setting active project to
  "/tmp/RtmpGmYzDU/ProjrGitHubTesttest_projr-0.37486".
v Setting active project to "<no active project>".
v Setting active project to
  "/tmp/RtmpGmYzDU/ProjrGitHubTesttest_projr-0.000845965".

⠇ |          9 | ignore                                                         v Setting active project to "<no active project>".
v Setting active project to
  "/tmp/RtmpGmYzDU/ProjrGitHubTesttest_projr-0.100698".
v Setting active project to "<no active project>".
v Setting active project to "/tmp/RtmpGmYzDU/ProjrGitHubTesttest_projr1.7618".
v Setting active project to "<no active project>".
v Setting active project to
  "/tmp/RtmpGmYzDU/ProjrGitHubTesttest_projr-0.69419".
v Setting active project to "<no active project>".
v Setting active project to
  "/tmp/RtmpGmYzDU/ProjrGitHubTesttest_projr0.133292".

⠴ |         16 | ignore                                                         v Setting active project to "<no active project>".
v Setting active project to
  "/tmp/RtmpGmYzDU/ProjrGitHubTesttest_projr0.234292".
v Setting active project to "<no active project>".
v Setting active project to
  "/tmp/RtmpGmYzDU/ProjrGitHubTesttest_projr0.136909".
v Setting active project to "<no active project>".
v Setting active project to "/tmp/RtmpGmYzDU/ProjrGitHubTesttest_projr1.02704".

⠙ |         22 | ignore                                                         v Setting active project to "<no active project>".
v Setting active project to
  "/tmp/RtmpGmYzDU/ProjrGitHubTesttest_projr-2.40202".
v Setting active project to "<no active project>".
v Setting active project to "/tmp/RtmpGmYzDU/ProjrGitHubTesttest_projr0.75056".

⠙ |         32 | ignore                                                         v Setting active project to "<no active project>".
v Setting active project to
  "/tmp/RtmpGmYzDU/ProjrGitHubTesttest_projr-0.577674".
v Setting active project to "<no active project>".
v Setting active project to
  "/tmp/RtmpGmYzDU/ProjrGitHubTesttest_projr0.574568".
v Setting active project to "<no active project>".
v Setting active project to
  "/tmp/RtmpGmYzDU/ProjrGitHubTesttest_projr-2.41567".
v Setting active project to "<no active project>".
v Setting active project to
  "/tmp/RtmpGmYzDU/ProjrGitHubTesttest_projr0.341083".

⠴ |         36 | ignore                                                         v Setting active project to "<no active project>".
v Setting active project to
  "/tmp/RtmpGmYzDU/ProjrGitHubTesttest_projr0.0755219".
v Setting active project to "<no active project>".
v Setting active project to
  "/tmp/RtmpGmYzDU/ProjrGitHubTesttest_projr0.558828".
v Setting active project to "<no active project>".
v Setting active project to
  "/tmp/RtmpGmYzDU/ProjrGitHubTesttest_projr0.340269".
v Setting active project to "<no active project>".
v Setting active project to "/tmp/RtmpGmYzDU/ProjrGitHubTesttest_projr0.83604".

⠏ |         40 | ignore                                                         v Setting active project to "<no active project>".

✔ |         42 | ignore

⠏ |          0 | init-readme-completion                                         Please finish the following sentence:
 The purpose of mytestpackage is to...Please finish the following sentence:
 The purpose of testProjrInitPrompt is to...Creating CITATION file
i Creating directory '/tmp/RtmpGmYzDU/testProjrInitPrompt/inst'
i Writing 1 entry ...
v Results written to '/tmp/RtmpGmYzDU/testProjrInitPrompt/inst/CITATION'
Creating CITATION.cff file
v 'CITATION.cff' generated
i Adding "CITATION.cff" to '.Rbuildignore'
== Validating cff ==============================================================
v Congratulations! 'CITATION.cff' is valid
Using bundled GitHub PAT. Please add your own PAT using `gitcreds::gitcreds_set()`
Note: Could not install 'codemeta' package. Skipping codemeta.json creation.
Error: Failed to install 'codemeta' from GitHub:
  HTTP error 401.
  Bad credentials
hint: Using 'master' as the name for the initial branch. This default branch name
hint: is subject to change. To configure the initial branch name to use in all
hint: of your new repositories, which will suppress this warning, call:
hint:
hint: 	git config --global init.defaultBranch <name>
hint:
hint: Names commonly chosen instead of 'master' are 'main', 'trunk' and
hint: 'development'. The just-created branch can be renamed via this command:
hint:
hint: 	git branch -m <name>
hint:
hint: Disable this message with "git config set advice.defaultBranchName false"
Initialized empty Git repository in /tmp/RtmpGmYzDU/testProjrInitPrompt/.git/
[master (root-commit) 9e8d1e8] Initial projr commit
 12 files changed, 578 insertions(+)
 create mode 100644 .Rbuildignore
 create mode 100644 .gitignore
 create mode 100644 CITATION.cff
 create mode 100644 DESCRIPTION
 create mode 100644 LICENSE.md
 create mode 100644 README.md
 create mode 100644 _bookdown.yml
 create mode 100644 _dependencies.R
 create mode 100644 _output.yml
 create mode 100644 _projr.yml
 create mode 100644 index.Rmd
 create mode 100644 inst/CITATION

⠦ |          7 | init-readme-completion                                         
✔ |         14 | init-readme-completion

⠏ |          0 | init                                                           Creating DESCRIPTION file.
Created DESCRIPTION.
Creating standard artefact directories.
Initialised raw, cache and output directories.
Creating README file.
Rendered README.Rmd.
Created _bookdown.yml.
Created _output.yml.
Created index.Rmd.
hint: Using 'master' as the name for the initial branch. This default branch name
hint: is subject to change. To configure the initial branch name to use in all
hint: of your new repositories, which will suppress this warning, call:
hint:
hint: 	git config --global init.defaultBranch <name>
hint:
hint: Names commonly chosen instead of 'master' are 'main', 'trunk' and
hint: 'development'. The just-created branch can be renamed via this command:
hint:
hint: 	git branch -m <name>
hint:
hint: Disable this message with "git config set advice.defaultBranchName false"
Initialized empty Git repository in /tmp/RtmpGmYzDU/testProjr2/.git/
[master (root-commit) 00ec71f] Initial projr commit
 9 files changed, 194 insertions(+)
 create mode 100644 .Rbuildignore
 create mode 100644 .gitignore
 create mode 100644 DESCRIPTION
 create mode 100644 README.Rmd
 create mode 100644 README.md
 create mode 100644 _bookdown.yml
 create mode 100644 _output.yml
 create mode 100644 _projr.yml
 create mode 100644 index.Rmd

⠋ |          1 | init                                                           Creating standard artefact directories.
Initialised raw, cache and output directories.

⠧ |         28 | init                                                           
⠹ |         33 | init                                                           
⠧ |         38 | init                                                           
⠹ |         43 | init                                                           
⠹ |         53 | init                                                           Creating standard artefact directories.
Initialised raw, cache and output directories.
Creating README file.
Rendered README.Rmd.
Creating standard artefact directories.
Initialised raw, cache and output directories.
Creating README file.
Rendered README.Rmd.
hint: Using 'master' as the name for the initial branch. This default branch name
hint: is subject to change. To configure the initial branch name to use in all
hint: of your new repositories, which will suppress this warning, call:
hint:
hint: 	git config --global init.defaultBranch <name>
hint:
hint: Names commonly chosen instead of 'master' are 'main', 'trunk' and
hint: 'development'. The just-created branch can be renamed via this command:
hint:
hint: 	git branch -m <name>
hint:
hint: Disable this message with "git config set advice.defaultBranchName false"
Initialized empty Git repository in /tmp/RtmpGmYzDU/testProjrGit/.git/
[master (root-commit) 6ef0d15] Initial projr commit
 6 files changed, 136 insertions(+)
 create mode 100644 .Rbuildignore
 create mode 100644 .gitignore
 create mode 100644 README.Rmd
 create mode 100644 README.md
 create mode 100644 VERSION
 create mode 100644 _projr.yml

⠏ |         60 | init                                                           Creating DESCRIPTION file.
Created DESCRIPTION.
Creating standard artefact directories.
Initialised raw, cache and output directories.
Creating README file.
Rendered README.Rmd.
Creating LICENSE file.
Created LICENSE.
Creating standard artefact directories.
Initialised raw, cache and output directories.
Creating README file.
Rendered README.Rmd.

⠸ |         64 | init                                                           Creating standard artefact directories.
Initialised raw, cache and output directories.
Creating README file.
Rendered README.Rmd.
Created intro.qmd.
Creating standard artefact directories.
Initialised raw, cache and output directories.
Creating README file.
Creating DESCRIPTION file.
Created DESCRIPTION.
Creating standard artefact directories.
Initialised raw, cache and output directories.
Creating README file.
Rendered README.Rmd.
Creating LICENSE file.
Created LICENSE.
Created intro.Rmd.
hint: Using 'master' as the name for the initial branch. This default branch name
hint: is subject to change. To configure the initial branch name to use in all
hint: of your new repositories, which will suppress this warning, call:
hint:
hint: 	git config --global init.defaultBranch <name>
hint:
hint: Names commonly chosen instead of 'master' are 'main', 'trunk' and
hint: 'development'. The just-created branch can be renamed via this command:
hint:
hint: 	git branch -m <name>
hint:
hint: Disable this message with "git config set advice.defaultBranchName false"
Initialized empty Git repository in /tmp/RtmpGmYzDU/testProjrInitAll/.git/
[master (root-commit) a2e7590] Initial projr commit
 8 files changed, 213 insertions(+)
 create mode 100644 .Rbuildignore
 create mode 100644 .gitignore
 create mode 100644 DESCRIPTION
 create mode 100644 LICENSE.md
 create mode 100644 README.Rmd
 create mode 100644 README.md
 create mode 100644 _projr.yml
 create mode 100644 intro.Rmd

⠧ |         68 | init                                                           Creating DESCRIPTION file.
Created DESCRIPTION.
Creating standard artefact directories.
Initialised raw, cache and output directories.
Creating README file.
Rendered README.Rmd.
Setting up citation files.
Creating CITATION.cff file
v 'CITATION.cff' generated
== Validating cff ==============================================================
v Congratulations! 'CITATION.cff' is valid
Using bundled GitHub PAT. Please add your own PAT using `gitcreds::gitcreds_set()`
Note: Could not install 'codemeta' package. Skipping codemeta.json creation.
Error: Failed to install 'codemeta' from GitHub:
  HTTP error 401.
  Bad credentials

⠼ |         75 | init                                                           hint: Using 'master' as the name for the initial branch. This default branch name
hint: is subject to change. To configure the initial branch name to use in all
hint: of your new repositories, which will suppress this warning, call:
hint:
hint: 	git config --global init.defaultBranch <name>
hint:
hint: Names commonly chosen instead of 'master' are 'main', 'trunk' and
hint: 'development'. The just-created branch can be renamed via this command:
hint:
hint: 	git branch -m <name>
hint:
hint: Disable this message with "git config set advice.defaultBranchName false"
Initialized empty Git repository in /tmp/RtmpGmYzDU/testProjrGitInit/.git/
[master (root-commit) 9d7ebc0] Initial projr commit
 2 files changed, 12 insertions(+)
 create mode 100644 .Rbuildignore
 create mode 100644 .gitignore
hint: Using 'master' as the name for the initial branch. This default branch name
hint: is subject to change. To configure the initial branch name to use in all
hint: of your new repositories, which will suppress this warning, call:
hint:
hint: 	git config --global init.defaultBranch <name>
hint:
hint: Names commonly chosen instead of 'master' are 'main', 'trunk' and
hint: 'development'. The just-created branch can be renamed via this command:
hint:
hint: 	git branch -m <name>
hint:
hint: Disable this message with "git config set advice.defaultBranchName false"
Initialized empty Git repository in /tmp/RtmpGmYzDU/testProjrGitNoCommit/.git/

⠏ |         80 | init                                                           Creating DESCRIPTION file.
Created DESCRIPTION.
Creating standard artefact directories.
Initialised raw, cache and output directories.
Creating README file.
Rendered README.Rmd.
Creating DESCRIPTION file.
Created DESCRIPTION.
Creating standard artefact directories.
Initialised raw, cache and output directories.
Creating README file.
Rendered README.Rmd.

⠼ |         85 | init                                                           Creating DESCRIPTION file.
Created DESCRIPTION.
Creating standard artefact directories.
Initialised raw, cache and output directories.
Creating README file.
Rendered README.Rmd.
Creating DESCRIPTION file.
Created DESCRIPTION.
Creating standard artefact directories.
Initialised raw, cache and output directories.
Creating README file.
Rendered README.Rmd.

⠦ |         87 | init                                                           
✔ |      1  88 | init [2.3s]

⠏ |          0 | integration-comprehensive                                      v Setting active project to
  "/tmp/RtmpGmYzDU/ProjrGitHubTesttest_projr-1.76767".
[master bd7421c] Initial projr commit
 4 files changed, 39 insertions(+), 12 deletions(-)

-- Output Build: Pre-Build Preparation -----------------------------------------
* Checking prerequisites (Git, GitHub, upstream)
* Updating documentation and version information
* Running pre-build hooks
* Committing pre-build changes to Git
[master 28bf867] Snapshot pre-build
 4 files changed, 4 insertions(+), 7 deletions(-)
v Pre-build preparation completed

-- Output Build: Build ---------------------------------------------------------
i Using rendering engine: bookdown
Rendering book in directory '.'


processing file: reportV0.0.0-1.Rmd
1/3                  
2/3 [unnamed-chunk-1]
3/3                  
output file: reportV0.0.0-1.knit.md

/usr/bin/pandoc +RTS -K512m -RTS reportV0.0.0-1.knit.md --to html4 --from markdown+autolink_bare_uris+tex_math_single_backslash --output reportV0.0.0-1.html --lua-filter /home/runner/work/_temp/Library/bookdown/rmarkdown/lua/custom-environment.lua --lua-filter /home/runner/work/_temp/Library/rmarkdown/rmarkdown/lua/pagebreak.lua --lua-filter /home/runner/work/_temp/Library/rmarkdown/rmarkdown/lua/latex-div.lua --lua-filter /home/runner/work/_temp/Library/rmarkdown/rmarkdown/lua/anchor-sections.lua --metadata-file /tmp/RtmpGmYzDU/file23e87156b156 --wrap preserve --standalone --section-divs --table-of-contents --toc-depth 6 --template /home/runner/work/_temp/Library/bookdown/templates/gitbook.html --highlight-style pygments --number-sections --css style.css --mathjax --include-in-header /tmp/RtmpGmYzDU/rmarkdown-str23e85e44e5e3.html 

Output created: _tmp/projr/v0.0.1/docs/index.html
v Document rendering completed

-- Output Build: Post-Build ----------------------------------------------------
* Finalizing build artifacts
Copied bookdown output from _tmp/projr/v0.0.1/docs to docs
* Updating documentation and metadata
* Committing post-build changes to Git
[master fd5f251] Build v0.0.1: Build project
 4 files changed, 129 insertions(+), 1 deletion(-)
 create mode 100644 BUILDLOG.md
 create mode 100644 CHANGELOG.md
 create mode 100644 manifest.csv
* Sending artifacts to remote destinations
* Running post-build hooks
* Pushing to Git remote
v Post-build completed successfully

⠋ |          1 | integration-comprehensive                                      
-- Output Build: Pre-Build Preparation -----------------------------------------
* Checking prerequisites (Git, GitHub, upstream)
* Updating documentation and version information
* Running pre-build hooks
* Committing pre-build changes to Git
[master 01d35f1] Snapshot pre-build
 5 files changed, 24 insertions(+), 2 deletions(-)
v Pre-build preparation completed

-- Output Build: Build ---------------------------------------------------------
i Using rendering engine: bookdown
Rendering book in directory '.'


processing file: reportV0.0.0-1.Rmd
1/3                  
2/3 [unnamed-chunk-1]
3/3                  
output file: reportV0.0.0-1.knit.md

/usr/bin/pandoc +RTS -K512m -RTS reportV0.0.0-1.knit.md --to html4 --from markdown+autolink_bare_uris+tex_math_single_backslash --output reportV0.0.0-1.html --lua-filter /home/runner/work/_temp/Library/bookdown/rmarkdown/lua/custom-environment.lua --lua-filter /home/runner/work/_temp/Library/rmarkdown/rmarkdown/lua/pagebreak.lua --lua-filter /home/runner/work/_temp/Library/rmarkdown/rmarkdown/lua/latex-div.lua --lua-filter /home/runner/work/_temp/Library/rmarkdown/rmarkdown/lua/anchor-sections.lua --metadata-file /tmp/RtmpGmYzDU/file23e87d8145a8 --wrap preserve --standalone --section-divs --table-of-contents --toc-depth 6 --template /home/runner/work/_temp/Library/bookdown/templates/gitbook.html --highlight-style pygments --number-sections --css style.css --mathjax --include-in-header /tmp/RtmpGmYzDU/rmarkdown-str23e84ceb83a6.html 

Output created: _tmp/projr/v0.0.2/docs/index.html
v Document rendering completed

-- Output Build: Post-Build ----------------------------------------------------
* Finalizing build artifacts
Copied bookdown output from _tmp/projr/v0.0.2/docs to docs
* Updating documentation and metadata
* Committing post-build changes to Git
[master 8ee5a1f] Build v0.0.2: Build project
 4 files changed, 136 insertions(+), 1 deletion(-)
* Sending artifacts to remote destinations
* Running post-build hooks
* Pushing to Git remote
v Post-build completed successfully

⠹ |          3 | integration-comprehensive                                      
-- Output Build: Pre-Build Preparation -----------------------------------------
* Checking prerequisites (Git, GitHub, upstream)
* Updating documentation and version information
* Running pre-build hooks
* Committing pre-build changes to Git
[master 557b2b8] Snapshot pre-build
 6 files changed, 9 insertions(+), 2 deletions(-)
 create mode 100644 hook-log.txt
 create mode 100644 hooks/post-hook.R
 create mode 100644 hooks/pre-hook.R
v Pre-build preparation completed

-- Output Build: Build ---------------------------------------------------------
i Using rendering engine: bookdown
Rendering book in directory '.'


processing file: reportV0.0.0-1.Rmd
1/3                  
2/3 [unnamed-chunk-1]
3/3                  
output file: reportV0.0.0-1.knit.md

/usr/bin/pandoc +RTS -K512m -RTS reportV0.0.0-1.knit.md --to html4 --from markdown+autolink_bare_uris+tex_math_single_backslash --output reportV0.0.0-1.html --lua-filter /home/runner/work/_temp/Library/bookdown/rmarkdown/lua/custom-environment.lua --lua-filter /home/runner/work/_temp/Library/rmarkdown/rmarkdown/lua/pagebreak.lua --lua-filter /home/runner/work/_temp/Library/rmarkdown/rmarkdown/lua/latex-div.lua --lua-filter /home/runner/work/_temp/Library/rmarkdown/rmarkdown/lua/anchor-sections.lua --metadata-file /tmp/RtmpGmYzDU/file23e8379fd67b --wrap preserve --standalone --section-divs --table-of-contents --toc-depth 6 --template /home/runner/work/_temp/Library/bookdown/templates/gitbook.html --highlight-style pygments --number-sections --css style.css --mathjax --include-in-header /tmp/RtmpGmYzDU/rmarkdown-str23e8453f7d39.html 

Output created: _tmp/projr/v0.0.3/docs/index.html
v Document rendering completed

-- Output Build: Post-Build ----------------------------------------------------
* Finalizing build artifacts
Copied bookdown output from _tmp/projr/v0.0.3/docs to docs
* Updating documentation and metadata
* Committing post-build changes to Git
[master 2f57986] Build v0.0.3: Build project
 4 files changed, 153 insertions(+), 1 deletion(-)
* Sending artifacts to remote destinations
* Running post-build hooks
[master 0b9080c] Build v0.0.3: Build project
 1 file changed, 1 insertion(+)
* Pushing to Git remote
v Post-build completed successfully

⠴ |          6 | integration-comprehensive                                      
-- Output Build: Pre-Build Preparation -----------------------------------------
* Checking prerequisites (Git, GitHub, upstream)
* Updating documentation and version information
* Running pre-build hooks
* Committing pre-build changes to Git
[master ca3bd7a] Snapshot pre-build
 7 files changed, 5 insertions(+), 42 deletions(-)
 delete mode 100644 _bookdown.yml
 delete mode 100644 _output.yml
 delete mode 100644 index.Rmd
v Pre-build preparation completed

-- Output Build: Build ---------------------------------------------------------
i Using rendering engine: quarto_project
[1m[34m[1/3] CHANGELOG.md[39m[22m
[1m[34m[2/3] index.qmd[39m[22m
[1m[34m[3/3] BUILDLOG.md[39m[22m

Output created: _tmp/projr/v0.0.4/docs/index.html

v Document rendering completed

-- Output Build: Post-Build ----------------------------------------------------
* Finalizing build artifacts
Copied quarto project output from _tmp/projr/v0.0.4/docs to docs
* Updating documentation and metadata
* Committing post-build changes to Git
[master 5e055b9] Build v0.0.4: Build project
 4 files changed, 154 insertions(+)
* Sending artifacts to remote destinations
* Running post-build hooks
[master b7e4a37] Build v0.0.4: Build project
 1 file changed, 1 insertion(+)
* Pushing to Git remote
v Post-build completed successfully

⠋ |         11 | integration-comprehensive                                      
-- Output Build: Pre-Build Preparation -----------------------------------------
* Checking prerequisites (Git, GitHub, upstream)
* Updating documentation and version information
* Running pre-build hooks
* Committing pre-build changes to Git
[master 8b14b6b] Snapshot pre-build
 5 files changed, 12 insertions(+), 9 deletions(-)
v Pre-build preparation completed

-- Output Build: Build ---------------------------------------------------------
i Using rendering engine: quarto_project
[1m[34m[1/3] CHANGELOG.md[39m[22m
[1m[34m[2/3] index.qmd[39m[22m
[1m[34m[3/3] BUILDLOG.md[39m[22m

Output created: _tmp/projr/v0.0.5/docs/index.html

v Document rendering completed

-- Output Build: Post-Build ----------------------------------------------------
* Finalizing build artifacts
Copied quarto project output from _tmp/projr/v0.0.5/docs to docs
* Updating documentation and metadata
* Committing post-build changes to Git
[master cb71795] Build v0.0.5: Build project
 3 files changed, 151 insertions(+)
* Sending artifacts to remote destinations
* Running post-build hooks
[master 889386e] Build v0.0.5: Build project
 1 file changed, 1 insertion(+)
* Pushing to Git remote
v Post-build completed successfully

⠙ |         12 | integration-comprehensive                                      
-- Output Build: Pre-Build Preparation -----------------------------------------
* Checking prerequisites (Git, GitHub, upstream)
* Updating documentation and version information
* Running pre-build hooks
* Committing pre-build changes to Git
[master 0265af0] Snapshot pre-build
 2 files changed, 1 insertion(+), 2 deletions(-)
v Pre-build preparation completed

-- Output Build: Build ---------------------------------------------------------
i Using rendering engine: quarto_project
[1m[34m[1/3] CHANGELOG.md[39m[22m
[1m[34m[2/3] index.qmd[39m[22m
[1m[34m[3/3] BUILDLOG.md[39m[22m

Output created: _tmp/projr/v0.1.0/docs/index.html

v Document rendering completed

-- Output Build: Post-Build ----------------------------------------------------
* Finalizing build artifacts
Copied quarto project output from _tmp/projr/v0.1.0/docs to docs
* Updating documentation and metadata
* Committing post-build changes to Git
[master 0c950e2] Build v0.1.0: Build project
 3 files changed, 152 insertions(+)
* Sending artifacts to remote destinations
* Running post-build hooks
[master 6da0472] Build v0.1.0: Build project
 1 file changed, 1 insertion(+)
* Pushing to Git remote
v Post-build completed successfully

⠸ |         14 | integration-comprehensive                                      
-- Output Build: Pre-Build Preparation -----------------------------------------
* Checking prerequisites (Git, GitHub, upstream)
* Updating documentation and version information
* Running pre-build hooks
* Committing pre-build changes to Git
[master 0dcab9e] Snapshot pre-build
 2 files changed, 1 insertion(+), 2 deletions(-)
v Pre-build preparation completed

-- Output Build: Build ---------------------------------------------------------
i Using rendering engine: quarto_project
[1m[34m[1/3] CHANGELOG.md[39m[22m
[1m[34m[2/3] index.qmd[39m[22m
[1m[34m[3/3] BUILDLOG.md[39m[22m

Output created: _tmp/projr/v0.1.1/docs/index.html

v Document rendering completed

-- Output Build: Post-Build ----------------------------------------------------
* Finalizing build artifacts
Copied quarto project output from _tmp/projr/v0.1.1/docs to docs
* Updating documentation and metadata
* Committing post-build changes to Git
[master d66d1bf] Build v0.1.1: Build project
 3 files changed, 151 insertions(+)
* Sending artifacts to remote destinations
* Running post-build hooks
[master f30005f] Build v0.1.1: Build project
 1 file changed, 1 insertion(+)
* Pushing to Git remote
v Post-build completed successfully

⠼ |         15 | integration-comprehensive                                      Error restoring label: raw-data - VERSION file not found
v Setting active project to "<no active project>".
v Setting active project to
  "/tmp/RtmpGmYzDU/ProjrGitHubTesttest_projr0.825579".
[master b6c4f4f] Initial projr commit
 4 files changed, 43 insertions(+), 9 deletions(-)
 create mode 100644 analysis.Rmd


processing file: analysis.Rmd
1/1
output file: analysis.knit.md

/usr/bin/pandoc +RTS -K512m -RTS analysis.knit.md --to html4 --from markdown+autolink_bare_uris+tex_math_single_backslash --output analysis.html --lua-filter /home/runner/work/_temp/Library/bookdown/rmarkdown/lua/custom-environment.lua --lua-filter /home/runner/work/_temp/Library/rmarkdown/rmarkdown/lua/pagebreak.lua --lua-filter /home/runner/work/_temp/Library/rmarkdown/rmarkdown/lua/latex-div.lua --lua-filter /home/runner/work/_temp/Library/rmarkdown/rmarkdown/lua/anchor-sections.lua --wrap preserve --standalone --section-divs --table-of-contents --toc-depth 6 --template /home/runner/work/_temp/Library/bookdown/templates/gitbook.html --highlight-style pygments --number-sections --css style.css --mathjax --include-in-header /tmp/RtmpGmYzDU/rmarkdown-str23e837a44958.html 

Output created: analysis.html

⠧ |         18 | integration-comprehensive                                      

processing file: analysis.Rmd
1/1
output file: analysis.knit.md

/usr/bin/pandoc +RTS -K512m -RTS analysis.knit.md --to html4 --from markdown+autolink_bare_uris+tex_math_single_backslash --output analysis.html --lua-filter /home/runner/work/_temp/Library/bookdown/rmarkdown/lua/custom-environment.lua --lua-filter /home/runner/work/_temp/Library/rmarkdown/rmarkdown/lua/pagebreak.lua --lua-filter /home/runner/work/_temp/Library/rmarkdown/rmarkdown/lua/latex-div.lua --lua-filter /home/runner/work/_temp/Library/rmarkdown/rmarkdown/lua/anchor-sections.lua --wrap preserve --standalone --section-divs --table-of-contents --toc-depth 6 --template /home/runner/work/_temp/Library/bookdown/templates/gitbook.html --highlight-style pygments --number-sections --css style.css --mathjax --include-in-header /tmp/RtmpGmYzDU/rmarkdown-str23e816bf2721.html 

Output created: analysis.html

⠇ |         19 | integration-comprehensive                                      
-- Output Build: Pre-Build Preparation -----------------------------------------
* Checking prerequisites (Git, GitHub, upstream)
* Updating documentation and version information
* Running pre-build hooks
* Committing pre-build changes to Git
[master 4944903] Snapshot pre-build
 31 files changed, 12790 insertions(+), 28 deletions(-)
 delete mode 100644 _bookdown.yml
 delete mode 100644 index.Rmd
 create mode 100644 libs/anchor-sections-1.1.0/anchor-sections-hash.css
 create mode 100644 libs/anchor-sections-1.1.0/anchor-sections-icon.css
 create mode 100644 libs/anchor-sections-1.1.0/anchor-sections-symbol.css
 create mode 100644 libs/anchor-sections-1.1.0/anchor-sections.css
 create mode 100644 libs/anchor-sections-1.1.0/anchor-sections.js
 create mode 100644 libs/gitbook-2.6.7/css/fontawesome/fontawesome-webfont.ttf
 create mode 100644 libs/gitbook-2.6.7/css/plugin-bookdown.css
 create mode 100644 libs/gitbook-2.6.7/css/plugin-clipboard.css
 create mode 100644 libs/gitbook-2.6.7/css/plugin-fontsettings.css
 create mode 100644 libs/gitbook-2.6.7/css/plugin-highlight.css
 create mode 100644 libs/gitbook-2.6.7/css/plugin-search.css
 create mode 100644 libs/gitbook-2.6.7/css/plugin-table.css
 create mode 100644 libs/gitbook-2.6.7/css/style.css
 create mode 100644 libs/gitbook-2.6.7/js/app.min.js
 create mode 100644 libs/gitbook-2.6.7/js/clipboard.min.js
 create mode 100644 libs/gitbook-2.6.7/js/jquery.highlight.js
 create mode 100644 libs/gitbook-2.6.7/js/lunr.js
 create mode 100644 libs/gitbook-2.6.7/js/plugin-bookdown.js
 create mode 100644 libs/gitbook-2.6.7/js/plugin-clipboard.js
 create mode 100644 libs/gitbook-2.6.7/js/plugin-fontsettings.js
 create mode 100644 libs/gitbook-2.6.7/js/plugin-search.js
 create mode 100644 libs/gitbook-2.6.7/js/plugin-sharing.js
 create mode 100644 libs/jquery-3.6.0/jquery-3.6.0.js
 create mode 100644 libs/jquery-3.6.0/jquery-3.6.0.min.js
 create mode 100644 libs/jquery-3.6.0/jquery-3.6.0.min.map
v Pre-build preparation completed

-- Output Build: Build ---------------------------------------------------------
i Using rendering engine: rmd


processing file: analysis.Rmd
1/1
output file: analysis.knit.md

/usr/bin/pandoc +RTS -K512m -RTS analysis.knit.md --to html4 --from markdown+autolink_bare_uris+tex_math_single_backslash --output analysis.html --lua-filter /home/runner/work/_temp/Library/bookdown/rmarkdown/lua/custom-environment.lua --lua-filter /home/runner/work/_temp/Library/rmarkdown/rmarkdown/lua/pagebreak.lua --lua-filter /home/runner/work/_temp/Library/rmarkdown/rmarkdown/lua/latex-div.lua --lua-filter /home/runner/work/_temp/Library/rmarkdown/rmarkdown/lua/anchor-sections.lua --wrap preserve --standalone --section-divs --table-of-contents --toc-depth 6 --template /home/runner/work/_temp/Library/bookdown/templates/gitbook.html --highlight-style pygments --number-sections --css style.css --mathjax --include-in-header /tmp/RtmpGmYzDU/rmarkdown-str23e8980429e.html 

Output created: analysis.html
v Document rendering completed

-- Output Build: Post-Build ----------------------------------------------------
* Finalizing build artifacts
* Updating documentation and metadata
* Committing post-build changes to Git
[master 9313c74] Build v0.0.1: Build project
 3 files changed, 117 insertions(+)
 create mode 100644 BUILDLOG.md
 create mode 100644 CHANGELOG.md
 create mode 100644 manifest.csv
* Sending artifacts to remote destinations
* Running post-build hooks
* Pushing to Git remote
v Post-build completed successfully

⠏ |         20 | integration-comprehensive                                      
-- Output Build: Pre-Build Preparation -----------------------------------------
* Checking prerequisites (Git, GitHub, upstream)
* Updating documentation and version information
* Running pre-build hooks
* Committing pre-build changes to Git
[master baad364] Snapshot pre-build
 6 files changed, 16 insertions(+), 22 deletions(-)
 create mode 100644 _bookdown.yml
 delete mode 100644 analysis.Rmd
 create mode 100644 index.Rmd
v Pre-build preparation completed

-- Output Build: Build ---------------------------------------------------------
i Using rendering engine: bookdown
Rendering book in directory '.'


processing file: _main.Rmd
1/1
output file: _main.knit.md

/usr/bin/pandoc +RTS -K512m -RTS _main.knit.md --to html4 --from markdown+autolink_bare_uris+tex_math_single_backslash --output _main.html --lua-filter /home/runner/work/_temp/Library/bookdown/rmarkdown/lua/custom-environment.lua --lua-filter /home/runner/work/_temp/Library/rmarkdown/rmarkdown/lua/pagebreak.lua --lua-filter /home/runner/work/_temp/Library/rmarkdown/rmarkdown/lua/latex-div.lua --lua-filter /home/runner/work/_temp/Library/rmarkdown/rmarkdown/lua/anchor-sections.lua --metadata-file /tmp/RtmpGmYzDU/file23e83a39c6f2 --wrap preserve --standalone --section-divs --table-of-contents --toc-depth 3 --template /home/runner/work/_temp/Library/bookdown/templates/gitbook.html --highlight-style pygments --number-sections --mathjax --include-in-header /tmp/RtmpGmYzDU/rmarkdown-str23e837c8345a.html 
[WARNING] This document format requires a nonempty <title> element.
  Defaulting to '_main.knit' as the title.
  To specify a title, use 'title' in metadata or --metadata title="...".

Output created: _tmp/projr/v0.0.2/docs/index.html
v Document rendering completed

-- Output Build: Post-Build ----------------------------------------------------
* Finalizing build artifacts
Copied bookdown output from _tmp/projr/v0.0.2/docs to docs
* Updating documentation and metadata
* Committing post-build changes to Git
[master 6f8d132] Build v0.0.2: Build project
 29 files changed, 134 insertions(+), 12767 deletions(-)
 delete mode 100644 libs/anchor-sections-1.1.0/anchor-sections-hash.css
 delete mode 100644 libs/anchor-sections-1.1.0/anchor-sections-icon.css
 delete mode 100644 libs/anchor-sections-1.1.0/anchor-sections-symbol.css
 delete mode 100644 libs/anchor-sections-1.1.0/anchor-sections.css
 delete mode 100644 libs/anchor-sections-1.1.0/anchor-sections.js
 delete mode 100644 libs/gitbook-2.6.7/css/fontawesome/fontawesome-webfont.ttf
 delete mode 100644 libs/gitbook-2.6.7/css/plugin-bookdown.css
 delete mode 100644 libs/gitbook-2.6.7/css/plugin-clipboard.css
 delete mode 100644 libs/gitbook-2.6.7/css/plugin-fontsettings.css
 delete mode 100644 libs/gitbook-2.6.7/css/plugin-highlight.css
 delete mode 100644 libs/gitbook-2.6.7/css/plugin-search.css
 delete mode 100644 libs/gitbook-2.6.7/css/plugin-table.css
 delete mode 100644 libs/gitbook-2.6.7/css/style.css
 delete mode 100644 libs/gitbook-2.6.7/js/app.min.js
 delete mode 100644 libs/gitbook-2.6.7/js/clipboard.min.js
 delete mode 100644 libs/gitbook-2.6.7/js/jquery.highlight.js
 delete mode 100644 libs/gitbook-2.6.7/js/lunr.js
 delete mode 100644 libs/gitbook-2.6.7/js/plugin-bookdown.js
 delete mode 100644 libs/gitbook-2.6.7/js/plugin-clipboard.js
 delete mode 100644 libs/gitbook-2.6.7/js/plugin-fontsettings.js
 delete mode 100644 libs/gitbook-2.6.7/js/plugin-search.js
 delete mode 100644 libs/gitbook-2.6.7/js/plugin-sharing.js
 delete mode 100644 libs/jquery-3.6.0/jquery-3.6.0.js
 delete mode 100644 libs/jquery-3.6.0/jquery-3.6.0.min.js
 delete mode 100644 libs/jquery-3.6.0/jquery-3.6.0.min.map
* Sending artifacts to remote destinations
* Running post-build hooks
* Pushing to Git remote
v Post-build completed successfully

⠹ |         23 | integration-comprehensive                                      
-- Output Build: Pre-Build Preparation -----------------------------------------
* Checking prerequisites (Git, GitHub, upstream)
* Updating documentation and version information
* Running pre-build hooks
* Committing pre-build changes to Git
[master 1722cb6] Snapshot pre-build
 5 files changed, 11 insertions(+), 2 deletions(-)
v Pre-build preparation completed

-- Output Build: Build ---------------------------------------------------------
i Using rendering engine: bookdown
Rendering book in directory '.'


processing file: _main.Rmd
1/1
output file: _main.knit.md

/usr/bin/pandoc +RTS -K512m -RTS _main.knit.md --to html4 --from markdown+autolink_bare_uris+tex_math_single_backslash --output _main.html --lua-filter /home/runner/work/_temp/Library/bookdown/rmarkdown/lua/custom-environment.lua --lua-filter /home/runner/work/_temp/Library/rmarkdown/rmarkdown/lua/pagebreak.lua --lua-filter /home/runner/work/_temp/Library/rmarkdown/rmarkdown/lua/latex-div.lua --lua-filter /home/runner/work/_temp/Library/rmarkdown/rmarkdown/lua/anchor-sections.lua --metadata-file /tmp/RtmpGmYzDU/file23e843774b37 --wrap preserve --standalone --section-divs --table-of-contents --toc-depth 3 --template /home/runner/work/_temp/Library/bookdown/templates/gitbook.html --highlight-style pygments --number-sections --mathjax --include-in-header /tmp/RtmpGmYzDU/rmarkdown-str23e849ab9926.html 
[WARNING] This document format requires a nonempty <title> element.
  Defaulting to '_main.knit' as the title.
  To specify a title, use 'title' in metadata or --metadata title="...".

Output created: _tmp/projr/v0.0.3/docs/index.html
v Document rendering completed

-- Output Build: Post-Build ----------------------------------------------------
* Finalizing build artifacts
Copied bookdown output from _tmp/projr/v0.0.3/docs to docs
* Updating documentation and metadata
* Committing post-build changes to Git
[master b2acf90] Build v0.0.3: Build project
 4 files changed, 155 insertions(+), 1 deletion(-)
* Sending artifacts to remote destinations
* Running post-build hooks
* Pushing to Git remote
v Post-build completed successfully

⠸ |         24 | integration-comprehensive                                      
-- Output Build: Pre-Build Preparation -----------------------------------------
* Checking prerequisites (Git, GitHub, upstream)
* Updating documentation and version information
* Running pre-build hooks
* Committing pre-build changes to Git
v Pre-build preparation completed

-- Output Build: Build ---------------------------------------------------------
i Using rendering engine: bookdown
Rendering book in directory '.'


processing file: _main.Rmd
1/1
output file: _main.knit.md

/usr/bin/pandoc +RTS -K512m -RTS _main.knit.md --to html4 --from markdown+autolink_bare_uris+tex_math_single_backslash --output _main.html --lua-filter /home/runner/work/_temp/Library/bookdown/rmarkdown/lua/custom-environment.lua --lua-filter /home/runner/work/_temp/Library/rmarkdown/rmarkdown/lua/pagebreak.lua --lua-filter /home/runner/work/_temp/Library/rmarkdown/rmarkdown/lua/latex-div.lua --lua-filter /home/runner/work/_temp/Library/rmarkdown/rmarkdown/lua/anchor-sections.lua --metadata-file /tmp/RtmpGmYzDU/file23e833313e73 --wrap preserve --standalone --section-divs --table-of-contents --toc-depth 3 --template /home/runner/work/_temp/Library/bookdown/templates/gitbook.html --highlight-style pygments --number-sections --mathjax --include-in-header /tmp/RtmpGmYzDU/rmarkdown-str23e8215bd88f.html 
[WARNING] This document format requires a nonempty <title> element.
  Defaulting to '_main.knit' as the title.
  To specify a title, use 'title' in metadata or --metadata title="...".

Output created: _tmp/projr/v0.0.4/docs/index.html
v Document rendering completed

-- Output Build: Post-Build ----------------------------------------------------
* Finalizing build artifacts
Copied bookdown output from _tmp/projr/v0.0.4/docs to docs
* Updating documentation and metadata
* Committing post-build changes to Git
* Sending artifacts to remote destinations
* Running post-build hooks
* Pushing to Git remote
v Post-build completed successfully

⠴ |         26 | integration-comprehensive                                      
-- Output Build: Pre-Build Preparation -----------------------------------------
* Checking prerequisites (Git, GitHub, upstream)
* Updating documentation and version information
* Running pre-build hooks
* Committing pre-build changes to Git
[master 37686a4] Snapshot pre-build
 7 files changed, 155 insertions(+), 2 deletions(-)
 create mode 100644 test-file.txt
v Pre-build preparation completed

-- Output Build: Build ---------------------------------------------------------
i Using rendering engine: bookdown
Rendering book in directory '.'


processing file: _main.Rmd
1/1
output file: _main.knit.md

/usr/bin/pandoc +RTS -K512m -RTS _main.knit.md --to html4 --from markdown+autolink_bare_uris+tex_math_single_backslash --output _main.html --lua-filter /home/runner/work/_temp/Library/bookdown/rmarkdown/lua/custom-environment.lua --lua-filter /home/runner/work/_temp/Library/rmarkdown/rmarkdown/lua/pagebreak.lua --lua-filter /home/runner/work/_temp/Library/rmarkdown/rmarkdown/lua/latex-div.lua --lua-filter /home/runner/work/_temp/Library/rmarkdown/rmarkdown/lua/anchor-sections.lua --metadata-file /tmp/RtmpGmYzDU/file23e862993b2 --wrap preserve --standalone --section-divs --table-of-contents --toc-depth 3 --template /home/runner/work/_temp/Library/bookdown/templates/gitbook.html --highlight-style pygments --number-sections --mathjax --include-in-header /tmp/RtmpGmYzDU/rmarkdown-str23e851719900.html 
[WARNING] This document format requires a nonempty <title> element.
  Defaulting to '_main.knit' as the title.
  To specify a title, use 'title' in metadata or --metadata title="...".

Output created: _tmp/projr/v0.0.5/docs/index.html
v Document rendering completed

-- Output Build: Post-Build ----------------------------------------------------
* Finalizing build artifacts
Copied bookdown output from _tmp/projr/v0.0.5/docs to docs
* Updating documentation and metadata
* Committing post-build changes to Git
[master 275aa81] Build v0.0.5: Build project
 4 files changed, 154 insertions(+), 1 deletion(-)
* Sending artifacts to remote destinations
* Running post-build hooks
* Pushing to Git remote
v Post-build completed successfully

⠦ |         27 | integration-comprehensive                                      Restoring raw-data from local backup-always
Version: 0.0.5
v Setting active project to "<no active project>".
v Setting active project to
  "/tmp/RtmpGmYzDU/ProjrGitHubTesttest_projr-1.94635".
[master 46fc863] Initial projr commit
 4 files changed, 47 insertions(+), 9 deletions(-)
 create mode 100644 research.qmd

-- Output Build: Pre-Build Preparation -----------------------------------------
* Checking prerequisites (Git, GitHub, upstream)
* Updating documentation and version information
* Running pre-build hooks
* Committing pre-build changes to Git
[master 61d202d] Snapshot pre-build
 5 files changed, 3 insertions(+), 28 deletions(-)
 delete mode 100644 _bookdown.yml
 delete mode 100644 index.Rmd
v Pre-build preparation completed

-- Output Build: Build ---------------------------------------------------------
i Using rendering engine: quarto_document
[1mpandoc [22m
  to: html
  output-file: research.html
  standalone: true
  section-divs: true
  html-math-method: mathjax
  wrap: none
  default-image-extension: png
  variables: {}
  
[1mmetadata[22m
  document-css: false
  link-citations: true
  date-format: long
  lang: en
  title: Research Document
  
Output created: research.html

v Document rendering completed

-- Output Build: Post-Build ----------------------------------------------------
* Finalizing build artifacts
* Updating documentation and metadata
* Committing post-build changes to Git
[master 2ab9cf4] Build v0.0.1: Build project
 3 files changed, 117 insertions(+)
 create mode 100644 BUILDLOG.md
 create mode 100644 CHANGELOG.md
 create mode 100644 manifest.csv
* Sending artifacts to remote destinations
* Running post-build hooks
* Pushing to Git remote
v Post-build completed successfully

⠇ |         29 | integration-comprehensive                                      
-- Output Build: Pre-Build Preparation -----------------------------------------
* Checking prerequisites (Git, GitHub, upstream)
* Updating documentation and version information
* Running pre-build hooks
* Committing pre-build changes to Git
[master 3133ac5] Snapshot pre-build
 4 files changed, 16 insertions(+), 1 deletion(-)
v Pre-build preparation completed

-- Output Build: Build ---------------------------------------------------------
i Using rendering engine: quarto_document
[1mpandoc [22m
  to: html
  output-file: research.html
  standalone: true
  section-divs: true
  html-math-method: mathjax
  wrap: none
  default-image-extension: png
  variables: {}
  
[1mmetadata[22m
  document-css: false
  link-citations: true
  date-format: long
  lang: en
  title: Research Document
  
Output created: research.html

v Document rendering completed

-- Output Build: Post-Build ----------------------------------------------------
* Finalizing build artifacts
* Updating documentation and metadata
* Committing post-build changes to Git
[master 1d6f24b] Build v0.0.2: Build project
 3 files changed, 120 insertions(+)
* Sending artifacts to remote destinations
* Running post-build hooks
* Pushing to Git remote
v Post-build completed successfully

⠏ |         30 | integration-comprehensive                                      
-- Output Build: Pre-Build Preparation -----------------------------------------
* Checking prerequisites (Git, GitHub, upstream)
* Updating documentation and version information
* Running pre-build hooks
Preparing quarto build
* Committing pre-build changes to Git
[master 5c85468] Snapshot pre-build
 9 files changed, 24 insertions(+), 30 deletions(-)
 delete mode 100644 _output.yml
 create mode 100644 _quarto.yml
 create mode 100644 index.qmd
 delete mode 100644 research.qmd
 create mode 100644 scripts/prepare.R
v Pre-build preparation completed

-- Output Build: Build ---------------------------------------------------------
i Using rendering engine: quarto_project
[1m[34m[1/3] CHANGELOG.md[39m[22m
[1m[34m[2/3] index.qmd[39m[22m
[1m[34m[3/3] BUILDLOG.md[39m[22m

Output created: _tmp/projr/v0.0.3/docs/index.html

v Document rendering completed

-- Output Build: Post-Build ----------------------------------------------------
* Finalizing build artifacts
Copied quarto project output from _tmp/projr/v0.0.3/docs to docs
* Updating documentation and metadata
* Committing post-build changes to Git
[master 1c7eec5] Build v0.0.3: Build project
 5 files changed, 148 insertions(+), 1 deletion(-)
* Sending artifacts to remote destinations
* Running post-build hooks
* Pushing to Git remote
v Post-build completed successfully

⠹ |         33 | integration-comprehensive                                      
-- Output Build: Pre-Build Preparation -----------------------------------------
* Checking prerequisites (Git, GitHub, upstream)
* Updating documentation and version information
* Running pre-build hooks
Preparing quarto build
* Committing pre-build changes to Git
[master 1759907] Snapshot pre-build
 5 files changed, 12 insertions(+), 7 deletions(-)
v Pre-build preparation completed

-- Output Build: Build ---------------------------------------------------------
i Using rendering engine: quarto_project
[1m[34m[1/3] CHANGELOG.md[39m[22m
[1m[34m[2/3] index.qmd[39m[22m
[1m[34m[3/3] BUILDLOG.md[39m[22m

Output created: _tmp/projr/v0.0.4/docs/index.html

v Document rendering completed

-- Output Build: Post-Build ----------------------------------------------------
* Finalizing build artifacts
Copied quarto project output from _tmp/projr/v0.0.4/docs to docs
* Updating documentation and metadata
* Committing post-build changes to Git
[master 7e01442] Build v0.0.4: Build project
 4 files changed, 145 insertions(+), 1 deletion(-)
* Sending artifacts to remote destinations
* Running post-build hooks
* Pushing to Git remote
v Post-build completed successfully

⠸ |         34 | integration-comprehensive                                      
-- Output Build: Pre-Build Preparation -----------------------------------------
* Checking prerequisites (Git, GitHub, upstream)
* Updating documentation and version information
* Running pre-build hooks
Preparing quarto build
* Committing pre-build changes to Git
[master 120ec74] Snapshot pre-build
 11 files changed, 75 insertions(+), 14 deletions(-)
 create mode 100644 _storage/CHANGELOG.md
 create mode 100644 _storage/VERSION
 create mode 100644 _storage/manifest.csv
 create mode 100644 _storage/raw-data/v0.0.2/file1.txt
 create mode 100644 _storage/raw-data/v0.0.2/file2.txt
 create mode 100644 _storage/raw-data/v0.0.2/subdir/nested.txt
v Pre-build preparation completed

-- Output Build: Build ---------------------------------------------------------
i Using rendering engine: quarto_project
[1m[34m[1/3] CHANGELOG.md[39m[22m
[1m[34m[2/3] index.qmd[39m[22m
[1m[34m[3/3] BUILDLOG.md[39m[22m

Output created: _tmp/projr/v0.0.5/docs/index.html

v Document rendering completed

-- Output Build: Post-Build ----------------------------------------------------
* Finalizing build artifacts
Copied quarto project output from _tmp/projr/v0.0.5/docs to docs
* Updating documentation and metadata
* Committing post-build changes to Git
[master 25d45b1] Build v0.0.5: Build project
 4 files changed, 143 insertions(+), 1 deletion(-)
* Sending artifacts to remote destinations
* Running post-build hooks
* Pushing to Git remote
v Post-build completed successfully

⠼ |         35 | integration-comprehensive                                      
-- Output Build: Pre-Build Preparation -----------------------------------------
* Checking prerequisites (Git, GitHub, upstream)
* Updating documentation and version information
* Running pre-build hooks
Preparing quarto build
* Committing pre-build changes to Git
[master 4b64f62] Snapshot pre-build
 2 files changed, 2 insertions(+), 2 deletions(-)
v Pre-build preparation completed

-- Output Build: Build ---------------------------------------------------------
i Using rendering engine: quarto_project
[1m[34m[1/3] CHANGELOG.md[39m[22m
[1m[34m[2/3] index.qmd[39m[22m
[1m[34m[3/3] BUILDLOG.md[39m[22m

Output created: _tmp/projr/v0.1.0/docs/index.html

v Document rendering completed

-- Output Build: Post-Build ----------------------------------------------------
* Finalizing build artifacts
Copied quarto project output from _tmp/projr/v0.1.0/docs to docs
* Updating documentation and metadata
* Committing post-build changes to Git
[master 308a171] Build v0.1.0: Build project
 4 files changed, 144 insertions(+), 1 deletion(-)
* Sending artifacts to remote destinations
* Running post-build hooks
* Pushing to Git remote
v Post-build completed successfully

⠴ |         36 | integration-comprehensive                                      
-- Output Build: Pre-Build Preparation -----------------------------------------
* Checking prerequisites (Git, GitHub, upstream)
* Updating documentation and version information
* Running pre-build hooks
Preparing quarto build
* Committing pre-build changes to Git
[master 4966752] Snapshot pre-build
 2 files changed, 2 insertions(+), 2 deletions(-)
v Pre-build preparation completed

-- Output Build: Build ---------------------------------------------------------
i Using rendering engine: quarto_project
[1m[34m[1/3] CHANGELOG.md[39m[22m
[1m[34m[2/3] index.qmd[39m[22m
[1m[34m[3/3] BUILDLOG.md[39m[22m

Output created: _tmp/projr/v0.1.1/docs/index.html

v Document rendering completed

-- Output Build: Post-Build ----------------------------------------------------
* Finalizing build artifacts
Copied quarto project output from _tmp/projr/v0.1.1/docs to docs
* Updating documentation and metadata
* Committing post-build changes to Git
[master 53f4741] Build v0.1.1: Build project
 4 files changed, 143 insertions(+), 1 deletion(-)
* Sending artifacts to remote destinations
* Running post-build hooks
* Pushing to Git remote
v Post-build completed successfully

⠦ |         37 | integration-comprehensive                                      Restoring raw-data from local combined-latest
Version: 0.0.5
No files kept in cache
Skipping restore for cache
v Setting active project to "<no active project>".
v Setting active project to
  "/tmp/RtmpGmYzDU/ProjrGitHubTesttest_projr-0.481373".
[master 706ddca] Initial projr commit
 4 files changed, 39 insertions(+), 12 deletions(-)

-- Output Build: Pre-Build Preparation -----------------------------------------
* Checking prerequisites (Git, GitHub, upstream)
* Updating documentation and version information
* Running pre-build hooks
* Committing pre-build changes to Git
[master cb04efe] Snapshot pre-build
 4 files changed, 4 insertions(+), 7 deletions(-)
v Pre-build preparation completed

-- Output Build: Build ---------------------------------------------------------
i Using rendering engine: bookdown
Rendering book in directory '.'


processing file: reportV0.0.0-1.Rmd
1/3                  
2/3 [unnamed-chunk-1]
3/3                  
output file: reportV0.0.0-1.knit.md

/usr/bin/pandoc +RTS -K512m -RTS reportV0.0.0-1.knit.md --to html4 --from markdown+autolink_bare_uris+tex_math_single_backslash --output reportV0.0.0-1.html --lua-filter /home/runner/work/_temp/Library/bookdown/rmarkdown/lua/custom-environment.lua --lua-filter /home/runner/work/_temp/Library/rmarkdown/rmarkdown/lua/pagebreak.lua --lua-filter /home/runner/work/_temp/Library/rmarkdown/rmarkdown/lua/latex-div.lua --lua-filter /home/runner/work/_temp/Library/rmarkdown/rmarkdown/lua/anchor-sections.lua --metadata-file /tmp/RtmpGmYzDU/file23e843c06bc --wrap preserve --standalone --section-divs --table-of-contents --toc-depth 6 --template /home/runner/work/_temp/Library/bookdown/templates/gitbook.html --highlight-style pygments --number-sections --css style.css --mathjax --include-in-header /tmp/RtmpGmYzDU/rmarkdown-str23e8473efe7b.html 

Output created: _tmp/projr/v0.0.1/docs/index.html
v Document rendering completed

-- Output Build: Post-Build ----------------------------------------------------
* Finalizing build artifacts
Copied bookdown output from _tmp/projr/v0.0.1/docs to docs
* Updating documentation and metadata
* Committing post-build changes to Git
[master 72ebf8d] Build v0.0.1: Build project
 4 files changed, 130 insertions(+), 1 deletion(-)
 create mode 100644 BUILDLOG.md
 create mode 100644 CHANGELOG.md
 create mode 100644 manifest.csv
* Sending artifacts to remote destinations
* Running post-build hooks
* Pushing to Git remote
v Post-build completed successfully

-- Output Build: Pre-Build Preparation -----------------------------------------
* Checking prerequisites (Git, GitHub, upstream)
* Updating documentation and version information
* Running pre-build hooks
* Committing pre-build changes to Git
[master 5d2a580] Snapshot pre-build
 5 files changed, 13 insertions(+), 2 deletions(-)
v Pre-build preparation completed

-- Output Build: Build ---------------------------------------------------------
i Using rendering engine: bookdown
Rendering book in directory '.'


processing file: reportV0.0.0-1.Rmd
1/3                  
2/3 [unnamed-chunk-1]
3/3                  
output file: reportV0.0.0-1.knit.md

/usr/bin/pandoc +RTS -K512m -RTS reportV0.0.0-1.knit.md --to html4 --from markdown+autolink_bare_uris+tex_math_single_backslash --output reportV0.0.0-1.html --lua-filter /home/runner/work/_temp/Library/bookdown/rmarkdown/lua/custom-environment.lua --lua-filter /home/runner/work/_temp/Library/rmarkdown/rmarkdown/lua/pagebreak.lua --lua-filter /home/runner/work/_temp/Library/rmarkdown/rmarkdown/lua/latex-div.lua --lua-filter /home/runner/work/_temp/Library/rmarkdown/rmarkdown/lua/anchor-sections.lua --metadata-file /tmp/RtmpGmYzDU/file23e842bbaaa7 --wrap preserve --standalone --section-divs --table-of-contents --toc-depth 6 --template /home/runner/work/_temp/Library/bookdown/templates/gitbook.html --highlight-style pygments --number-sections --css style.css --mathjax --include-in-header /tmp/RtmpGmYzDU/rmarkdown-str23e81bb542b6.html 

Output created: _tmp/projr/v0.0.2/docs/index.html
v Document rendering completed

-- Output Build: Post-Build ----------------------------------------------------
* Finalizing build artifacts
Copied bookdown output from _tmp/projr/v0.0.2/docs to docs
* Updating documentation and metadata
* Committing post-build changes to Git
[master d6a05f8] Build v0.0.2: Build project
 4 files changed, 129 insertions(+), 1 deletion(-)
* Sending artifacts to remote destinations
* Running post-build hooks
* Pushing to Git remote
v Post-build completed successfully

-- Output Build: Pre-Build Preparation -----------------------------------------
* Checking prerequisites (Git, GitHub, upstream)
* Updating documentation and version information
* Running pre-build hooks
* Committing pre-build changes to Git
[master 8a22ec3] Snapshot pre-build
 5 files changed, 11 insertions(+), 2 deletions(-)
v Pre-build preparation completed

-- Output Build: Build ---------------------------------------------------------
i Using rendering engine: bookdown
Rendering book in directory '.'


processing file: reportV0.0.0-1.Rmd
1/3                  
2/3 [unnamed-chunk-1]
3/3                  
output file: reportV0.0.0-1.knit.md

/usr/bin/pandoc +RTS -K512m -RTS reportV0.0.0-1.knit.md --to html4 --from markdown+autolink_bare_uris+tex_math_single_backslash --output reportV0.0.0-1.html --lua-filter /home/runner/work/_temp/Library/bookdown/rmarkdown/lua/custom-environment.lua --lua-filter /home/runner/work/_temp/Library/rmarkdown/rmarkdown/lua/pagebreak.lua --lua-filter /home/runner/work/_temp/Library/rmarkdown/rmarkdown/lua/latex-div.lua --lua-filter /home/runner/work/_temp/Library/rmarkdown/rmarkdown/lua/anchor-sections.lua --metadata-file /tmp/RtmpGmYzDU/file23e8103b1378 --wrap preserve --standalone --section-divs --table-of-contents --toc-depth 6 --template /home/runner/work/_temp/Library/bookdown/templates/gitbook.html --highlight-style pygments --number-sections --css style.css --mathjax --include-in-header /tmp/RtmpGmYzDU/rmarkdown-str23e8633226ea.html 

Output created: _tmp/projr/v0.0.3/docs/index.html
v Document rendering completed

-- Output Build: Post-Build ----------------------------------------------------
* Finalizing build artifacts
Copied bookdown output from _tmp/projr/v0.0.3/docs to docs
* Updating documentation and metadata
* Committing post-build changes to Git
[master dd44cce] Build v0.0.3: Build project
 4 files changed, 149 insertions(+), 1 deletion(-)
* Sending artifacts to remote destinations
* Running post-build hooks
* Pushing to Git remote
v Post-build completed successfully

-- Output Build: Pre-Build Preparation -----------------------------------------
* Checking prerequisites (Git, GitHub, upstream)
* Updating documentation and version information
* Running pre-build hooks
* Committing pre-build changes to Git
[master 0ade98b] Snapshot pre-build
 13 files changed, 84 insertions(+), 9 deletions(-)
 create mode 100644 _backups/v1/CHANGELOG.md
 create mode 100644 _backups/v1/VERSION
 create mode 100644 _backups/v1/manifest.csv
 create mode 100644 _backups/v1/raw-data/file1.txt
 create mode 100644 _backups/v1/raw-data/file2.txt
 create mode 100644 _backups/v1/raw-data/file3.txt
 create mode 100644 _backups/v1/raw-data/file4.txt
 create mode 100644 _backups/v1/raw-data/subdir/nested.txt
v Pre-build preparation completed

-- Output Build: Build ---------------------------------------------------------
i Using rendering engine: bookdown
Rendering book in directory '.'


processing file: reportV0.0.0-1.Rmd
1/3                  
2/3 [unnamed-chunk-1]
3/3                  
output file: reportV0.0.0-1.knit.md

/usr/bin/pandoc +RTS -K512m -RTS reportV0.0.0-1.knit.md --to html4 --from markdown+autolink_bare_uris+tex_math_single_backslash --output reportV0.0.0-1.html --lua-filter /home/runner/work/_temp/Library/bookdown/rmarkdown/lua/custom-environment.lua --lua-filter /home/runner/work/_temp/Library/rmarkdown/rmarkdown/lua/pagebreak.lua --lua-filter /home/runner/work/_temp/Library/rmarkdown/rmarkdown/lua/latex-div.lua --lua-filter /home/runner/work/_temp/Library/rmarkdown/rmarkdown/lua/anchor-sections.lua --metadata-file /tmp/RtmpGmYzDU/file23e87bd6141a --wrap preserve --standalone --section-divs --table-of-contents --toc-depth 6 --template /home/runner/work/_temp/Library/bookdown/templates/gitbook.html --highlight-style pygments --number-sections --css style.css --mathjax --include-in-header /tmp/RtmpGmYzDU/rmarkdown-str23e86dc9ffcd.html 

Output created: _tmp/projr/v0.0.4/docs/index.html
v Document rendering completed

-- Output Build: Post-Build ----------------------------------------------------
* Finalizing build artifacts
Copied bookdown output from _tmp/projr/v0.0.4/docs to docs
* Updating documentation and metadata
* Committing post-build changes to Git
[master 33a5bce] Build v0.0.4: Build project
 4 files changed, 145 insertions(+), 1 deletion(-)
* Sending artifacts to remote destinations
* Running post-build hooks
* Pushing to Git remote
v Post-build completed successfully

-- Output Build: Pre-Build Preparation -----------------------------------------
* Checking prerequisites (Git, GitHub, upstream)
* Updating documentation and version information
* Running pre-build hooks
* Committing pre-build changes to Git
[master eb73ca9] Snapshot pre-build
 5 files changed, 11 insertions(+), 2 deletions(-)
v Pre-build preparation completed

-- Output Build: Build ---------------------------------------------------------
i Using rendering engine: bookdown
Rendering book in directory '.'


processing file: reportV0.0.0-1.Rmd
1/3                  
2/3 [unnamed-chunk-1]
3/3                  
output file: reportV0.0.0-1.knit.md

/usr/bin/pandoc +RTS -K512m -RTS reportV0.0.0-1.knit.md --to html4 --from markdown+autolink_bare_uris+tex_math_single_backslash --output reportV0.0.0-1.html --lua-filter /home/runner/work/_temp/Library/bookdown/rmarkdown/lua/custom-environment.lua --lua-filter /home/runner/work/_temp/Library/rmarkdown/rmarkdown/lua/pagebreak.lua --lua-filter /home/runner/work/_temp/Library/rmarkdown/rmarkdown/lua/latex-div.lua --lua-filter /home/runner/work/_temp/Library/rmarkdown/rmarkdown/lua/anchor-sections.lua --metadata-file /tmp/RtmpGmYzDU/file23e879330712 --wrap preserve --standalone --section-divs --table-of-contents --toc-depth 6 --template /home/runner/work/_temp/Library/bookdown/templates/gitbook.html --highlight-style pygments --number-sections --css style.css --mathjax --include-in-header /tmp/RtmpGmYzDU/rmarkdown-str23e82a38d702.html 

Output created: _tmp/projr/v0.0.5/docs/index.html
v Document rendering completed

-- Output Build: Post-Build ----------------------------------------------------
* Finalizing build artifacts
Copied bookdown output from _tmp/projr/v0.0.5/docs to docs
* Updating documentation and metadata
* Committing post-build changes to Git
[master 5fba8f5] Build v0.0.5: Build project
 4 files changed, 151 insertions(+), 1 deletion(-)
* Sending artifacts to remote destinations
* Running post-build hooks
* Pushing to Git remote
v Post-build completed successfully

⠋ |         41 | integration-comprehensive                                      
-- Output Build: Pre-Build Preparation -----------------------------------------
* Checking prerequisites (Git, GitHub, upstream)
* Updating documentation and version information
* Running pre-build hooks
* Committing pre-build changes to Git
[master 7b8e778] Snapshot pre-build
 11 files changed, 26 insertions(+), 41 deletions(-)
 delete mode 100644 _bookdown.yml
 delete mode 100644 _output.yml
 create mode 100644 _quarto.yml
 delete mode 100644 index.Rmd
 create mode 100644 index.qmd
 create mode 100644 workflow.log
 create mode 100644 workflows/post.R
 create mode 100644 workflows/pre.R
v Pre-build preparation completed

-- Output Build: Build ---------------------------------------------------------
i Using rendering engine: quarto_project
[1m[34m[1/3] CHANGELOG.md[39m[22m
[1m[34m[2/3] index.qmd[39m[22m
[1m[34m[3/3] BUILDLOG.md[39m[22m

Output created: _tmp/projr/v0.0.6/docs/index.html

v Document rendering completed

-- Output Build: Post-Build ----------------------------------------------------
* Finalizing build artifacts
Copied quarto project output from _tmp/projr/v0.0.6/docs to docs
* Updating documentation and metadata
* Committing post-build changes to Git
[master ee152ed] Build v0.0.6: Build project
 5 files changed, 155 insertions(+), 1 deletion(-)
* Sending artifacts to remote destinations
* Running post-build hooks
[master 3a5c683] Build v0.0.6: Build project
 1 file changed, 1 insertion(+)
* Pushing to Git remote
v Post-build completed successfully

⠙ |         42 | integration-comprehensive                                      [1m[34m[1/3] CHANGELOG.md[39m[22m
[1m[34m[2/3] index.qmd[39m[22m
[1m[34m[3/3] BUILDLOG.md[39m[22m

Output created: _tmp/projr/v0.0.6-1/docs/index.html


⠹ |         43 | integration-comprehensive                                      [1m[34m[1/3] CHANGELOG.md[39m[22m
[1m[34m[2/3] index.qmd[39m[22m
[1m[34m[3/3] BUILDLOG.md[39m[22m

Output created: _tmp/projr/v0.0.6-1/docs/index.html


⠸ |         44 | integration-comprehensive                                      
-- Output Build: Pre-Build Preparation -----------------------------------------
* Checking prerequisites (Git, GitHub, upstream)
* Updating documentation and version information
* Running pre-build hooks
* Committing pre-build changes to Git
[master 982dc0f] Snapshot pre-build
 5 files changed, 8 insertions(+), 3 deletions(-)
v Pre-build preparation completed

-- Output Build: Build ---------------------------------------------------------
i Using rendering engine: quarto_project
[1m[34m[1/3] CHANGELOG.md[39m[22m
[1m[34m[2/3] index.qmd[39m[22m
[1m[34m[3/3] BUILDLOG.md[39m[22m

Output created: _tmp/projr/v0.1.0/docs/index.html

v Document rendering completed

-- Output Build: Post-Build ----------------------------------------------------
* Finalizing build artifacts
Copied quarto project output from _tmp/projr/v0.1.0/docs to docs
* Updating documentation and metadata
* Committing post-build changes to Git
[master 4b3c9ae] Build v0.1.0: Build project
 4 files changed, 153 insertions(+), 1 deletion(-)
* Sending artifacts to remote destinations
* Running post-build hooks
[master 7e21a80] Build v0.1.0: Build project
 1 file changed, 1 insertion(+)
* Pushing to Git remote
v Post-build completed successfully

⠼ |         45 | integration-comprehensive                                      
-- Output Build: Pre-Build Preparation -----------------------------------------
* Checking prerequisites (Git, GitHub, upstream)
* Updating documentation and version information
* Running pre-build hooks
* Committing pre-build changes to Git
v Pre-build preparation completed

-- Output Build: Build ---------------------------------------------------------
i Using rendering engine: quarto_project
[1m[34m[1/3] CHANGELOG.md[39m[22m
[1m[34m[2/3] index.qmd[39m[22m
[1m[34m[3/3] BUILDLOG.md[39m[22m

Output created: _tmp/projr/v0.1.1/docs/index.html

v Document rendering completed

-- Output Build: Post-Build ----------------------------------------------------
* Finalizing build artifacts
Copied quarto project output from _tmp/projr/v0.1.1/docs to docs
* Updating documentation and metadata
* Committing post-build changes to Git
* Sending artifacts to remote destinations
* Running post-build hooks
* Pushing to Git remote
v Post-build completed successfully

⠴ |         46 | integration-comprehensive                                      
-- Output Build: Pre-Build Preparation -----------------------------------------
* Checking prerequisites (Git, GitHub, upstream)
* Updating documentation and version information
* Running pre-build hooks
* Committing pre-build changes to Git
[master 5883e0f] Snapshot pre-build
 8 files changed, 153 insertions(+), 3 deletions(-)
 create mode 100644 temp.txt
v Pre-build preparation completed

-- Output Build: Build ---------------------------------------------------------
i Using rendering engine: quarto_project
[1m[34m[1/3] CHANGELOG.md[39m[22m
[1m[34m[2/3] index.qmd[39m[22m
[1m[34m[3/3] BUILDLOG.md[39m[22m

Output created: _tmp/projr/v0.1.2/docs/index.html

v Document rendering completed

-- Output Build: Post-Build ----------------------------------------------------
* Finalizing build artifacts
Copied quarto project output from _tmp/projr/v0.1.2/docs to docs
* Updating documentation and metadata
* Committing post-build changes to Git
[master 1240e1d] Build v0.1.2: Build project
 4 files changed, 152 insertions(+), 1 deletion(-)
* Sending artifacts to remote destinations
* Running post-build hooks
[master ed4c735] Build v0.1.2: Build project
 1 file changed, 1 insertion(+)
* Pushing to Git remote
v Post-build completed successfully

⠦ |         47 | integration-comprehensive                                      Restoring raw-data from local backup2
Version: 0.1.2
v Setting active project to "<no active project>".

✔ |         50 | integration-comprehensive [72.7s]

⠏ |          0 | local-remote-comprehensive                                     v Setting active project to
  "/tmp/RtmpGmYzDU/ProjrGitHubTesttest_projr-0.247836".
[master 4e82b2c] Initial projr commit
 4 files changed, 39 insertions(+), 12 deletions(-)

-- Output Build: Pre-Build Preparation -----------------------------------------
* Checking prerequisites (Git, GitHub, upstream)
* Updating documentation and version information
* Running pre-build hooks
* Committing pre-build changes to Git
[master 4348d2a] Snapshot pre-build
 5 files changed, 12 insertions(+), 7 deletions(-)
v Pre-build preparation completed

-- Output Build: Build ---------------------------------------------------------
i Using rendering engine: bookdown
Rendering book in directory '.'


processing file: reportV0.0.0-1.Rmd
1/3                  
2/3 [unnamed-chunk-1]
3/3                  
output file: reportV0.0.0-1.knit.md

/usr/bin/pandoc +RTS -K512m -RTS reportV0.0.0-1.knit.md --to html4 --from markdown+autolink_bare_uris+tex_math_single_backslash --output reportV0.0.0-1.html --lua-filter /home/runner/work/_temp/Library/bookdown/rmarkdown/lua/custom-environment.lua --lua-filter /home/runner/work/_temp/Library/rmarkdown/rmarkdown/lua/pagebreak.lua --lua-filter /home/runner/work/_temp/Library/rmarkdown/rmarkdown/lua/latex-div.lua --lua-filter /home/runner/work/_temp/Library/rmarkdown/rmarkdown/lua/anchor-sections.lua --metadata-file /tmp/RtmpGmYzDU/file23e82ab79cfe --wrap preserve --standalone --section-divs --table-of-contents --toc-depth 6 --template /home/runner/work/_temp/Library/bookdown/templates/gitbook.html --highlight-style pygments --number-sections --css style.css --mathjax --include-in-header /tmp/RtmpGmYzDU/rmarkdown-str23e8787c5520.html 

Output created: _tmp/projr/v0.0.1/docs/index.html
v Document rendering completed

-- Output Build: Post-Build ----------------------------------------------------
* Finalizing build artifacts
Copied bookdown output from _tmp/projr/v0.0.1/docs to docs
* Updating documentation and metadata
* Committing post-build changes to Git
[master acf88db] Build v0.0.1: Build project
 4 files changed, 134 insertions(+), 1 deletion(-)
 create mode 100644 BUILDLOG.md
 create mode 100644 CHANGELOG.md
 create mode 100644 manifest.csv
* Sending artifacts to remote destinations
* Running post-build hooks
* Pushing to Git remote
v Post-build completed successfully

⠋ |          1 | local-remote-comprehensive                                     
-- Output Build: Pre-Build Preparation -----------------------------------------
* Checking prerequisites (Git, GitHub, upstream)
* Updating documentation and version information
* Running pre-build hooks
* Committing pre-build changes to Git
[master c92bd25] Snapshot pre-build
 3 files changed, 5 insertions(+), 2 deletions(-)
v Pre-build preparation completed

-- Output Build: Build ---------------------------------------------------------
i Using rendering engine: bookdown
Rendering book in directory '.'


processing file: reportV0.0.0-1.Rmd
1/3                  
2/3 [unnamed-chunk-1]
3/3                  
output file: reportV0.0.0-1.knit.md

/usr/bin/pandoc +RTS -K512m -RTS reportV0.0.0-1.knit.md --to html4 --from markdown+autolink_bare_uris+tex_math_single_backslash --output reportV0.0.0-1.html --lua-filter /home/runner/work/_temp/Library/bookdown/rmarkdown/lua/custom-environment.lua --lua-filter /home/runner/work/_temp/Library/rmarkdown/rmarkdown/lua/pagebreak.lua --lua-filter /home/runner/work/_temp/Library/rmarkdown/rmarkdown/lua/latex-div.lua --lua-filter /home/runner/work/_temp/Library/rmarkdown/rmarkdown/lua/anchor-sections.lua --metadata-file /tmp/RtmpGmYzDU/file23e8453d7b7a --wrap preserve --standalone --section-divs --table-of-contents --toc-depth 6 --template /home/runner/work/_temp/Library/bookdown/templates/gitbook.html --highlight-style pygments --number-sections --css style.css --mathjax --include-in-header /tmp/RtmpGmYzDU/rmarkdown-str23e84efcc4a8.html 

Output created: _tmp/projr/v0.0.2/docs/index.html
v Document rendering completed

-- Output Build: Post-Build ----------------------------------------------------
* Finalizing build artifacts
Copied bookdown output from _tmp/projr/v0.0.2/docs to docs
* Updating documentation and metadata
* Committing post-build changes to Git
[master 6f4aae5] Build v0.0.2: Build project
 4 files changed, 128 insertions(+), 1 deletion(-)
* Sending artifacts to remote destinations
* Running post-build hooks
* Pushing to Git remote
v Post-build completed successfully

⠸ |          4 | local-remote-comprehensive                                     v Setting active project to "<no active project>".
v Setting active project to
  "/tmp/RtmpGmYzDU/ProjrGitHubTesttest_projr0.918689".
[master 85dbe2e] Initial projr commit
 4 files changed, 39 insertions(+), 12 deletions(-)

-- Output Build: Pre-Build Preparation -----------------------------------------
* Checking prerequisites (Git, GitHub, upstream)
* Updating documentation and version information
* Running pre-build hooks
* Committing pre-build changes to Git
[master edbfd71] Snapshot pre-build
 3 files changed, 11 insertions(+), 4 deletions(-)
v Pre-build preparation completed

-- Output Build: Build ---------------------------------------------------------
i Using rendering engine: bookdown
Rendering book in directory '.'


processing file: reportV0.0.0-1.Rmd
1/3                  
2/3 [unnamed-chunk-1]
3/3                  
output file: reportV0.0.0-1.knit.md

/usr/bin/pandoc +RTS -K512m -RTS reportV0.0.0-1.knit.md --to html4 --from markdown+autolink_bare_uris+tex_math_single_backslash --output reportV0.0.0-1.html --lua-filter /home/runner/work/_temp/Library/bookdown/rmarkdown/lua/custom-environment.lua --lua-filter /home/runner/work/_temp/Library/rmarkdown/rmarkdown/lua/pagebreak.lua --lua-filter /home/runner/work/_temp/Library/rmarkdown/rmarkdown/lua/latex-div.lua --lua-filter /home/runner/work/_temp/Library/rmarkdown/rmarkdown/lua/anchor-sections.lua --metadata-file /tmp/RtmpGmYzDU/file23e829229b58 --wrap preserve --standalone --section-divs --table-of-contents --toc-depth 6 --template /home/runner/work/_temp/Library/bookdown/templates/gitbook.html --highlight-style pygments --number-sections --css style.css --mathjax --include-in-header /tmp/RtmpGmYzDU/rmarkdown-str23e848ca22ed.html 

Output created: _tmp/projr/v0.0.1/docs/index.html
v Document rendering completed

-- Output Build: Post-Build ----------------------------------------------------
* Finalizing build artifacts
Copied bookdown output from _tmp/projr/v0.0.1/docs to docs
* Updating documentation and metadata
* Committing post-build changes to Git
[master 3fa31c0] Build v0.0.1: Build project
 4 files changed, 136 insertions(+), 1 deletion(-)
 create mode 100644 BUILDLOG.md
 create mode 100644 CHANGELOG.md
 create mode 100644 manifest.csv
* Sending artifacts to remote destinations
* Running post-build hooks
* Pushing to Git remote
v Post-build completed successfully

⠼ |          5 | local-remote-comprehensive                                     
-- Output Build: Pre-Build Preparation -----------------------------------------
* Checking prerequisites (Git, GitHub, upstream)
* Updating documentation and version information
* Running pre-build hooks
* Committing pre-build changes to Git
[master 7693689] Snapshot pre-build
 3 files changed, 5 insertions(+), 2 deletions(-)
v Pre-build preparation completed

-- Output Build: Build ---------------------------------------------------------
i Using rendering engine: bookdown
Rendering book in directory '.'


processing file: reportV0.0.0-1.Rmd
1/3                  
2/3 [unnamed-chunk-1]
3/3                  
output file: reportV0.0.0-1.knit.md

/usr/bin/pandoc +RTS -K512m -RTS reportV0.0.0-1.knit.md --to html4 --from markdown+autolink_bare_uris+tex_math_single_backslash --output reportV0.0.0-1.html --lua-filter /home/runner/work/_temp/Library/bookdown/rmarkdown/lua/custom-environment.lua --lua-filter /home/runner/work/_temp/Library/rmarkdown/rmarkdown/lua/pagebreak.lua --lua-filter /home/runner/work/_temp/Library/rmarkdown/rmarkdown/lua/latex-div.lua --lua-filter /home/runner/work/_temp/Library/rmarkdown/rmarkdown/lua/anchor-sections.lua --metadata-file /tmp/RtmpGmYzDU/file23e810b57720 --wrap preserve --standalone --section-divs --table-of-contents --toc-depth 6 --template /home/runner/work/_temp/Library/bookdown/templates/gitbook.html --highlight-style pygments --number-sections --css style.css --mathjax --include-in-header /tmp/RtmpGmYzDU/rmarkdown-str23e82176c2ec.html 

Output created: _tmp/projr/v0.0.2/docs/index.html
v Document rendering completed

-- Output Build: Post-Build ----------------------------------------------------
* Finalizing build artifacts
Copied bookdown output from _tmp/projr/v0.0.2/docs to docs
* Updating documentation and metadata
* Committing post-build changes to Git
[master 045236f] Build v0.0.2: Build project
 4 files changed, 130 insertions(+), 1 deletion(-)
* Sending artifacts to remote destinations
* Running post-build hooks
* Pushing to Git remote
v Post-build completed successfully

⠦ | 1        6 | local-remote-comprehensive                                     v Setting active project to "<no active project>".
v Setting active project to
  "/tmp/RtmpGmYzDU/ProjrGitHubTesttest_projr0.154717".
[master b7f7141] Initial projr commit
 4 files changed, 39 insertions(+), 12 deletions(-)

-- Output Build: Pre-Build Preparation -----------------------------------------
* Checking prerequisites (Git, GitHub, upstream)
* Updating documentation and version information
* Running pre-build hooks
* Committing pre-build changes to Git
[master 14d5c49] Snapshot pre-build
 3 files changed, 11 insertions(+), 4 deletions(-)
v Pre-build preparation completed

-- Output Build: Build ---------------------------------------------------------
i Using rendering engine: bookdown
Rendering book in directory '.'


processing file: reportV0.0.0-1.Rmd
1/3                  
2/3 [unnamed-chunk-1]
3/3                  
output file: reportV0.0.0-1.knit.md

/usr/bin/pandoc +RTS -K512m -RTS reportV0.0.0-1.knit.md --to html4 --from markdown+autolink_bare_uris+tex_math_single_backslash --output reportV0.0.0-1.html --lua-filter /home/runner/work/_temp/Library/bookdown/rmarkdown/lua/custom-environment.lua --lua-filter /home/runner/work/_temp/Library/rmarkdown/rmarkdown/lua/pagebreak.lua --lua-filter /home/runner/work/_temp/Library/rmarkdown/rmarkdown/lua/latex-div.lua --lua-filter /home/runner/work/_temp/Library/rmarkdown/rmarkdown/lua/anchor-sections.lua --metadata-file /tmp/RtmpGmYzDU/file23e81901e8a7 --wrap preserve --standalone --section-divs --table-of-contents --toc-depth 6 --template /home/runner/work/_temp/Library/bookdown/templates/gitbook.html --highlight-style pygments --number-sections --css style.css --mathjax --include-in-header /tmp/RtmpGmYzDU/rmarkdown-str23e820561118.html 

Output created: _tmp/projr/v0.0.1/docs/index.html
v Document rendering completed

-- Output Build: Post-Build ----------------------------------------------------
* Finalizing build artifacts
Copied bookdown output from _tmp/projr/v0.0.1/docs to docs
* Updating documentation and metadata
* Committing post-build changes to Git
[master 250c478] Build v0.0.1: Build project
 4 files changed, 136 insertions(+), 1 deletion(-)
 create mode 100644 BUILDLOG.md
 create mode 100644 CHANGELOG.md
 create mode 100644 manifest.csv
* Sending artifacts to remote destinations
* Running post-build hooks
* Pushing to Git remote
v Post-build completed successfully

⠏ | 1        9 | local-remote-comprehensive                                     
-- Output Build: Pre-Build Preparation -----------------------------------------
* Checking prerequisites (Git, GitHub, upstream)
* Updating documentation and version information
* Running pre-build hooks
* Committing pre-build changes to Git
[master 583feef] Snapshot pre-build
 3 files changed, 5 insertions(+), 2 deletions(-)
v Pre-build preparation completed

-- Output Build: Build ---------------------------------------------------------
i Using rendering engine: bookdown
Rendering book in directory '.'


processing file: reportV0.0.0-1.Rmd
1/3                  
2/3 [unnamed-chunk-1]
3/3                  
output file: reportV0.0.0-1.knit.md

/usr/bin/pandoc +RTS -K512m -RTS reportV0.0.0-1.knit.md --to html4 --from markdown+autolink_bare_uris+tex_math_single_backslash --output reportV0.0.0-1.html --lua-filter /home/runner/work/_temp/Library/bookdown/rmarkdown/lua/custom-environment.lua --lua-filter /home/runner/work/_temp/Library/rmarkdown/rmarkdown/lua/pagebreak.lua --lua-filter /home/runner/work/_temp/Library/rmarkdown/rmarkdown/lua/latex-div.lua --lua-filter /home/runner/work/_temp/Library/rmarkdown/rmarkdown/lua/anchor-sections.lua --metadata-file /tmp/RtmpGmYzDU/file23e860a6db5e --wrap preserve --standalone --section-divs --table-of-contents --toc-depth 6 --template /home/runner/work/_temp/Library/bookdown/templates/gitbook.html --highlight-style pygments --number-sections --css style.css --mathjax --include-in-header /tmp/RtmpGmYzDU/rmarkdown-str23e82ceb0e8e.html 

Output created: _tmp/projr/v0.0.2/docs/index.html
v Document rendering completed

-- Output Build: Post-Build ----------------------------------------------------
* Finalizing build artifacts
Copied bookdown output from _tmp/projr/v0.0.2/docs to docs
* Updating documentation and metadata
* Committing post-build changes to Git
[master 2fd0dfd] Build v0.0.2: Build project
 4 files changed, 130 insertions(+), 1 deletion(-)
* Sending artifacts to remote destinations
* Running post-build hooks
* Pushing to Git remote
v Post-build completed successfully

⠋ | 1       10 | local-remote-comprehensive                                     
-- Output Build: Pre-Build Preparation -----------------------------------------
* Checking prerequisites (Git, GitHub, upstream)
* Updating documentation and version information
* Running pre-build hooks
* Committing pre-build changes to Git
[master 8ba4588] Snapshot pre-build
 2 files changed, 2 insertions(+), 2 deletions(-)
v Pre-build preparation completed

-- Output Build: Build ---------------------------------------------------------
i Using rendering engine: bookdown
Rendering book in directory '.'


processing file: reportV0.0.0-1.Rmd
1/3                  
2/3 [unnamed-chunk-1]
3/3                  
output file: reportV0.0.0-1.knit.md

/usr/bin/pandoc +RTS -K512m -RTS reportV0.0.0-1.knit.md --to html4 --from markdown+autolink_bare_uris+tex_math_single_backslash --output reportV0.0.0-1.html --lua-filter /home/runner/work/_temp/Library/bookdown/rmarkdown/lua/custom-environment.lua --lua-filter /home/runner/work/_temp/Library/rmarkdown/rmarkdown/lua/pagebreak.lua --lua-filter /home/runner/work/_temp/Library/rmarkdown/rmarkdown/lua/latex-div.lua --lua-filter /home/runner/work/_temp/Library/rmarkdown/rmarkdown/lua/anchor-sections.lua --metadata-file /tmp/RtmpGmYzDU/file23e82770a9e1 --wrap preserve --standalone --section-divs --table-of-contents --toc-depth 6 --template /home/runner/work/_temp/Library/bookdown/templates/gitbook.html --highlight-style pygments --number-sections --css style.css --mathjax --include-in-header /tmp/RtmpGmYzDU/rmarkdown-str23e8377d507.html 

Output created: _tmp/projr/v0.0.3/docs/index.html
v Document rendering completed

-- Output Build: Post-Build ----------------------------------------------------
* Finalizing build artifacts
Copied bookdown output from _tmp/projr/v0.0.3/docs to docs
* Updating documentation and metadata
* Committing post-build changes to Git
[master ad12968] Build v0.0.3: Build project
 4 files changed, 144 insertions(+), 1 deletion(-)
* Sending artifacts to remote destinations
* Running post-build hooks
* Pushing to Git remote
v Post-build completed successfully

⠙ | 1       11 | local-remote-comprehensive                                     v Setting active project to "<no active project>".
v Setting active project to
  "/tmp/RtmpGmYzDU/ProjrGitHubTesttest_projr0.113354".
[master ed30c55] Initial projr commit
 4 files changed, 39 insertions(+), 12 deletions(-)

-- Output Build: Pre-Build Preparation -----------------------------------------
* Checking prerequisites (Git, GitHub, upstream)
* Updating documentation and version information
* Running pre-build hooks
* Committing pre-build changes to Git
[master 3cdd7a5] Snapshot pre-build
 3 files changed, 11 insertions(+), 4 deletions(-)
v Pre-build preparation completed

-- Output Build: Build ---------------------------------------------------------
i Using rendering engine: bookdown
Rendering book in directory '.'


processing file: reportV0.0.0-1.Rmd
1/3                  
2/3 [unnamed-chunk-1]
3/3                  
output file: reportV0.0.0-1.knit.md

/usr/bin/pandoc +RTS -K512m -RTS reportV0.0.0-1.knit.md --to html4 --from markdown+autolink_bare_uris+tex_math_single_backslash --output reportV0.0.0-1.html --lua-filter /home/runner/work/_temp/Library/bookdown/rmarkdown/lua/custom-environment.lua --lua-filter /home/runner/work/_temp/Library/rmarkdown/rmarkdown/lua/pagebreak.lua --lua-filter /home/runner/work/_temp/Library/rmarkdown/rmarkdown/lua/latex-div.lua --lua-filter /home/runner/work/_temp/Library/rmarkdown/rmarkdown/lua/anchor-sections.lua --metadata-file /tmp/RtmpGmYzDU/file23e87fd33c6 --wrap preserve --standalone --section-divs --table-of-contents --toc-depth 6 --template /home/runner/work/_temp/Library/bookdown/templates/gitbook.html --highlight-style pygments --number-sections --css style.css --mathjax --include-in-header /tmp/RtmpGmYzDU/rmarkdown-str23e811bcb9ba.html 

Output created: _tmp/projr/v0.0.1/docs/index.html
v Document rendering completed

-- Output Build: Post-Build ----------------------------------------------------
* Finalizing build artifacts
Copied bookdown output from _tmp/projr/v0.0.1/docs to docs
* Updating documentation and metadata
* Committing post-build changes to Git
[master b5e703d] Build v0.0.1: Build project
 4 files changed, 136 insertions(+), 1 deletion(-)
 create mode 100644 BUILDLOG.md
 create mode 100644 CHANGELOG.md
 create mode 100644 manifest.csv
* Sending artifacts to remote destinations
* Running post-build hooks
* Pushing to Git remote
v Post-build completed successfully

⠹ | 1       12 | local-remote-comprehensive                                     
-- Output Build: Pre-Build Preparation -----------------------------------------
* Checking prerequisites (Git, GitHub, upstream)
* Updating documentation and version information
* Running pre-build hooks
* Committing pre-build changes to Git
[master 870f54b] Snapshot pre-build
 3 files changed, 5 insertions(+), 2 deletions(-)
v Pre-build preparation completed

-- Output Build: Build ---------------------------------------------------------
i Using rendering engine: bookdown
Rendering book in directory '.'


processing file: reportV0.0.0-1.Rmd
1/3                  
2/3 [unnamed-chunk-1]
3/3                  
output file: reportV0.0.0-1.knit.md

/usr/bin/pandoc +RTS -K512m -RTS reportV0.0.0-1.knit.md --to html4 --from markdown+autolink_bare_uris+tex_math_single_backslash --output reportV0.0.0-1.html --lua-filter /home/runner/work/_temp/Library/bookdown/rmarkdown/lua/custom-environment.lua --lua-filter /home/runner/work/_temp/Library/rmarkdown/rmarkdown/lua/pagebreak.lua --lua-filter /home/runner/work/_temp/Library/rmarkdown/rmarkdown/lua/latex-div.lua --lua-filter /home/runner/work/_temp/Library/rmarkdown/rmarkdown/lua/anchor-sections.lua --metadata-file /tmp/RtmpGmYzDU/file23e84fd6f500 --wrap preserve --standalone --section-divs --table-of-contents --toc-depth 6 --template /home/runner/work/_temp/Library/bookdown/templates/gitbook.html --highlight-style pygments --number-sections --css style.css --mathjax --include-in-header /tmp/RtmpGmYzDU/rmarkdown-str23e84882416d.html 

Output created: _tmp/projr/v0.0.2/docs/index.html
v Document rendering completed

-- Output Build: Post-Build ----------------------------------------------------
* Finalizing build artifacts
Copied bookdown output from _tmp/projr/v0.0.2/docs to docs
* Updating documentation and metadata
* Committing post-build changes to Git
[master 4192060] Build v0.0.2: Build project
 4 files changed, 130 insertions(+), 1 deletion(-)
* Sending artifacts to remote destinations
* Running post-build hooks
* Pushing to Git remote
v Post-build completed successfully

⠸ | 1       13 | local-remote-comprehensive                                     
-- Output Build: Pre-Build Preparation -----------------------------------------
* Checking prerequisites (Git, GitHub, upstream)
* Updating documentation and version information
* Running pre-build hooks
* Committing pre-build changes to Git
[master 1680db0] Snapshot pre-build
 2 files changed, 2 insertions(+), 2 deletions(-)
v Pre-build preparation completed

-- Output Build: Build ---------------------------------------------------------
i Using rendering engine: bookdown
Rendering book in directory '.'


processing file: reportV0.0.0-1.Rmd
1/3                  
2/3 [unnamed-chunk-1]
3/3                  
output file: reportV0.0.0-1.knit.md

/usr/bin/pandoc +RTS -K512m -RTS reportV0.0.0-1.knit.md --to html4 --from markdown+autolink_bare_uris+tex_math_single_backslash --output reportV0.0.0-1.html --lua-filter /home/runner/work/_temp/Library/bookdown/rmarkdown/lua/custom-environment.lua --lua-filter /home/runner/work/_temp/Library/rmarkdown/rmarkdown/lua/pagebreak.lua --lua-filter /home/runner/work/_temp/Library/rmarkdown/rmarkdown/lua/latex-div.lua --lua-filter /home/runner/work/_temp/Library/rmarkdown/rmarkdown/lua/anchor-sections.lua --metadata-file /tmp/RtmpGmYzDU/file23e81aad0234 --wrap preserve --standalone --section-divs --table-of-contents --toc-depth 6 --template /home/runner/work/_temp/Library/bookdown/templates/gitbook.html --highlight-style pygments --number-sections --css style.css --mathjax --include-in-header /tmp/RtmpGmYzDU/rmarkdown-str23e850b825aa.html 

Output created: _tmp/projr/v0.0.3/docs/index.html
v Document rendering completed

-- Output Build: Post-Build ----------------------------------------------------
* Finalizing build artifacts
Copied bookdown output from _tmp/projr/v0.0.3/docs to docs
* Updating documentation and metadata
* Committing post-build changes to Git
[master 7db754d] Build v0.0.3: Build project
 4 files changed, 144 insertions(+), 1 deletion(-)
* Sending artifacts to remote destinations
* Running post-build hooks
* Pushing to Git remote
v Post-build completed successfully

⠼ | 1       14 | local-remote-comprehensive                                     v Setting active project to "<no active project>".
v Setting active project to "/tmp/RtmpGmYzDU/ProjrGitHubTesttest_projr1.12423".
[master e1b9dfb] Initial projr commit
 4 files changed, 39 insertions(+), 12 deletions(-)

-- Output Build: Pre-Build Preparation -----------------------------------------
* Checking prerequisites (Git, GitHub, upstream)
* Updating documentation and version information
* Running pre-build hooks
* Committing pre-build changes to Git
[master 20f68f8] Snapshot pre-build
 5 files changed, 15 insertions(+), 7 deletions(-)
v Pre-build preparation completed

-- Output Build: Build ---------------------------------------------------------
i Using rendering engine: bookdown
Rendering book in directory '.'


processing file: reportV0.0.0-1.Rmd
1/3                  
2/3 [unnamed-chunk-1]
3/3                  
output file: reportV0.0.0-1.knit.md

/usr/bin/pandoc +RTS -K512m -RTS reportV0.0.0-1.knit.md --to html4 --from markdown+autolink_bare_uris+tex_math_single_backslash --output reportV0.0.0-1.html --lua-filter /home/runner/work/_temp/Library/bookdown/rmarkdown/lua/custom-environment.lua --lua-filter /home/runner/work/_temp/Library/rmarkdown/rmarkdown/lua/pagebreak.lua --lua-filter /home/runner/work/_temp/Library/rmarkdown/rmarkdown/lua/latex-div.lua --lua-filter /home/runner/work/_temp/Library/rmarkdown/rmarkdown/lua/anchor-sections.lua --metadata-file /tmp/RtmpGmYzDU/file23e814a35e45 --wrap preserve --standalone --section-divs --table-of-contents --toc-depth 6 --template /home/runner/work/_temp/Library/bookdown/templates/gitbook.html --highlight-style pygments --number-sections --css style.css --mathjax --include-in-header /tmp/RtmpGmYzDU/rmarkdown-str23e84ad356ef.html 

Output created: _tmp/projr/v0.0.1/docs/index.html
v Document rendering completed

-- Output Build: Post-Build ----------------------------------------------------
* Finalizing build artifacts
Copied bookdown output from _tmp/projr/v0.0.1/docs to docs
* Updating documentation and metadata
* Committing post-build changes to Git
[master 61bcef2] Build v0.0.1: Build project
 4 files changed, 137 insertions(+), 1 deletion(-)
 create mode 100644 BUILDLOG.md
 create mode 100644 CHANGELOG.md
 create mode 100644 manifest.csv
* Sending artifacts to remote destinations
* Running post-build hooks
* Pushing to Git remote
v Post-build completed successfully

⠦ | 1    1  15 | local-remote-comprehensive                                     
-- Output Build: Pre-Build Preparation -----------------------------------------
* Checking prerequisites (Git, GitHub, upstream)
* Updating documentation and version information
* Running pre-build hooks
* Committing pre-build changes to Git
[master 6536a9c] Snapshot pre-build
 3 files changed, 5 insertions(+), 2 deletions(-)
v Pre-build preparation completed

-- Output Build: Build ---------------------------------------------------------
i Using rendering engine: bookdown
Rendering book in directory '.'


processing file: reportV0.0.0-1.Rmd
1/3                  
2/3 [unnamed-chunk-1]
3/3                  
output file: reportV0.0.0-1.knit.md

/usr/bin/pandoc +RTS -K512m -RTS reportV0.0.0-1.knit.md --to html4 --from markdown+autolink_bare_uris+tex_math_single_backslash --output reportV0.0.0-1.html --lua-filter /home/runner/work/_temp/Library/bookdown/rmarkdown/lua/custom-environment.lua --lua-filter /home/runner/work/_temp/Library/rmarkdown/rmarkdown/lua/pagebreak.lua --lua-filter /home/runner/work/_temp/Library/rmarkdown/rmarkdown/lua/latex-div.lua --lua-filter /home/runner/work/_temp/Library/rmarkdown/rmarkdown/lua/anchor-sections.lua --metadata-file /tmp/RtmpGmYzDU/file23e8389f25eb --wrap preserve --standalone --section-divs --table-of-contents --toc-depth 6 --template /home/runner/work/_temp/Library/bookdown/templates/gitbook.html --highlight-style pygments --number-sections --css style.css --mathjax --include-in-header /tmp/RtmpGmYzDU/rmarkdown-str23e87a906611.html 

Output created: _tmp/projr/v0.0.2/docs/index.html
v Document rendering completed

-- Output Build: Post-Build ----------------------------------------------------
* Finalizing build artifacts
Copied bookdown output from _tmp/projr/v0.0.2/docs to docs
* Updating documentation and metadata
* Committing post-build changes to Git
[master 370d29b] Build v0.0.2: Build project
 4 files changed, 131 insertions(+), 1 deletion(-)
* Sending artifacts to remote destinations
* Running post-build hooks
* Pushing to Git remote
v Post-build completed successfully

⠏ | 1    1  18 | local-remote-comprehensive                                     v Setting active project to "<no active project>".
v Setting active project to
  "/tmp/RtmpGmYzDU/ProjrGitHubTesttest_projr-0.531167".
[master 64040a9] Initial projr commit
 4 files changed, 39 insertions(+), 12 deletions(-)

-- Output Build: Pre-Build Preparation -----------------------------------------
* Checking prerequisites (Git, GitHub, upstream)
* Updating documentation and version information
* Running pre-build hooks
* Committing pre-build changes to Git
[master 12ba083] Snapshot pre-build
 5 files changed, 15 insertions(+), 7 deletions(-)
v Pre-build preparation completed

-- Output Build: Build ---------------------------------------------------------
i Using rendering engine: bookdown
Rendering book in directory '.'


processing file: reportV0.0.0-1.Rmd
1/3                  
2/3 [unnamed-chunk-1]
3/3                  
output file: reportV0.0.0-1.knit.md

/usr/bin/pandoc +RTS -K512m -RTS reportV0.0.0-1.knit.md --to html4 --from markdown+autolink_bare_uris+tex_math_single_backslash --output reportV0.0.0-1.html --lua-filter /home/runner/work/_temp/Library/bookdown/rmarkdown/lua/custom-environment.lua --lua-filter /home/runner/work/_temp/Library/rmarkdown/rmarkdown/lua/pagebreak.lua --lua-filter /home/runner/work/_temp/Library/rmarkdown/rmarkdown/lua/latex-div.lua --lua-filter /home/runner/work/_temp/Library/rmarkdown/rmarkdown/lua/anchor-sections.lua --metadata-file /tmp/RtmpGmYzDU/file23e84dcc2f06 --wrap preserve --standalone --section-divs --table-of-contents --toc-depth 6 --template /home/runner/work/_temp/Library/bookdown/templates/gitbook.html --highlight-style pygments --number-sections --css style.css --mathjax --include-in-header /tmp/RtmpGmYzDU/rmarkdown-str23e830a23315.html 

Output created: _tmp/projr/v0.0.1/docs/index.html
v Document rendering completed

-- Output Build: Post-Build ----------------------------------------------------
* Finalizing build artifacts
Copied bookdown output from _tmp/projr/v0.0.1/docs to docs
* Updating documentation and metadata
* Committing post-build changes to Git
[master 71dbd3a] Build v0.0.1: Build project
 4 files changed, 137 insertions(+), 1 deletion(-)
 create mode 100644 BUILDLOG.md
 create mode 100644 CHANGELOG.md
 create mode 100644 manifest.csv
* Sending artifacts to remote destinations
* Running post-build hooks
* Pushing to Git remote
v Post-build completed successfully

⠸ | 1    1  22 | local-remote-comprehensive                                     
-- Output Build: Pre-Build Preparation -----------------------------------------
* Checking prerequisites (Git, GitHub, upstream)
* Updating documentation and version information
* Running pre-build hooks
* Committing pre-build changes to Git
[master 7fd5e1d] Snapshot pre-build
 3 files changed, 5 insertions(+), 2 deletions(-)
v Pre-build preparation completed

-- Output Build: Build ---------------------------------------------------------
i Using rendering engine: bookdown
Rendering book in directory '.'


processing file: reportV0.0.0-1.Rmd
1/3                  
2/3 [unnamed-chunk-1]
3/3                  
output file: reportV0.0.0-1.knit.md

/usr/bin/pandoc +RTS -K512m -RTS reportV0.0.0-1.knit.md --to html4 --from markdown+autolink_bare_uris+tex_math_single_backslash --output reportV0.0.0-1.html --lua-filter /home/runner/work/_temp/Library/bookdown/rmarkdown/lua/custom-environment.lua --lua-filter /home/runner/work/_temp/Library/rmarkdown/rmarkdown/lua/pagebreak.lua --lua-filter /home/runner/work/_temp/Library/rmarkdown/rmarkdown/lua/latex-div.lua --lua-filter /home/runner/work/_temp/Library/rmarkdown/rmarkdown/lua/anchor-sections.lua --metadata-file /tmp/RtmpGmYzDU/file23e856887cee --wrap preserve --standalone --section-divs --table-of-contents --toc-depth 6 --template /home/runner/work/_temp/Library/bookdown/templates/gitbook.html --highlight-style pygments --number-sections --css style.css --mathjax --include-in-header /tmp/RtmpGmYzDU/rmarkdown-str23e8265ff054.html 

Output created: _tmp/projr/v0.0.2/docs/index.html
v Document rendering completed

-- Output Build: Post-Build ----------------------------------------------------
* Finalizing build artifacts
Copied bookdown output from _tmp/projr/v0.0.2/docs to docs
* Updating documentation and metadata
* Committing post-build changes to Git
[master 2533fd5] Build v0.0.2: Build project
 4 files changed, 131 insertions(+), 1 deletion(-)
* Sending artifacts to remote destinations
* Running post-build hooks
* Pushing to Git remote
v Post-build completed successfully

⠴ | 1    1  24 | local-remote-comprehensive                                     v Setting active project to "<no active project>".
v Setting active project to
  "/tmp/RtmpGmYzDU/ProjrGitHubTesttest_projr-2.03748".
[master eba4968] Initial projr commit
 4 files changed, 39 insertions(+), 12 deletions(-)

-- Output Build: Pre-Build Preparation -----------------------------------------
* Checking prerequisites (Git, GitHub, upstream)
* Updating documentation and version information
* Running pre-build hooks
* Committing pre-build changes to Git
[master 8a0bcd3] Snapshot pre-build
 3 files changed, 12 insertions(+), 4 deletions(-)
v Pre-build preparation completed

-- Output Build: Build ---------------------------------------------------------
i Using rendering engine: bookdown
Rendering book in directory '.'


processing file: reportV0.0.0-1.Rmd
1/3                  
2/3 [unnamed-chunk-1]
3/3                  
output file: reportV0.0.0-1.knit.md

/usr/bin/pandoc +RTS -K512m -RTS reportV0.0.0-1.knit.md --to html4 --from markdown+autolink_bare_uris+tex_math_single_backslash --output reportV0.0.0-1.html --lua-filter /home/runner/work/_temp/Library/bookdown/rmarkdown/lua/custom-environment.lua --lua-filter /home/runner/work/_temp/Library/rmarkdown/rmarkdown/lua/pagebreak.lua --lua-filter /home/runner/work/_temp/Library/rmarkdown/rmarkdown/lua/latex-div.lua --lua-filter /home/runner/work/_temp/Library/rmarkdown/rmarkdown/lua/anchor-sections.lua --metadata-file /tmp/RtmpGmYzDU/file23e8742fcec0 --wrap preserve --standalone --section-divs --table-of-contents --toc-depth 6 --template /home/runner/work/_temp/Library/bookdown/templates/gitbook.html --highlight-style pygments --number-sections --css style.css --mathjax --include-in-header /tmp/RtmpGmYzDU/rmarkdown-str23e8605fbbf9.html 

Output created: _tmp/projr/v0.0.1/docs/index.html
v Document rendering completed

-- Output Build: Post-Build ----------------------------------------------------
* Finalizing build artifacts
Copied bookdown output from _tmp/projr/v0.0.1/docs to docs
* Updating documentation and metadata
* Committing post-build changes to Git
[master 90644ba] Build v0.0.1: Build project
 4 files changed, 137 insertions(+), 1 deletion(-)
 create mode 100644 BUILDLOG.md
 create mode 100644 CHANGELOG.md
 create mode 100644 manifest.csv
* Sending artifacts to remote destinations
* Running post-build hooks
* Pushing to Git remote
v Post-build completed successfully

⠧ | 1    1  26 | local-remote-comprehensive                                     v Setting active project to "<no active project>".
v Setting active project to
  "/tmp/RtmpGmYzDU/ProjrGitHubTesttest_projr-0.0696441".
[master 9b2c8b3] Initial projr commit
 4 files changed, 39 insertions(+), 12 deletions(-)

-- Output Build: Pre-Build Preparation -----------------------------------------
* Checking prerequisites (Git, GitHub, upstream)
* Updating documentation and version information
* Running pre-build hooks
* Committing pre-build changes to Git
[master ddb1100] Snapshot pre-build
 3 files changed, 12 insertions(+), 4 deletions(-)
v Pre-build preparation completed

-- Output Build: Build ---------------------------------------------------------
i Using rendering engine: bookdown
Rendering book in directory '.'


processing file: reportV0.0.0-1.Rmd
1/3                  
2/3 [unnamed-chunk-1]
3/3                  
output file: reportV0.0.0-1.knit.md

/usr/bin/pandoc +RTS -K512m -RTS reportV0.0.0-1.knit.md --to html4 --from markdown+autolink_bare_uris+tex_math_single_backslash --output reportV0.0.0-1.html --lua-filter /home/runner/work/_temp/Library/bookdown/rmarkdown/lua/custom-environment.lua --lua-filter /home/runner/work/_temp/Library/rmarkdown/rmarkdown/lua/pagebreak.lua --lua-filter /home/runner/work/_temp/Library/rmarkdown/rmarkdown/lua/latex-div.lua --lua-filter /home/runner/work/_temp/Library/rmarkdown/rmarkdown/lua/anchor-sections.lua --metadata-file /tmp/RtmpGmYzDU/file23e87479b52f --wrap preserve --standalone --section-divs --table-of-contents --toc-depth 6 --template /home/runner/work/_temp/Library/bookdown/templates/gitbook.html --highlight-style pygments --number-sections --css style.css --mathjax --include-in-header /tmp/RtmpGmYzDU/rmarkdown-str23e87efbfc67.html 

Output created: _tmp/projr/v0.0.1/docs/index.html
v Document rendering completed

-- Output Build: Post-Build ----------------------------------------------------
* Finalizing build artifacts
Copied bookdown output from _tmp/projr/v0.0.1/docs to docs
* Updating documentation and metadata
* Committing post-build changes to Git
[master 9eab66d] Build v0.0.1: Build project
 4 files changed, 137 insertions(+), 1 deletion(-)
 create mode 100644 BUILDLOG.md
 create mode 100644 CHANGELOG.md
 create mode 100644 manifest.csv
* Sending artifacts to remote destinations
* Running post-build hooks
* Pushing to Git remote
v Post-build completed successfully

⠋ | 1    1  29 | local-remote-comprehensive                                     
-- Output Build: Pre-Build Preparation -----------------------------------------
* Checking prerequisites (Git, GitHub, upstream)
* Updating documentation and version information
* Running pre-build hooks
* Committing pre-build changes to Git
[master 92ff765] Snapshot pre-build
 3 files changed, 5 insertions(+), 2 deletions(-)
v Pre-build preparation completed

-- Output Build: Build ---------------------------------------------------------
i Using rendering engine: bookdown
Rendering book in directory '.'


processing file: reportV0.0.0-1.Rmd
1/3                  
2/3 [unnamed-chunk-1]
3/3                  
output file: reportV0.0.0-1.knit.md

/usr/bin/pandoc +RTS -K512m -RTS reportV0.0.0-1.knit.md --to html4 --from markdown+autolink_bare_uris+tex_math_single_backslash --output reportV0.0.0-1.html --lua-filter /home/runner/work/_temp/Library/bookdown/rmarkdown/lua/custom-environment.lua --lua-filter /home/runner/work/_temp/Library/rmarkdown/rmarkdown/lua/pagebreak.lua --lua-filter /home/runner/work/_temp/Library/rmarkdown/rmarkdown/lua/latex-div.lua --lua-filter /home/runner/work/_temp/Library/rmarkdown/rmarkdown/lua/anchor-sections.lua --metadata-file /tmp/RtmpGmYzDU/file23e83dc5d6f --wrap preserve --standalone --section-divs --table-of-contents --toc-depth 6 --template /home/runner/work/_temp/Library/bookdown/templates/gitbook.html --highlight-style pygments --number-sections --css style.css --mathjax --include-in-header /tmp/RtmpGmYzDU/rmarkdown-str23e86384902d.html 

Output created: _tmp/projr/v0.0.2/docs/index.html
v Document rendering completed

-- Output Build: Post-Build ----------------------------------------------------
* Finalizing build artifacts
Copied bookdown output from _tmp/projr/v0.0.2/docs to docs
* Updating documentation and metadata
* Committing post-build changes to Git
[master f32188e] Build v0.0.2: Build project
 4 files changed, 131 insertions(+), 1 deletion(-)
* Sending artifacts to remote destinations
* Running post-build hooks
* Pushing to Git remote
v Post-build completed successfully

⠙ | 1    1  30 | local-remote-comprehensive                                     v Setting active project to "<no active project>".
v Setting active project to
  "/tmp/RtmpGmYzDU/ProjrGitHubTesttest_projr-1.09098".
[master 62706fb] Initial projr commit
 4 files changed, 39 insertions(+), 12 deletions(-)

-- Output Build: Pre-Build Preparation -----------------------------------------
* Checking prerequisites (Git, GitHub, upstream)
* Updating documentation and version information
* Running pre-build hooks
* Committing pre-build changes to Git
[master 2fe78d6] Snapshot pre-build
 5 files changed, 23 insertions(+), 7 deletions(-)
v Pre-build preparation completed

-- Output Build: Build ---------------------------------------------------------
i Using rendering engine: bookdown
Rendering book in directory '.'


processing file: reportV0.0.0-1.Rmd
1/3                  
2/3 [unnamed-chunk-1]
3/3                  
output file: reportV0.0.0-1.knit.md

/usr/bin/pandoc +RTS -K512m -RTS reportV0.0.0-1.knit.md --to html4 --from markdown+autolink_bare_uris+tex_math_single_backslash --output reportV0.0.0-1.html --lua-filter /home/runner/work/_temp/Library/bookdown/rmarkdown/lua/custom-environment.lua --lua-filter /home/runner/work/_temp/Library/rmarkdown/rmarkdown/lua/pagebreak.lua --lua-filter /home/runner/work/_temp/Library/rmarkdown/rmarkdown/lua/latex-div.lua --lua-filter /home/runner/work/_temp/Library/rmarkdown/rmarkdown/lua/anchor-sections.lua --metadata-file /tmp/RtmpGmYzDU/file23e8712a983b --wrap preserve --standalone --section-divs --table-of-contents --toc-depth 6 --template /home/runner/work/_temp/Library/bookdown/templates/gitbook.html --highlight-style pygments --number-sections --css style.css --mathjax --include-in-header /tmp/RtmpGmYzDU/rmarkdown-str23e8380a144.html 

Output created: _tmp/projr/v0.0.1/docs/index.html
v Document rendering completed

-- Output Build: Post-Build ----------------------------------------------------
* Finalizing build artifacts
Copied bookdown output from _tmp/projr/v0.0.1/docs to docs
* Updating documentation and metadata
* Committing post-build changes to Git
[master 0d25645] Build v0.0.1: Build project
 4 files changed, 142 insertions(+), 1 deletion(-)
 create mode 100644 BUILDLOG.md
 create mode 100644 CHANGELOG.md
 create mode 100644 manifest.csv
* Sending artifacts to remote destinations
* Running post-build hooks
* Pushing to Git remote
v Post-build completed successfully

⠸ | 1    2  31 | local-remote-comprehensive                                     v Setting active project to "<no active project>".
v Setting active project to
  "/tmp/RtmpGmYzDU/ProjrGitHubTesttest_projr0.655583".
[master a53500c] Initial projr commit
 4 files changed, 39 insertions(+), 12 deletions(-)

-- Output Build: Pre-Build Preparation -----------------------------------------
* Checking prerequisites (Git, GitHub, upstream)
* Updating documentation and version information
* Running pre-build hooks
* Committing pre-build changes to Git
[master f35bec4] Snapshot pre-build
 3 files changed, 9 insertions(+), 4 deletions(-)
v Pre-build preparation completed

-- Output Build: Build ---------------------------------------------------------
i Using rendering engine: bookdown
Rendering book in directory '.'


processing file: reportV0.0.0-1.Rmd
1/3                  
2/3 [unnamed-chunk-1]
3/3                  
output file: reportV0.0.0-1.knit.md

/usr/bin/pandoc +RTS -K512m -RTS reportV0.0.0-1.knit.md --to html4 --from markdown+autolink_bare_uris+tex_math_single_backslash --output reportV0.0.0-1.html --lua-filter /home/runner/work/_temp/Library/bookdown/rmarkdown/lua/custom-environment.lua --lua-filter /home/runner/work/_temp/Library/rmarkdown/rmarkdown/lua/pagebreak.lua --lua-filter /home/runner/work/_temp/Library/rmarkdown/rmarkdown/lua/latex-div.lua --lua-filter /home/runner/work/_temp/Library/rmarkdown/rmarkdown/lua/anchor-sections.lua --metadata-file /tmp/RtmpGmYzDU/file23e86a2a09c8 --wrap preserve --standalone --section-divs --table-of-contents --toc-depth 6 --template /home/runner/work/_temp/Library/bookdown/templates/gitbook.html --highlight-style pygments --number-sections --css style.css --mathjax --include-in-header /tmp/RtmpGmYzDU/rmarkdown-str23e85cf77832.html 

Output created: _tmp/projr/v0.0.1/docs/index.html
v Document rendering completed

-- Output Build: Post-Build ----------------------------------------------------
* Finalizing build artifacts
Copied bookdown output from _tmp/projr/v0.0.1/docs to docs
* Updating documentation and metadata
* Committing post-build changes to Git
[master e64fd21] Build v0.0.1: Build project
 4 files changed, 134 insertions(+), 1 deletion(-)
 create mode 100644 BUILDLOG.md
 create mode 100644 CHANGELOG.md
 create mode 100644 manifest.csv
* Sending artifacts to remote destinations
* Running post-build hooks
* Pushing to Git remote
v Post-build completed successfully

⠦ | 1    2  34 | local-remote-comprehensive                                     v Setting active project to "<no active project>".
v Setting active project to
  "/tmp/RtmpGmYzDU/ProjrGitHubTesttest_projr0.0692599".
[master 5585d7b] Initial projr commit
 4 files changed, 39 insertions(+), 12 deletions(-)

-- Output Build: Pre-Build Preparation -----------------------------------------
* Checking prerequisites (Git, GitHub, upstream)
* Updating documentation and version information
* Running pre-build hooks
* Committing pre-build changes to Git
[master 9859502] Snapshot pre-build
 3 files changed, 13 insertions(+), 4 deletions(-)
v Pre-build preparation completed

-- Output Build: Build ---------------------------------------------------------
i Using rendering engine: bookdown
Rendering book in directory '.'


processing file: reportV0.0.0-1.Rmd
1/3                  
2/3 [unnamed-chunk-1]
3/3                  
output file: reportV0.0.0-1.knit.md

/usr/bin/pandoc +RTS -K512m -RTS reportV0.0.0-1.knit.md --to html4 --from markdown+autolink_bare_uris+tex_math_single_backslash --output reportV0.0.0-1.html --lua-filter /home/runner/work/_temp/Library/bookdown/rmarkdown/lua/custom-environment.lua --lua-filter /home/runner/work/_temp/Library/rmarkdown/rmarkdown/lua/pagebreak.lua --lua-filter /home/runner/work/_temp/Library/rmarkdown/rmarkdown/lua/latex-div.lua --lua-filter /home/runner/work/_temp/Library/rmarkdown/rmarkdown/lua/anchor-sections.lua --metadata-file /tmp/RtmpGmYzDU/file23e87abb88b7 --wrap preserve --standalone --section-divs --table-of-contents --toc-depth 6 --template /home/runner/work/_temp/Library/bookdown/templates/gitbook.html --highlight-style pygments --number-sections --css style.css --mathjax --include-in-header /tmp/RtmpGmYzDU/rmarkdown-str23e86074714b.html 

Output created: _tmp/projr/v0.0.1/docs/index.html
v Document rendering completed

-- Output Build: Post-Build ----------------------------------------------------
* Finalizing build artifacts
Copied bookdown output from _tmp/projr/v0.0.1/docs to docs
* Updating documentation and metadata
* Committing post-build changes to Git
[master 62060df] Build v0.0.1: Build project
 4 files changed, 138 insertions(+), 1 deletion(-)
 create mode 100644 BUILDLOG.md
 create mode 100644 CHANGELOG.md
 create mode 100644 manifest.csv
* Sending artifacts to remote destinations
* Running post-build hooks
* Pushing to Git remote
v Post-build completed successfully

⠋ | 1    4  36 | local-remote-comprehensive                                     
-- Output Build: Pre-Build Preparation -----------------------------------------
* Checking prerequisites (Git, GitHub, upstream)
* Updating documentation and version information
* Running pre-build hooks
* Committing pre-build changes to Git
[master bd4bae3] Snapshot pre-build
 3 files changed, 5 insertions(+), 2 deletions(-)
v Pre-build preparation completed

-- Output Build: Build ---------------------------------------------------------
i Using rendering engine: bookdown
Rendering book in directory '.'


processing file: reportV0.0.0-1.Rmd
1/3                  
2/3 [unnamed-chunk-1]
3/3                  
output file: reportV0.0.0-1.knit.md

/usr/bin/pandoc +RTS -K512m -RTS reportV0.0.0-1.knit.md --to html4 --from markdown+autolink_bare_uris+tex_math_single_backslash --output reportV0.0.0-1.html --lua-filter /home/runner/work/_temp/Library/bookdown/rmarkdown/lua/custom-environment.lua --lua-filter /home/runner/work/_temp/Library/rmarkdown/rmarkdown/lua/pagebreak.lua --lua-filter /home/runner/work/_temp/Library/rmarkdown/rmarkdown/lua/latex-div.lua --lua-filter /home/runner/work/_temp/Library/rmarkdown/rmarkdown/lua/anchor-sections.lua --metadata-file /tmp/RtmpGmYzDU/file23e8635cc84b --wrap preserve --standalone --section-divs --table-of-contents --toc-depth 6 --template /home/runner/work/_temp/Library/bookdown/templates/gitbook.html --highlight-style pygments --number-sections --css style.css --mathjax --include-in-header /tmp/RtmpGmYzDU/rmarkdown-str23e82f535161.html 

Output created: _tmp/projr/v0.0.2/docs/index.html
v Document rendering completed

-- Output Build: Post-Build ----------------------------------------------------
* Finalizing build artifacts
Copied bookdown output from _tmp/projr/v0.0.2/docs to docs
* Updating documentation and metadata
* Committing post-build changes to Git
[master 5d63773] Build v0.0.2: Build project
 4 files changed, 132 insertions(+), 1 deletion(-)
* Sending artifacts to remote destinations
* Running post-build hooks
* Pushing to Git remote
v Post-build completed successfully

⠹ | 1    4  38 | local-remote-comprehensive                                     
-- Output Build: Pre-Build Preparation -----------------------------------------
* Checking prerequisites (Git, GitHub, upstream)
* Updating documentation and version information
* Running pre-build hooks
* Committing pre-build changes to Git
[master 2f5ec3e] Snapshot pre-build
 2 files changed, 2 insertions(+), 2 deletions(-)
v Pre-build preparation completed

-- Output Build: Build ---------------------------------------------------------
i Using rendering engine: bookdown
Rendering book in directory '.'


processing file: reportV0.0.0-1.Rmd
1/3                  
2/3 [unnamed-chunk-1]
3/3                  
output file: reportV0.0.0-1.knit.md

/usr/bin/pandoc +RTS -K512m -RTS reportV0.0.0-1.knit.md --to html4 --from markdown+autolink_bare_uris+tex_math_single_backslash --output reportV0.0.0-1.html --lua-filter /home/runner/work/_temp/Library/bookdown/rmarkdown/lua/custom-environment.lua --lua-filter /home/runner/work/_temp/Library/rmarkdown/rmarkdown/lua/pagebreak.lua --lua-filter /home/runner/work/_temp/Library/rmarkdown/rmarkdown/lua/latex-div.lua --lua-filter /home/runner/work/_temp/Library/rmarkdown/rmarkdown/lua/anchor-sections.lua --metadata-file /tmp/RtmpGmYzDU/file23e8197d5b29 --wrap preserve --standalone --section-divs --table-of-contents --toc-depth 6 --template /home/runner/work/_temp/Library/bookdown/templates/gitbook.html --highlight-style pygments --number-sections --css style.css --mathjax --include-in-header /tmp/RtmpGmYzDU/rmarkdown-str23e8614ff326.html 

Output created: _tmp/projr/v0.0.3/docs/index.html
v Document rendering completed

-- Output Build: Post-Build ----------------------------------------------------
* Finalizing build artifacts
Copied bookdown output from _tmp/projr/v0.0.3/docs to docs
* Updating documentation and metadata
* Committing post-build changes to Git
[master f34def6] Build v0.0.3: Build project
 4 files changed, 146 insertions(+), 1 deletion(-)
* Sending artifacts to remote destinations
* Running post-build hooks
* Pushing to Git remote
v Post-build completed successfully

⠸ | 1    4  39 | local-remote-comprehensive                                     v Setting active project to "<no active project>".
v Setting active project to
  "/tmp/RtmpGmYzDU/ProjrGitHubTesttest_projr-0.58404".
[master 5940b53] Initial projr commit
 4 files changed, 39 insertions(+), 12 deletions(-)

-- Output Build: Pre-Build Preparation -----------------------------------------
* Checking prerequisites (Git, GitHub, upstream)
* Updating documentation and version information
* Running pre-build hooks
* Committing pre-build changes to Git
[master 00b789b] Snapshot pre-build
 3 files changed, 13 insertions(+), 4 deletions(-)
v Pre-build preparation completed

-- Output Build: Build ---------------------------------------------------------
i Using rendering engine: bookdown
Rendering book in directory '.'


processing file: reportV0.0.0-1.Rmd
1/3                  
2/3 [unnamed-chunk-1]
3/3                  
output file: reportV0.0.0-1.knit.md

/usr/bin/pandoc +RTS -K512m -RTS reportV0.0.0-1.knit.md --to html4 --from markdown+autolink_bare_uris+tex_math_single_backslash --output reportV0.0.0-1.html --lua-filter /home/runner/work/_temp/Library/bookdown/rmarkdown/lua/custom-environment.lua --lua-filter /home/runner/work/_temp/Library/rmarkdown/rmarkdown/lua/pagebreak.lua --lua-filter /home/runner/work/_temp/Library/rmarkdown/rmarkdown/lua/latex-div.lua --lua-filter /home/runner/work/_temp/Library/rmarkdown/rmarkdown/lua/anchor-sections.lua --metadata-file /tmp/RtmpGmYzDU/file23e85193cfbe --wrap preserve --standalone --section-divs --table-of-contents --toc-depth 6 --template /home/runner/work/_temp/Library/bookdown/templates/gitbook.html --highlight-style pygments --number-sections --css style.css --mathjax --include-in-header /tmp/RtmpGmYzDU/rmarkdown-str23e84714c3ae.html 

Output created: _tmp/projr/v0.0.1/docs/index.html
v Document rendering completed

-- Output Build: Post-Build ----------------------------------------------------
* Finalizing build artifacts
Copied bookdown output from _tmp/projr/v0.0.1/docs to docs
* Updating documentation and metadata
* Committing post-build changes to Git
[master e0ff22d] Build v0.0.1: Build project
 4 files changed, 138 insertions(+), 1 deletion(-)
 create mode 100644 BUILDLOG.md
 create mode 100644 CHANGELOG.md
 create mode 100644 manifest.csv
* Sending artifacts to remote destinations
* Running post-build hooks
* Pushing to Git remote
v Post-build completed successfully

⠼ | 1    4  40 | local-remote-comprehensive                                     
-- Output Build: Pre-Build Preparation -----------------------------------------
* Checking prerequisites (Git, GitHub, upstream)
* Updating documentation and version information
* Running pre-build hooks
* Committing pre-build changes to Git
[master 02f5d5f] Snapshot pre-build
 3 files changed, 5 insertions(+), 2 deletions(-)
v Pre-build preparation completed

-- Output Build: Build ---------------------------------------------------------
i Using rendering engine: bookdown
Rendering book in directory '.'


processing file: reportV0.0.0-1.Rmd
1/3                  
2/3 [unnamed-chunk-1]
3/3                  
output file: reportV0.0.0-1.knit.md

/usr/bin/pandoc +RTS -K512m -RTS reportV0.0.0-1.knit.md --to html4 --from markdown+autolink_bare_uris+tex_math_single_backslash --output reportV0.0.0-1.html --lua-filter /home/runner/work/_temp/Library/bookdown/rmarkdown/lua/custom-environment.lua --lua-filter /home/runner/work/_temp/Library/rmarkdown/rmarkdown/lua/pagebreak.lua --lua-filter /home/runner/work/_temp/Library/rmarkdown/rmarkdown/lua/latex-div.lua --lua-filter /home/runner/work/_temp/Library/rmarkdown/rmarkdown/lua/anchor-sections.lua --metadata-file /tmp/RtmpGmYzDU/file23e856a093bc --wrap preserve --standalone --section-divs --table-of-contents --toc-depth 6 --template /home/runner/work/_temp/Library/bookdown/templates/gitbook.html --highlight-style pygments --number-sections --css style.css --mathjax --include-in-header /tmp/RtmpGmYzDU/rmarkdown-str23e83e8b8c18.html 

Output created: _tmp/projr/v0.0.2/docs/index.html
v Document rendering completed

-- Output Build: Post-Build ----------------------------------------------------
* Finalizing build artifacts
Copied bookdown output from _tmp/projr/v0.0.2/docs to docs
* Updating documentation and metadata
* Committing post-build changes to Git
[master 65fa045] Build v0.0.2: Build project
 4 files changed, 132 insertions(+), 1 deletion(-)
* Sending artifacts to remote destinations
* Running post-build hooks
* Pushing to Git remote
v Post-build completed successfully

⠦ | 1    4  42 | local-remote-comprehensive                                     v Setting active project to "<no active project>".
v Setting active project to
  "/tmp/RtmpGmYzDU/ProjrGitHubTesttest_projr-2.95234".
[master b986d10] Initial projr commit
 4 files changed, 39 insertions(+), 12 deletions(-)

-- Output Build: Pre-Build Preparation -----------------------------------------
* Checking prerequisites (Git, GitHub, upstream)
* Updating documentation and version information
* Running pre-build hooks
* Committing pre-build changes to Git
[master 1902fee] Snapshot pre-build
 3 files changed, 9 insertions(+), 4 deletions(-)
v Pre-build preparation completed

-- Output Build: Build ---------------------------------------------------------
i Using rendering engine: bookdown
Rendering book in directory '.'


processing file: reportV0.0.0-1.Rmd
1/3                  
2/3 [unnamed-chunk-1]
3/3                  
output file: reportV0.0.0-1.knit.md

/usr/bin/pandoc +RTS -K512m -RTS reportV0.0.0-1.knit.md --to html4 --from markdown+autolink_bare_uris+tex_math_single_backslash --output reportV0.0.0-1.html --lua-filter /home/runner/work/_temp/Library/bookdown/rmarkdown/lua/custom-environment.lua --lua-filter /home/runner/work/_temp/Library/rmarkdown/rmarkdown/lua/pagebreak.lua --lua-filter /home/runner/work/_temp/Library/rmarkdown/rmarkdown/lua/latex-div.lua --lua-filter /home/runner/work/_temp/Library/rmarkdown/rmarkdown/lua/anchor-sections.lua --metadata-file /tmp/RtmpGmYzDU/file23e8759f4791 --wrap preserve --standalone --section-divs --table-of-contents --toc-depth 6 --template /home/runner/work/_temp/Library/bookdown/templates/gitbook.html --highlight-style pygments --number-sections --css style.css --mathjax --include-in-header /tmp/RtmpGmYzDU/rmarkdown-str23e85c18493b.html 

Output created: _tmp/projr/v0.0.1/docs/index.html
v Document rendering completed

-- Output Build: Post-Build ----------------------------------------------------
* Finalizing build artifacts
Copied bookdown output from _tmp/projr/v0.0.1/docs to docs
* Updating documentation and metadata
* Committing post-build changes to Git
[master c3576d2] Build v0.0.1: Build project
 4 files changed, 131 insertions(+), 1 deletion(-)
 create mode 100644 BUILDLOG.md
 create mode 100644 CHANGELOG.md
 create mode 100644 manifest.csv
* Sending artifacts to remote destinations
* Running post-build hooks
* Pushing to Git remote
v Post-build completed successfully

⠧ | 1    4  43 | local-remote-comprehensive                                     v Setting active project to "<no active project>".
v Setting active project to
  "/tmp/RtmpGmYzDU/ProjrGitHubTesttest_projr-0.243026".
[master 84c97d0] Initial projr commit
 4 files changed, 39 insertions(+), 12 deletions(-)

⠏ | 1    4  45 | local-remote-comprehensive                                     v Setting active project to "<no active project>".

✖ | 1    4  46 | local-remote-comprehensive [27.2s]
────────────────────────────────────────────────────────────────────────────────
Failure ('test-local-remote-comprehensive.R:86:7'): local remote works with structure='archive'
Expected `file.exists("_archive/raw-data/v0.0.1/file1.txt")` to be TRUE.
Differences:
`actual`:   FALSE
`expected`: TRUE 

Backtrace:
    ▆
 1. ├─usethis::with_project(...) at test-local-remote-comprehensive.R:64:3
 2. │ └─base::force(code)
 3. └─testthat::expect_true(file.exists("_archive/raw-data/v0.0.1/file1.txt")) at test-local-remote-comprehensive.R:86:7
────────────────────────────────────────────────────────────────────────────────

⠏ |          0 | log                                                            v Setting active project to "/tmp/RtmpGmYzDU/ProjrGitHubTesttest_projr1.02013".
v Setting active project to "<no active project>".
v Setting active project to
  "/tmp/RtmpGmYzDU/ProjrGitHubTesttest_projr0.516536".
v Setting active project to "<no active project>".
v Setting active project to
  "/tmp/RtmpGmYzDU/ProjrGitHubTesttest_projr-0.669137".

⠇ |          9 | log                                                            v Setting active project to "<no active project>".
v Setting active project to
  "/tmp/RtmpGmYzDU/ProjrGitHubTesttest_projr-0.566929".
v Setting active project to "<no active project>".
v Setting active project to
  "/tmp/RtmpGmYzDU/ProjrGitHubTesttest_projr0.0787203".
v Setting active project to "<no active project>".
v Setting active project to
  "/tmp/RtmpGmYzDU/ProjrGitHubTesttest_projr0.467817".

⠇ |         19 | log                                                            v Setting active project to "<no active project>".
v Setting active project to
  "/tmp/RtmpGmYzDU/ProjrGitHubTesttest_projr-2.17724".
v Setting active project to "<no active project>".
v Setting active project to "/tmp/RtmpGmYzDU/ProjrGitHubTesttest_projr0.67074".

⠹ |         43 | log                                                            v Setting active project to "<no active project>".
v Setting active project to
  "/tmp/RtmpGmYzDU/ProjrGitHubTesttest_projr-0.0639966".
v Setting active project to "<no active project>".
v Setting active project to "/tmp/RtmpGmYzDU/ProjrGitHubTesttest_projr0.30971".
v Setting active project to "<no active project>".
v Setting active project to
  "/tmp/RtmpGmYzDU/ProjrGitHubTesttest_projr-0.937487".

⠙ |         52 | log                                                            v Setting active project to "<no active project>".
v Setting active project to "/tmp/RtmpGmYzDU/ProjrGitHubTesttest_projr2.22379".
v Setting active project to "<no active project>".
v Setting active project to
  "/tmp/RtmpGmYzDU/ProjrGitHubTesttest_projr-0.540099".
v Setting active project to "<no active project>".
v Setting active project to
  "/tmp/RtmpGmYzDU/ProjrGitHubTesttest_projr0.753933".

⠹ |         63 | log                                                            v Setting active project to "<no active project>".
v Setting active project to "/tmp/RtmpGmYzDU/ProjrGitHubTesttest_projr-1.3664".
v Logs cleared successfully

⠸ |         74 | log                                                            v Setting active project to "<no active project>".
v Setting active project to
  "/tmp/RtmpGmYzDU/ProjrGitHubTesttest_projr-0.826712".
v Logs cleared successfully
v Setting active project to "<no active project>".
v Setting active project to
  "/tmp/RtmpGmYzDU/ProjrGitHubTesttest_projr0.243016".
v Logs cleared successfully

⠏ |         80 | log                                                            v Setting active project to "<no active project>".
v Setting active project to
  "/tmp/RtmpGmYzDU/ProjrGitHubTesttest_projr0.621162".
v Logs cleared successfully
v Setting active project to "<no active project>".
v Setting active project to
  "/tmp/RtmpGmYzDU/ProjrGitHubTesttest_projr-0.212723".

⠦ |         87 | log                                                            v Setting active project to "<no active project>".
v Setting active project to
  "/tmp/RtmpGmYzDU/ProjrGitHubTesttest_projr0.713875".
v Setting active project to "<no active project>".
v Setting active project to
  "/tmp/RtmpGmYzDU/ProjrGitHubTesttest_projr-0.881569".

⠹ |        113 | log                                                            v Setting active project to "<no active project>".
v Setting active project to
  "/tmp/RtmpGmYzDU/ProjrGitHubTesttest_projr0.452758".
v Setting active project to "<no active project>".

✔ |        119 | log [1.1s]

⠏ |          0 | manifest-file-query                                            v Setting active project to "/tmp/RtmpGmYzDU/ProjrGitHubTesttest_projr2.06851".

⠼ |          5 | manifest-file-query                                            v Setting active project to "<no active project>".
v Setting active project to
  "/tmp/RtmpGmYzDU/ProjrGitHubTesttest_projr-0.616294".

⠏ |         10 | manifest-file-query                                            
⠧ |         18 | manifest-file-query                                            v Setting active project to "<no active project>".
v Setting active project to
  "/tmp/RtmpGmYzDU/ProjrGitHubTesttest_projr-1.30314".

⠦ |         27 | manifest-file-query                                            v Setting active project to "<no active project>".
v Setting active project to
  "/tmp/RtmpGmYzDU/ProjrGitHubTesttest_projr-1.02308".

⠴ |         36 | manifest-file-query                                            v Setting active project to "<no active project>".
v Setting active project to
  "/tmp/RtmpGmYzDU/ProjrGitHubTesttest_projr-0.138747".

⠴ |         46 | manifest-file-query                                            
⠙ |         52 | manifest-file-query                                            v Setting active project to "<no active project>".
v Setting active project to
  "/tmp/RtmpGmYzDU/ProjrGitHubTesttest_projr0.475182".

⠴ |         56 | manifest-file-query                                            v Setting active project to "<no active project>".

✔ |         62 | manifest-file-query [1.4s]

⠏ |          0 | manifest-query                                                 v Setting active project to
  "/tmp/RtmpGmYzDU/ProjrGitHubTesttest_projr-0.527537".

⠋ |          1 | manifest-query                                                 
⠦ |          7 | manifest-query                                                 v Setting active project to "<no active project>".
v Setting active project to "/tmp/RtmpGmYzDU/ProjrGitHubTesttest_projr0.22202".

⠼ |         15 | manifest-query                                                 v Setting active project to "<no active project>".
v Setting active project to
  "/tmp/RtmpGmYzDU/ProjrGitHubTesttest_projr0.480484".

⠋ |         21 | manifest-query                                                 v Setting active project to "<no active project>".
v Setting active project to
  "/tmp/RtmpGmYzDU/ProjrGitHubTesttest_projr-0.846187".

⠧ |         28 | manifest-query                                                 v Setting active project to "<no active project>".

✔ |         34 | manifest-query [1.0s]

⠏ |          0 | manifest                                                       v Setting active project to
  "/tmp/RtmpGmYzDU/ProjrGitHubTesttest_projr-0.525303".

⠇ |          9 | manifest                                                       v Setting active project to "<no active project>".
v Setting active project to "/tmp/RtmpGmYzDU/ProjrGitHubTesttest_projr1.88128".

⠹ |         13 | manifest                                                       
⠦ |         17 | manifest                                                       
⠇ |         19 | manifest                                                       v Setting active project to "<no active project>".
v Setting active project to
  "/tmp/RtmpGmYzDU/ProjrGitHubTesttest_projr0.0616021".

⠋ |         21 | manifest                                                       
⠴ |         26 | manifest                                                       v Setting active project to "<no active project>".

✔ |         28 | manifest

⠏ |          0 | metadata                                                       v Setting active project to "/tmp/RtmpGmYzDU/ProjrGitHubTesttest_projr1.34876".
v Setting active project to "<no active project>".
v Setting active project to
  "/tmp/RtmpGmYzDU/ProjrGitHubTesttest_projr-1.73523".
v Setting active project to "<no active project>".

⠋ |         11 | metadata                                                       v Setting active project to
  "/tmp/RtmpGmYzDU/ProjrGitHubTesttest_projr-0.0593544".
v Setting active project to "<no active project>".
v Setting active project to
  "/tmp/RtmpGmYzDU/ProjrGitHubTesttest_projr0.433029".

⠴ |         36 | metadata                                                       v Setting active project to "<no active project>".
v Setting active project to
  "/tmp/RtmpGmYzDU/ProjrGitHubTesttest_projr-1.02775".
v Setting active project to "<no active project>".
v Setting active project to
  "/tmp/RtmpGmYzDU/ProjrGitHubTesttest_projr-0.552295".
v Setting active project to "<no active project>".
v Setting active project to "/tmp/RtmpGmYzDU/ProjrGitHubTesttest_projr1.26692".
v Setting active project to "<no active project>".

✔ |         42 | metadata

⠏ |          0 | misc                                                           v Setting active project to
  "/tmp/RtmpGmYzDU/ProjrGitHubTesttest_projr-0.176788".
v Setting active project to "<no active project>".
v Setting active project to
  "/tmp/RtmpGmYzDU/ProjrGitHubTesttest_projr-0.568883".

⠏ |         10 | misc                                                           v Setting active project to "<no active project>".

✔ |         20 | misc

⠏ |          0 | param                                                          
⠦ |         17 | param                                                          
⠴ |         36 | param                                                          
✔ |         50 | param

⠏ |          0 | path-validation                                                
⠙ |         22 | path-validation                                                
⠹ |         43 | path-validation                                                
⠙ |         62 | path-validation                                                
⠼ |         85 | path-validation                                                
⠦ |         97 | path-validation                                                
⠸ |        114 | path-validation                                                
⠦ |        137 | path-validation                                                
✔ |        151 | path-validation

⠏ |          0 | path                                                           v Setting active project to
  "/tmp/RtmpGmYzDU/ProjrGitHubTesttest_projr-0.152637".
v Setting active project to "<no active project>".
v Setting active project to
  "/tmp/RtmpGmYzDU/ProjrGitHubTesttest_projr0.0489626".

⠦ |         17 | path                                                           
⠋ |         21 | path                                                           
⠦ |         27 | path                                                           v Setting active project to "<no active project>".

✔ |         38 | path

⠏ |          0 | piggyback-retry                                                
⠏ |         10 | piggyback-retry                                                
⠙ |         12 | piggyback-retry                                                
⠸ |         14 | piggyback-retry                                                
✔ |         19 | piggyback-retry [4.2s]

⠏ |          0 | profile                                                        
⠹ |         23 | profile                                                        
✔ |         28 | profile

⠏ |          0 | remote                                                         v Setting active project to
  "/tmp/RtmpGmYzDU/ProjrGitHubTesttest_projr0.875345".
v Setting active project to "<no active project>".
v Setting active project to "/tmp/RtmpGmYzDU/ProjrGitHubTesttest_projr1.91396".
v Setting active project to "<no active project>".
v Setting active project to
  "/tmp/RtmpGmYzDU/ProjrGitHubTesttest_projr-0.429602".

⠦ |      2   5 | remote                                                         v Setting active project to "<no active project>".
v Setting active project to
  "/tmp/RtmpGmYzDU/ProjrGitHubTesttest_projr-1.02894".
v Setting active project to "<no active project>".
v Setting active project to
  "/tmp/RtmpGmYzDU/ProjrGitHubTesttest_projr-0.270315".

⠧ |      4  14 | remote                                                         v Setting active project to "<no active project>".
v Setting active project to
  "/tmp/RtmpGmYzDU/ProjrGitHubTesttest_projr0.0492302".
v Setting active project to "<no active project>".

✔ |      7  19 | remote

⠏ |          0 | renv                                                           
⠼ |      3  12 | renv                                                           
✔ |      3  12 | renv

⠏ |          0 | restore-integration                                            [master d7e37f8] Initial projr commit
 4 files changed, 39 insertions(+), 12 deletions(-)

-- Output Build: Pre-Build Preparation -----------------------------------------
* Checking prerequisites (Git, GitHub, upstream)
* Updating documentation and version information
* Running pre-build hooks
* Committing pre-build changes to Git
[master 02e506b] Snapshot pre-build
 5 files changed, 15 insertions(+), 4 deletions(-)
 create mode 100644 test.qmd
v Pre-build preparation completed

-- Output Build: Build ---------------------------------------------------------
i Using rendering engine: bookdown
Rendering book in directory '.'


processing file: reportV0.0.0-1.Rmd
1/3                  
2/3 [unnamed-chunk-1]
3/3                  
output file: reportV0.0.0-1.knit.md

/usr/bin/pandoc +RTS -K512m -RTS reportV0.0.0-1.knit.md --to html4 --from markdown+autolink_bare_uris+tex_math_single_backslash --output reportV0.0.0-1.html --lua-filter /home/runner/work/_temp/Library/bookdown/rmarkdown/lua/custom-environment.lua --lua-filter /home/runner/work/_temp/Library/rmarkdown/rmarkdown/lua/pagebreak.lua --lua-filter /home/runner/work/_temp/Library/rmarkdown/rmarkdown/lua/latex-div.lua --lua-filter /home/runner/work/_temp/Library/rmarkdown/rmarkdown/lua/anchor-sections.lua --metadata-file /tmp/RtmpGmYzDU/file23e869395ea3 --wrap preserve --standalone --section-divs --table-of-contents --toc-depth 6 --template /home/runner/work/_temp/Library/bookdown/templates/gitbook.html --highlight-style pygments --number-sections --css style.css --mathjax --include-in-header /tmp/RtmpGmYzDU/rmarkdown-str23e86617f339.html 

Output created: _tmp/projr/v0.0.1/docs/index.html
v Document rendering completed

-- Output Build: Post-Build ----------------------------------------------------
* Finalizing build artifacts
Copied bookdown output from _tmp/projr/v0.0.1/docs to docs
* Updating documentation and metadata
* Committing post-build changes to Git
[master d22e945] Build v0.0.1: Build project
 4 files changed, 134 insertions(+), 1 deletion(-)
 create mode 100644 BUILDLOG.md
 create mode 100644 CHANGELOG.md
 create mode 100644 manifest.csv
* Sending artifacts to remote destinations
* Running post-build hooks
* Pushing to Git remote
v Post-build completed successfully

⠋ |          1 | restore-integration                                            Restoring raw-data from local test-archive
Version: 0.0.1
[master c867dad] Initial projr commit
 4 files changed, 39 insertions(+), 12 deletions(-)

-- Output Build: Pre-Build Preparation -----------------------------------------
* Checking prerequisites (Git, GitHub, upstream)
* Updating documentation and version information
* Running pre-build hooks
* Committing pre-build changes to Git
[master 01ee6a8] Snapshot pre-build
 6 files changed, 18 insertions(+), 7 deletions(-)
 create mode 100644 test.qmd
v Pre-build preparation completed

-- Output Build: Build ---------------------------------------------------------
i Using rendering engine: bookdown
Rendering book in directory '.'


processing file: reportV0.0.0-1.Rmd
1/3                  
2/3 [unnamed-chunk-1]
3/3                  
output file: reportV0.0.0-1.knit.md

/usr/bin/pandoc +RTS -K512m -RTS reportV0.0.0-1.knit.md --to html4 --from markdown+autolink_bare_uris+tex_math_single_backslash --output reportV0.0.0-1.html --lua-filter /home/runner/work/_temp/Library/bookdown/rmarkdown/lua/custom-environment.lua --lua-filter /home/runner/work/_temp/Library/rmarkdown/rmarkdown/lua/pagebreak.lua --lua-filter /home/runner/work/_temp/Library/rmarkdown/rmarkdown/lua/latex-div.lua --lua-filter /home/runner/work/_temp/Library/rmarkdown/rmarkdown/lua/anchor-sections.lua --metadata-file /tmp/RtmpGmYzDU/file23e87b22ce6a --wrap preserve --standalone --section-divs --table-of-contents --toc-depth 6 --template /home/runner/work/_temp/Library/bookdown/templates/gitbook.html --highlight-style pygments --number-sections --css style.css --mathjax --include-in-header /tmp/RtmpGmYzDU/rmarkdown-str23e87500824e.html 

Output created: _tmp/projr/v0.0.1/docs/index.html
v Document rendering completed

-- Output Build: Post-Build ----------------------------------------------------
* Finalizing build artifacts
Copied bookdown output from _tmp/projr/v0.0.1/docs to docs
* Updating documentation and metadata
* Committing post-build changes to Git
[master 937643c] Build v0.0.1: Build project
 4 files changed, 134 insertions(+), 1 deletion(-)
 create mode 100644 BUILDLOG.md
 create mode 100644 CHANGELOG.md
 create mode 100644 manifest.csv
* Sending artifacts to remote destinations
* Running post-build hooks
* Pushing to Git remote
v Post-build completed successfully

⠹ |         13 | restore-integration                                            Restoring raw-data from local test-latest
Version: 0.0.1
[master 2dba0d3] Initial projr commit
 4 files changed, 39 insertions(+), 12 deletions(-)

-- Output Build: Pre-Build Preparation -----------------------------------------
* Checking prerequisites (Git, GitHub, upstream)
* Updating documentation and version information
* Running pre-build hooks
* Committing pre-build changes to Git
[master 1bd4265] Snapshot pre-build
 5 files changed, 22 insertions(+), 4 deletions(-)
 create mode 100644 test.qmd
v Pre-build preparation completed

-- Output Build: Build ---------------------------------------------------------
i Using rendering engine: bookdown
Rendering book in directory '.'


processing file: reportV0.0.0-1.Rmd
1/3                  
2/3 [unnamed-chunk-1]
3/3                  
output file: reportV0.0.0-1.knit.md

/usr/bin/pandoc +RTS -K512m -RTS reportV0.0.0-1.knit.md --to html4 --from markdown+autolink_bare_uris+tex_math_single_backslash --output reportV0.0.0-1.html --lua-filter /home/runner/work/_temp/Library/bookdown/rmarkdown/lua/custom-environment.lua --lua-filter /home/runner/work/_temp/Library/rmarkdown/rmarkdown/lua/pagebreak.lua --lua-filter /home/runner/work/_temp/Library/rmarkdown/rmarkdown/lua/latex-div.lua --lua-filter /home/runner/work/_temp/Library/rmarkdown/rmarkdown/lua/anchor-sections.lua --metadata-file /tmp/RtmpGmYzDU/file23e83487325a --wrap preserve --standalone --section-divs --table-of-contents --toc-depth 6 --template /home/runner/work/_temp/Library/bookdown/templates/gitbook.html --highlight-style pygments --number-sections --css style.css --mathjax --include-in-header /tmp/RtmpGmYzDU/rmarkdown-str23e84ef2ddd1.html 

Output created: _tmp/projr/v0.0.1/docs/index.html
v Document rendering completed

-- Output Build: Post-Build ----------------------------------------------------
* Finalizing build artifacts
Copied bookdown output from _tmp/projr/v0.0.1/docs to docs
* Updating documentation and metadata
* Committing post-build changes to Git
[master f620192] Build v0.0.1: Build project
 4 files changed, 134 insertions(+), 1 deletion(-)
 create mode 100644 BUILDLOG.md
 create mode 100644 CHANGELOG.md
 create mode 100644 manifest.csv
* Sending artifacts to remote destinations
* Running post-build hooks
* Pushing to Git remote
v Post-build completed successfully

⠹ |         23 | restore-integration                                            Restoring raw-data from local test-archive
Version: 0.0.1

-- Output Build: Pre-Build Preparation -----------------------------------------
* Checking prerequisites (Git, GitHub, upstream)
* Updating documentation and version information
* Running pre-build hooks
* Committing pre-build changes to Git
[master ad38e02] Snapshot pre-build
 3 files changed, 5 insertions(+), 2 deletions(-)
v Pre-build preparation completed

-- Output Build: Build ---------------------------------------------------------
i Using rendering engine: bookdown
Rendering book in directory '.'


processing file: reportV0.0.0-1.Rmd
1/3                  
2/3 [unnamed-chunk-1]
3/3                  
output file: reportV0.0.0-1.knit.md

/usr/bin/pandoc +RTS -K512m -RTS reportV0.0.0-1.knit.md --to html4 --from markdown+autolink_bare_uris+tex_math_single_backslash --output reportV0.0.0-1.html --lua-filter /home/runner/work/_temp/Library/bookdown/rmarkdown/lua/custom-environment.lua --lua-filter /home/runner/work/_temp/Library/rmarkdown/rmarkdown/lua/pagebreak.lua --lua-filter /home/runner/work/_temp/Library/rmarkdown/rmarkdown/lua/latex-div.lua --lua-filter /home/runner/work/_temp/Library/rmarkdown/rmarkdown/lua/anchor-sections.lua --metadata-file /tmp/RtmpGmYzDU/file23e82a29d453 --wrap preserve --standalone --section-divs --table-of-contents --toc-depth 6 --template /home/runner/work/_temp/Library/bookdown/templates/gitbook.html --highlight-style pygments --number-sections --css style.css --mathjax --include-in-header /tmp/RtmpGmYzDU/rmarkdown-str23e86ef2c077.html 

Output created: _tmp/projr/v0.1.0/docs/index.html
v Document rendering completed

-- Output Build: Post-Build ----------------------------------------------------
* Finalizing build artifacts
Copied bookdown output from _tmp/projr/v0.1.0/docs to docs
* Updating documentation and metadata
* Committing post-build changes to Git
[master 2867c4b] Build v0.1.0: Build project
 4 files changed, 129 insertions(+), 1 deletion(-)
* Sending artifacts to remote destinations
* Running post-build hooks
* Pushing to Git remote
v Post-build completed successfully

⠦ |         27 | restore-integration                                            [master 3eca261] Initial projr commit
 4 files changed, 39 insertions(+), 12 deletions(-)

-- Output Build: Pre-Build Preparation -----------------------------------------
* Checking prerequisites (Git, GitHub, upstream)
* Updating documentation and version information
* Running pre-build hooks
* Committing pre-build changes to Git
[master 6574ab0] Snapshot pre-build
 6 files changed, 25 insertions(+), 7 deletions(-)
 create mode 100644 test.qmd
v Pre-build preparation completed

-- Output Build: Build ---------------------------------------------------------
i Using rendering engine: bookdown
Rendering book in directory '.'


processing file: reportV0.0.0-1.Rmd
1/3                  
2/3 [unnamed-chunk-1]
3/3                  
output file: reportV0.0.0-1.knit.md

/usr/bin/pandoc +RTS -K512m -RTS reportV0.0.0-1.knit.md --to html4 --from markdown+autolink_bare_uris+tex_math_single_backslash --output reportV0.0.0-1.html --lua-filter /home/runner/work/_temp/Library/bookdown/rmarkdown/lua/custom-environment.lua --lua-filter /home/runner/work/_temp/Library/rmarkdown/rmarkdown/lua/pagebreak.lua --lua-filter /home/runner/work/_temp/Library/rmarkdown/rmarkdown/lua/latex-div.lua --lua-filter /home/runner/work/_temp/Library/rmarkdown/rmarkdown/lua/anchor-sections.lua --metadata-file /tmp/RtmpGmYzDU/file23e8697c3422 --wrap preserve --standalone --section-divs --table-of-contents --toc-depth 6 --template /home/runner/work/_temp/Library/bookdown/templates/gitbook.html --highlight-style pygments --number-sections --css style.css --mathjax --include-in-header /tmp/RtmpGmYzDU/rmarkdown-str23e820802699.html 

Output created: _tmp/projr/v0.0.1/docs/index.html
v Document rendering completed

-- Output Build: Post-Build ----------------------------------------------------
* Finalizing build artifacts
Copied bookdown output from _tmp/projr/v0.0.1/docs to docs
* Updating documentation and metadata
* Committing post-build changes to Git
[master 2870c7d] Build v0.0.1: Build project
 4 files changed, 134 insertions(+), 1 deletion(-)
 create mode 100644 BUILDLOG.md
 create mode 100644 CHANGELOG.md
 create mode 100644 manifest.csv
* Sending artifacts to remote destinations
* Running post-build hooks
* Pushing to Git remote
v Post-build completed successfully

⠇ |         29 | restore-integration                                            Restoring raw-data from local test-latest
Version: 0.0.1

-- Output Build: Pre-Build Preparation -----------------------------------------
* Checking prerequisites (Git, GitHub, upstream)
* Updating documentation and version information
* Running pre-build hooks
* Committing pre-build changes to Git
[master 01dd58c] Snapshot pre-build
 3 files changed, 5 insertions(+), 2 deletions(-)
v Pre-build preparation completed

-- Output Build: Build ---------------------------------------------------------
i Using rendering engine: bookdown
Rendering book in directory '.'


processing file: reportV0.0.0-1.Rmd
1/3                  
2/3 [unnamed-chunk-1]
3/3                  
output file: reportV0.0.0-1.knit.md

/usr/bin/pandoc +RTS -K512m -RTS reportV0.0.0-1.knit.md --to html4 --from markdown+autolink_bare_uris+tex_math_single_backslash --output reportV0.0.0-1.html --lua-filter /home/runner/work/_temp/Library/bookdown/rmarkdown/lua/custom-environment.lua --lua-filter /home/runner/work/_temp/Library/rmarkdown/rmarkdown/lua/pagebreak.lua --lua-filter /home/runner/work/_temp/Library/rmarkdown/rmarkdown/lua/latex-div.lua --lua-filter /home/runner/work/_temp/Library/rmarkdown/rmarkdown/lua/anchor-sections.lua --metadata-file /tmp/RtmpGmYzDU/file23e82d59307d --wrap preserve --standalone --section-divs --table-of-contents --toc-depth 6 --template /home/runner/work/_temp/Library/bookdown/templates/gitbook.html --highlight-style pygments --number-sections --css style.css --mathjax --include-in-header /tmp/RtmpGmYzDU/rmarkdown-str23e85f3cfb09.html 

Output created: _tmp/projr/v0.1.0/docs/index.html
v Document rendering completed

-- Output Build: Post-Build ----------------------------------------------------
* Finalizing build artifacts
Copied bookdown output from _tmp/projr/v0.1.0/docs to docs
* Updating documentation and metadata
* Committing post-build changes to Git
[master c17dbc0] Build v0.1.0: Build project
 4 files changed, 129 insertions(+), 1 deletion(-)
* Sending artifacts to remote destinations
* Running post-build hooks
* Pushing to Git remote
v Post-build completed successfully

⠹ |         33 | restore-integration                                            
✔ |         34 | restore-integration [6.8s]

⠏ |          0 | restore-validation                                             Creating standard artefact directories.
Initialised raw, cache and output directories.
Error restoring label: raw-data - GitHub authentication is required for: accessing GitHub repository information

GITHUB_PAT is needed to create a GitHub repository.

Please set it (in less than two minutes) by doing the following:
1. If you do not have a GitHub account, create one here: https://github.com
2. In R, run usethis::create_github_token()
3. In R, run gitcreds::gitcreds_set()
4. Paste the token from step 1 into the R command line (terminal), and press enter
For more details, see https://happygitwithr.com/https-pat#tldr

Error restoring label: raw-data - GitHub authentication is required for: accessing GitHub repository information

GITHUB_PAT is needed to create a GitHub repository.

Please set it (in less than two minutes) by doing the following:
1. If you do not have a GitHub account, create one here: https://github.com
2. In R, run usethis::create_github_token()
3. In R, run gitcreds::gitcreds_set()
4. Paste the token from step 1 into the R command line (terminal), and press enter
For more details, see https://happygitwithr.com/https-pat#tldr

Creating standard artefact directories.
Initialised raw, cache and output directories.
Error restoring label: raw-data - GitHub authentication is required for: accessing GitHub repository information

GITHUB_PAT is needed to create a GitHub repository.

Please set it (in less than two minutes) by doing the following:
1. If you do not have a GitHub account, create one here: https://github.com
2. In R, run usethis::create_github_token()
3. In R, run gitcreds::gitcreds_set()
4. Paste the token from step 1 into the R command line (terminal), and press enter
For more details, see https://happygitwithr.com/https-pat#tldr


⠦ |          7 | restore-validation                                             No restore source found for label: raw-data
Skipping restore for raw-data
Error restoring label: raw-data - GitHub authentication is required for: accessing GitHub repository information

GITHUB_PAT is needed to create a GitHub repository.

Please set it (in less than two minutes) by doing the following:
1. If you do not have a GitHub account, create one here: https://github.com
2. In R, run usethis::create_github_token()
3. In R, run gitcreds::gitcreds_set()
4. Paste the token from step 1 into the R command line (terminal), and press enter
For more details, see https://happygitwithr.com/https-pat#tldr

Error restoring label: raw-data - GitHub authentication is required for: accessing GitHub repository information

GITHUB_PAT is needed to create a GitHub repository.

Please set it (in less than two minutes) by doing the following:
1. If you do not have a GitHub account, create one here: https://github.com
2. In R, run usethis::create_github_token()
3. In R, run gitcreds::gitcreds_set()
4. Paste the token from step 1 into the R command line (terminal), and press enter
For more details, see https://happygitwithr.com/https-pat#tldr

Creating standard artefact directories.
Initialised raw, cache and output directories.
Error restoring label: raw-data - GitHub authentication is required for: accessing GitHub repository information

GITHUB_PAT is needed to create a GitHub repository.

Please set it (in less than two minutes) by doing the following:
1. If you do not have a GitHub account, create one here: https://github.com
2. In R, run usethis::create_github_token()
3. In R, run gitcreds::gitcreds_set()
4. Paste the token from step 1 into the R command line (terminal), and press enter
For more details, see https://happygitwithr.com/https-pat#tldr

No source found for raw-data
Skipping restore for raw-data
Error restoring label: raw-data - subscript out of bounds

⠦ |         17 | restore-validation                                             No source found for raw-data
Skipping restore for raw-data
Error restoring label: raw-data - subscript out of bounds
No source found for raw-data
Skipping restore for raw-data
Error restoring label: raw-data - subscript out of bounds
Creating standard artefact directories.
Initialised raw, cache and output directories.
Error restoring label: raw-data - GitHub authentication is required for: accessing GitHub repository information

GITHUB_PAT is needed to create a GitHub repository.

Please set it (in less than two minutes) by doing the following:
1. If you do not have a GitHub account, create one here: https://github.com
2. In R, run usethis::create_github_token()
3. In R, run gitcreds::gitcreds_set()
4. Paste the token from step 1 into the R command line (terminal), and press enter
For more details, see https://happygitwithr.com/https-pat#tldr

Error restoring label: raw-data - GitHub authentication is required for: accessing GitHub repository information

GITHUB_PAT is needed to create a GitHub repository.

Please set it (in less than two minutes) by doing the following:
1. If you do not have a GitHub account, create one here: https://github.com
2. In R, run usethis::create_github_token()
3. In R, run gitcreds::gitcreds_set()
4. Paste the token from step 1 into the R command line (terminal), and press enter
For more details, see https://happygitwithr.com/https-pat#tldr


⠧ |         28 | restore-validation                                             Creating standard artefact directories.
Initialised raw, cache and output directories.
Creating standard artefact directories.
Initialised raw, cache and output directories.
No files kept in raw-data
Skipping restore for raw-data
Creating standard artefact directories.
Initialised raw, cache and output directories.
Error restoring label: raw-data - missing value where TRUE/FALSE needed
Cloning into 'repo'...
fatal: could not read Username for 'https://github.com': terminal prompts disabled
Error in projr_restore_repo: No manifest.csv file found, so no builds have occurred, so nothing to restore.

⠸ |         34 | restore-validation                                             Cloning into 'repo'...
fatal: could not read Username for 'https://github.com': terminal prompts disabled
Error in projr_restore_repo: No manifest.csv file found, so no builds have occurred, so nothing to restore.

⠋ |         41 | restore-validation                                             fatal: destination path '.' already exists and is not an empty directory.
Error in projr_restore_repo: No manifest.csv file found, so no builds have occurred, so nothing to restore.
Cloning into 'repo'...
fatal: could not read Username for 'https://github.com': terminal prompts disabled
Error in projr_restore_repo: No manifest.csv file found, so no builds have occurred, so nothing to restore.

⠦ |         47 | restore-validation                                             Cloning into 'repo'...
fatal: could not read Username for 'https://github.com': terminal prompts disabled
Error in projr_restore_repo: No manifest.csv file found, so no builds have occurred, so nothing to restore.
Cloning into 'repo'...
fatal: could not read Username for 'https://github.com': terminal prompts disabled
Error in projr_restore_repo: No manifest.csv file found, so no builds have occurred, so nothing to restore.

⠋ |         51 | restore-validation                                             Cloning into 'repo'...
fatal: could not read Username for 'https://github.com': terminal prompts disabled
Error in projr_restore_repo: No manifest.csv file found, so no builds have occurred, so nothing to restore.
Cloning into 'repo'...
fatal: could not read Username for 'https://github.com': terminal prompts disabled
Error in projr_restore_repo: No manifest.csv file found, so no builds have occurred, so nothing to restore.

⠼ |         55 | restore-validation                                             Cloning into 'repo'...
fatal: could not read Username for 'https://github.com': terminal prompts disabled
Error in projr_restore_repo: No manifest.csv file found, so no builds have occurred, so nothing to restore.
Cloning into 'repo'...
fatal: could not read Username for 'https://github.com': terminal prompts disabled
Error in projr_restore_repo: No manifest.csv file found, so no builds have occurred, so nothing to restore.

⠇ |         59 | restore-validation                                             Cloning into 'repo'...
fatal: could not read Username for 'https://github.com': terminal prompts disabled
Error in projr_restore_repo: No manifest.csv file found, so no builds have occurred, so nothing to restore.
fatal: destination path '.' already exists and is not an empty directory.
Error in projr_restore_repo: No manifest.csv file found, so no builds have occurred, so nothing to restore.

⠸ |         64 | restore-validation                                             Cloning into 'repo'...
fatal: could not read Username for 'https://github.com': terminal prompts disabled

⠴ |         66 | restore-validation                                             
✔ |         68 | restore-validation [1.6s]

⠏ |          0 | script                                                         v Setting active project to
  "/tmp/RtmpGmYzDU/ProjrGitHubTesttest_projr-0.0788238".
v Setting active project to "<no active project>".
v Setting active project to
  "/tmp/RtmpGmYzDU/ProjrGitHubTesttest_projr-1.42256".

⠙ |         12 | script                                                         v Setting active project to "<no active project>".
v Setting active project to "/tmp/RtmpGmYzDU/ProjrGitHubTesttest_projr1.62634".
v Setting active project to "<no active project>".

✔ |         16 | script

⠏ |          0 | scripts                                                        v Setting active project to "/tmp/RtmpGmYzDU/ProjrGitHubTesttest_projr1.21002".
v Setting active project to "<no active project>".
v Setting active project to
  "/tmp/RtmpGmYzDU/ProjrGitHubTesttest_projr0.385754".
v Setting active project to "<no active project>".

⠋ |         21 | scripts                                                        v Setting active project to
  "/tmp/RtmpGmYzDU/ProjrGitHubTesttest_projr-1.49791".
v Setting active project to "<no active project>".
v Setting active project to
  "/tmp/RtmpGmYzDU/ProjrGitHubTesttest_projr-0.048809".
v Setting active project to "<no active project>".
v Setting active project to
  "/tmp/RtmpGmYzDU/ProjrGitHubTesttest_projr0.0837238".

⠸ |         34 | scripts                                                        v Setting active project to "<no active project>".
v Setting active project to
  "/tmp/RtmpGmYzDU/ProjrGitHubTesttest_projr-1.45952".
v Setting active project to "<no active project>".

✔ |         41 | scripts

⠏ |          0 | version-validation                                             
⠧ |         28 | version-validation                                             
⠇ |         49 | version-validation                                             
✔ |         58 | version-validation

⠏ |          0 | version                                                        
⠇ |         19 | version                                                        
⠋ |         31 | version                                                        
✔ |         46 | version

⠏ |          0 | yml-check                                                      Creating standard artefact directories.
Initialised raw, cache and output directories.

⠙ |          2 | yml-check                                                      Creating standard artefact directories.
Initialised raw, cache and output directories.

⠸ |          4 | yml-check                                                      Creating standard artefact directories.
Initialised raw, cache and output directories.

⠴ |          6 | yml-check                                                      Creating standard artefact directories.
Initialised raw, cache and output directories.

⠧ |          8 | yml-check                                                      
⠏ |         10 | yml-check                                                      
⠙ |         12 | yml-check                                                      Creating standard artefact directories.
Initialised raw, cache and output directories.

✔ |         13 | yml-check

⠏ |          0 | yml                                                            v Setting active project to "/tmp/RtmpGmYzDU/ProjrGitHubTesttest_projr1.36583".
v Setting active project to "/tmp/RtmpGmYzDU/ProjrGitHubTesttest_projr1.36583".
Creating standard artefact directories.
Initialised raw, cache and output directories.

⠦ |          7 | yml                                                            v Setting active project to "<no active project>".

✔ |      1   8 | yml

══ Results ═════════════════════════════════════════════════════════════════════
Duration: 186.6 s

── Skipped tests (43) ──────────────────────────────────────────────────────────
• !nzchar(Sys.getenv("GITHUB_PAT")) is TRUE (14): 'test-auth.R:70:3',
  'test-github-remote-comprehensive.R:46:3',
  'test-github-remote-comprehensive.R:94:3',
  'test-github-remote-comprehensive.R:146:3',
  'test-github-remote-comprehensive.R:187:3',
  'test-github-remote-comprehensive.R:276:3',
  'test-github-remote-comprehensive.R:336:3',
  'test-github-remote-comprehensive.R:386:3',
  'test-github-remote-comprehensive.R:426:3',
  'test-github-remote-comprehensive.R:515:3',
  'test-github-remote-comprehensive.R:561:3',
  'test-github-remote-comprehensive.R:617:3',
  'test-github-remote-comprehensive.R:668:3',
  'test-github-remote-comprehensive.R:712:3'
• archive_local requires proper YML configuration or path setup - needs
  investigation (2): 'test-local-remote-comprehensive.R:505:3',
  'test-local-remote-comprehensive.R:532:3'
• empty test (1): 'test-build-post-comprehensive.R:368:1'
• GITHUB_PAT not available (1): 'test-git.R:147:3'
• GITHUB_PAT not available - skipping GitHub remote tests (6):
  'test-remote.R:36:3', 'test-remote.R:96:3', 'test-remote.R:164:3',
  'test-remote.R:284:3', 'test-remote.R:398:3', 'test-remote.R:595:3'
• nzchar(Sys.getenv("GITHUB_PAT")) is not TRUE (1):
  'test-build-change-summary-integration.R:7:3'
• On CI (1): 'test-build.R:210:3'
• OSF tests disabled - to be reviewed (4): 'test-auth.R:84:3',
  'test-auth.R:109:3', 'test-auth.R:156:3', 'test-remote.R:530:3'
• OSF_PAT not available (1): 'test-yml.R:69:3'
• send_cue='never' implementation may need update (1):
  'test-local-remote-comprehensive.R:183:3'
• send_cue='never' implementation needs verification (1):
  'test-github-remote-comprehensive.R:230:3'
• send_inspect='none' may have implementation issues - needs investigation (2):
  'test-github-remote-comprehensive.R:464:3',
  'test-local-remote-comprehensive.R:380:3'
• Set PROJR_TEST_RENV=TRUE to enable renv integration tests (3):
  'test-renv.R:4:3', 'test-renv.R:36:3', 'test-renv.R:67:3'
• Set PROJR_TEST_RENV=TRUE to run renv initialization tests (1):
  'test-init.R:708:3'
• Skipping (1): 'test-build.R:177:3'
• Skipping fetch test - requires remote repository (1): 'test-git.R:579:3'
• Skipping git clone test - requires network and GitHub authentication (1):
  'test-git.R:562:3'
• Test needs rework - .change_get_manifest not designed for project vs project
  comparison (1): 'test-change.R:2:3'

── Failed tests ────────────────────────────────────────────────────────────────
Failure ('test-local-remote-comprehensive.R:86:7'): local remote works with structure='archive'
Expected `file.exists("_archive/raw-data/v0.0.1/file1.txt")` to be TRUE.
Differences:
`actual`:   FALSE
`expected`: TRUE 

Backtrace:
    ▆
 1. ├─usethis::with_project(...) at test-local-remote-comprehensive.R:64:3
 2. │ └─base::force(code)
 3. └─testthat::expect_true(file.exists("_archive/raw-data/v0.0.1/file1.txt")) at test-local-remote-comprehensive.R:86:7

[ FAIL 1 | WARN 0 | SKIP 43 | PASS 1990 ]

No one gets it right on their first try
> 
